23:26:15 **** Build of project nn_embedded_bsp ****
make -k all 
"Running Make include in ps7_cortexa9_0/libsrc/coresightps_dcc_v1_4/src"
make -C ps7_cortexa9_0/libsrc/coresightps_dcc_v1_4/src -s include  "SHELL=CMD" "COMPILER=arm-none-eabi-gcc" "ARCHIVER=arm-none-eabi-ar" "COMPILER_FLAGS=  -O2 -c" "EXTRA_COMPILER_FLAGS=-mcpu=cortex-a9 -mfpu=vfpv3 -mfloat-abi=hard -nostartfiles -Wall -Wextra"
"Running Make include in ps7_cortexa9_0/libsrc/cpu_cortexa9_v2_4/src"
make -C ps7_cortexa9_0/libsrc/cpu_cortexa9_v2_4/src -s include  "SHELL=CMD" "COMPILER=arm-none-eabi-gcc" "ARCHIVER=arm-none-eabi-ar" "COMPILER_FLAGS=  -O2 -c" "EXTRA_COMPILER_FLAGS=-mcpu=cortex-a9 -mfpu=vfpv3 -mfloat-abi=hard -nostartfiles -Wall -Wextra"
"Running Make include in ps7_cortexa9_0/libsrc/ddrps_v1_0/src"
make -C ps7_cortexa9_0/libsrc/ddrps_v1_0/src -s include  "SHELL=CMD" "COMPILER=arm-none-eabi-gcc" "ARCHIVER=arm-none-eabi-ar" "COMPILER_FLAGS=  -O2 -c" "EXTRA_COMPILER_FLAGS=-mcpu=cortex-a9 -mfpu=vfpv3 -mfloat-abi=hard -nostartfiles -Wall -Wextra"
"Running Make include in ps7_cortexa9_0/libsrc/devcfg_v3_4/src"
make -C ps7_cortexa9_0/libsrc/devcfg_v3_4/src -s include  "SHELL=CMD" "COMPILER=arm-none-eabi-gcc" "ARCHIVER=arm-none-eabi-ar" "COMPILER_FLAGS=  -O2 -c" "EXTRA_COMPILER_FLAGS=-mcpu=cortex-a9 -mfpu=vfpv3 -mfloat-abi=hard -nostartfiles -Wall -Wextra"
"Running Make include in ps7_cortexa9_0/libsrc/dmaps_v2_3/src"
make -C ps7_cortexa9_0/libsrc/dmaps_v2_3/src -s include  "SHELL=CMD" "COMPILER=arm-none-eabi-gcc" "ARCHIVER=arm-none-eabi-ar" "COMPILER_FLAGS=  -O2 -c" "EXTRA_COMPILER_FLAGS=-mcpu=cortex-a9 -mfpu=vfpv3 -mfloat-abi=hard -nostartfiles -Wall -Wextra"
"Running Make include in ps7_cortexa9_0/libsrc/emacps_v3_4/src"
make -C ps7_cortexa9_0/libsrc/emacps_v3_4/src -s include  "SHELL=CMD" "COMPILER=arm-none-eabi-gcc" "ARCHIVER=arm-none-eabi-ar" "COMPILER_FLAGS=  -O2 -c" "EXTRA_COMPILER_FLAGS=-mcpu=cortex-a9 -mfpu=vfpv3 -mfloat-abi=hard -nostartfiles -Wall -Wextra"
"Running Make include in ps7_cortexa9_0/libsrc/gpiops_v3_3/src"
make -C ps7_cortexa9_0/libsrc/gpiops_v3_3/src -s include  "SHELL=CMD" "COMPILER=arm-none-eabi-gcc" "ARCHIVER=arm-none-eabi-ar" "COMPILER_FLAGS=  -O2 -c" "EXTRA_COMPILER_FLAGS=-mcpu=cortex-a9 -mfpu=vfpv3 -mfloat-abi=hard -nostartfiles -Wall -Wextra"
"Running Make include in ps7_cortexa9_0/libsrc/NeuralNetwork_v1_0/src"
make -C ps7_cortexa9_0/libsrc/NeuralNetwork_v1_0/src -s include  "SHELL=CMD" "COMPILER=arm-none-eabi-gcc" "ARCHIVER=arm-none-eabi-ar" "COMPILER_FLAGS=  -O2 -c" "EXTRA_COMPILER_FLAGS=-mcpu=cortex-a9 -mfpu=vfpv3 -mfloat-abi=hard -nostartfiles -Wall -Wextra"
"Running Make include in ps7_cortexa9_0/libsrc/qspips_v3_3/src"
make -C ps7_cortexa9_0/libsrc/qspips_v3_3/src -s include  "SHELL=CMD" "COMPILER=arm-none-eabi-gcc" "ARCHIVER=arm-none-eabi-ar" "COMPILER_FLAGS=  -O2 -c" "EXTRA_COMPILER_FLAGS=-mcpu=cortex-a9 -mfpu=vfpv3 -mfloat-abi=hard -nostartfiles -Wall -Wextra"
"Running Make include in ps7_cortexa9_0/libsrc/scugic_v3_7/src"
make -C ps7_cortexa9_0/libsrc/scugic_v3_7/src -s include  "SHELL=CMD" "COMPILER=arm-none-eabi-gcc" "ARCHIVER=arm-none-eabi-ar" "COMPILER_FLAGS=  -O2 -c" "EXTRA_COMPILER_FLAGS=-mcpu=cortex-a9 -mfpu=vfpv3 -mfloat-abi=hard -nostartfiles -Wall -Wextra"
"Running Make include in ps7_cortexa9_0/libsrc/scutimer_v2_1/src"
make -C ps7_cortexa9_0/libsrc/scutimer_v2_1/src -s include  "SHELL=CMD" "COMPILER=arm-none-eabi-gcc" "ARCHIVER=arm-none-eabi-ar" "COMPILER_FLAGS=  -O2 -c" "EXTRA_COMPILER_FLAGS=-mcpu=cortex-a9 -mfpu=vfpv3 -mfloat-abi=hard -nostartfiles -Wall -Wextra"
"Running Make include in ps7_cortexa9_0/libsrc/scuwdt_v2_1/src"
make -C ps7_cortexa9_0/libsrc/scuwdt_v2_1/src -s include  "SHELL=CMD" "COMPILER=arm-none-eabi-gcc" "ARCHIVER=arm-none-eabi-ar" "COMPILER_FLAGS=  -O2 -c" "EXTRA_COMPILER_FLAGS=-mcpu=cortex-a9 -mfpu=vfpv3 -mfloat-abi=hard -nostartfiles -Wall -Wextra"
"Running Make include in ps7_cortexa9_0/libsrc/sdps_v3_2/src"
make -C ps7_cortexa9_0/libsrc/sdps_v3_2/src -s include  "SHELL=CMD" "COMPILER=arm-none-eabi-gcc" "ARCHIVER=arm-none-eabi-ar" "COMPILER_FLAGS=  -O2 -c" "EXTRA_COMPILER_FLAGS=-mcpu=cortex-a9 -mfpu=vfpv3 -mfloat-abi=hard -nostartfiles -Wall -Wextra"
"Running Make include in ps7_cortexa9_0/libsrc/standalone_v6_3/src"
make -C ps7_cortexa9_0/libsrc/standalone_v6_3/src -s include  "SHELL=CMD" "COMPILER=arm-none-eabi-gcc" "ARCHIVER=arm-none-eabi-ar" "COMPILER_FLAGS=  -O2 -c" "EXTRA_COMPILER_FLAGS=-mcpu=cortex-a9 -mfpu=vfpv3 -mfloat-abi=hard -nostartfiles -Wall -Wextra"
"Running Make include in ps7_cortexa9_0/libsrc/ttcps_v3_3/src"
make -C ps7_cortexa9_0/libsrc/ttcps_v3_3/src -s include  "SHELL=CMD" "COMPILER=arm-none-eabi-gcc" "ARCHIVER=arm-none-eabi-ar" "COMPILER_FLAGS=  -O2 -c" "EXTRA_COMPILER_FLAGS=-mcpu=cortex-a9 -mfpu=vfpv3 -mfloat-abi=hard -nostartfiles -Wall -Wextra"
"Running Make include in ps7_cortexa9_0/libsrc/uartps_v3_4/src"
make -C ps7_cortexa9_0/libsrc/uartps_v3_4/src -s include  "SHELL=CMD" "COMPILER=arm-none-eabi-gcc" "ARCHIVER=arm-none-eabi-ar" "COMPILER_FLAGS=  -O2 -c" "EXTRA_COMPILER_FLAGS=-mcpu=cortex-a9 -mfpu=vfpv3 -mfloat-abi=hard -nostartfiles -Wall -Wextra"
"Running Make include in ps7_cortexa9_0/libsrc/usbps_v2_4/src"
make -C ps7_cortexa9_0/libsrc/usbps_v2_4/src -s include  "SHELL=CMD" "COMPILER=arm-none-eabi-gcc" "ARCHIVER=arm-none-eabi-ar" "COMPILER_FLAGS=  -O2 -c" "EXTRA_COMPILER_FLAGS=-mcpu=cortex-a9 -mfpu=vfpv3 -mfloat-abi=hard -nostartfiles -Wall -Wextra"
"Running Make include in ps7_cortexa9_0/libsrc/xadcps_v2_2/src"
make -C ps7_cortexa9_0/libsrc/xadcps_v2_2/src -s include  "SHELL=CMD" "COMPILER=arm-none-eabi-gcc" "ARCHIVER=arm-none-eabi-ar" "COMPILER_FLAGS=  -O2 -c" "EXTRA_COMPILER_FLAGS=-mcpu=cortex-a9 -mfpu=vfpv3 -mfloat-abi=hard -nostartfiles -Wall -Wextra"
"Running Make libs in ps7_cortexa9_0/libsrc/coresightps_dcc_v1_4/src"
make -C ps7_cortexa9_0/libsrc/coresightps_dcc_v1_4/src -s libs  "SHELL=CMD" "COMPILER=arm-none-eabi-gcc" "ARCHIVER=arm-none-eabi-ar" "COMPILER_FLAGS=  -O2 -c" "EXTRA_COMPILER_FLAGS=-mcpu=cortex-a9 -mfpu=vfpv3 -mfloat-abi=hard -nostartfiles -Wall -Wextra"
"Compiling coresightps_dcc"
arm-none-eabi-ar: creating ../../../lib/libxil.a
"Running Make libs in ps7_cortexa9_0/libsrc/cpu_cortexa9_v2_4/src"
make -C ps7_cortexa9_0/libsrc/cpu_cortexa9_v2_4/src -s libs  "SHELL=CMD" "COMPILER=arm-none-eabi-gcc" "ARCHIVER=arm-none-eabi-ar" "COMPILER_FLAGS=  -O2 -c" "EXTRA_COMPILER_FLAGS=-mcpu=cortex-a9 -mfpu=vfpv3 -mfloat-abi=hard -nostartfiles -Wall -Wextra"
"Compiling cpu_cortexa9"
"Running Make libs in ps7_cortexa9_0/libsrc/ddrps_v1_0/src"
make -C ps7_cortexa9_0/libsrc/ddrps_v1_0/src -s libs  "SHELL=CMD" "COMPILER=arm-none-eabi-gcc" "ARCHIVER=arm-none-eabi-ar" "COMPILER_FLAGS=  -O2 -c" "EXTRA_COMPILER_FLAGS=-mcpu=cortex-a9 -mfpu=vfpv3 -mfloat-abi=hard -nostartfiles -Wall -Wextra"
"Compiling ddrps"
"Running Make libs in ps7_cortexa9_0/libsrc/devcfg_v3_4/src"
make -C ps7_cortexa9_0/libsrc/devcfg_v3_4/src -s libs  "SHELL=CMD" "COMPILER=arm-none-eabi-gcc" "ARCHIVER=arm-none-eabi-ar" "COMPILER_FLAGS=  -O2 -c" "EXTRA_COMPILER_FLAGS=-mcpu=cortex-a9 -mfpu=vfpv3 -mfloat-abi=hard -nostartfiles -Wall -Wextra"
"Compiling devcfg"
"Running Make libs in ps7_cortexa9_0/libsrc/dmaps_v2_3/src"
make -C ps7_cortexa9_0/libsrc/dmaps_v2_3/src -s libs  "SHELL=CMD" "COMPILER=arm-none-eabi-gcc" "ARCHIVER=arm-none-eabi-ar" "COMPILER_FLAGS=  -O2 -c" "EXTRA_COMPILER_FLAGS=-mcpu=cortex-a9 -mfpu=vfpv3 -mfloat-abi=hard -nostartfiles -Wall -Wextra"
"Compiling dmaps"
"Running Make libs in ps7_cortexa9_0/libsrc/emacps_v3_4/src"
make -C ps7_cortexa9_0/libsrc/emacps_v3_4/src -s libs  "SHELL=CMD" "COMPILER=arm-none-eabi-gcc" "ARCHIVER=arm-none-eabi-ar" "COMPILER_FLAGS=  -O2 -c" "EXTRA_COMPILER_FLAGS=-mcpu=cortex-a9 -mfpu=vfpv3 -mfloat-abi=hard -nostartfiles -Wall -Wextra"
"Compiling emacps"
"Running Make libs in ps7_cortexa9_0/libsrc/gpiops_v3_3/src"
make -C ps7_cortexa9_0/libsrc/gpiops_v3_3/src -s libs  "SHELL=CMD" "COMPILER=arm-none-eabi-gcc" "ARCHIVER=arm-none-eabi-ar" "COMPILER_FLAGS=  -O2 -c" "EXTRA_COMPILER_FLAGS=-mcpu=cortex-a9 -mfpu=vfpv3 -mfloat-abi=hard -nostartfiles -Wall -Wextra"
"Compiling gpiops"
"Running Make libs in ps7_cortexa9_0/libsrc/NeuralNetwork_v1_0/src"
make -C ps7_cortexa9_0/libsrc/NeuralNetwork_v1_0/src -s libs  "SHELL=CMD" "COMPILER=arm-none-eabi-gcc" "ARCHIVER=arm-none-eabi-ar" "COMPILER_FLAGS=  -O2 -c" "EXTRA_COMPILER_FLAGS=-mcpu=cortex-a9 -mfpu=vfpv3 -mfloat-abi=hard -nostartfiles -Wall -Wextra"
"Compiling NeuralNetwork"
"Running Make libs in ps7_cortexa9_0/libsrc/qspips_v3_3/src"
make -C ps7_cortexa9_0/libsrc/qspips_v3_3/src -s libs  "SHELL=CMD" "COMPILER=arm-none-eabi-gcc" "ARCHIVER=arm-none-eabi-ar" "COMPILER_FLAGS=  -O2 -c" "EXTRA_COMPILER_FLAGS=-mcpu=cortex-a9 -mfpu=vfpv3 -mfloat-abi=hard -nostartfiles -Wall -Wextra"
"Compiling qspips"
"Running Make libs in ps7_cortexa9_0/libsrc/scugic_v3_7/src"
make -C ps7_cortexa9_0/libsrc/scugic_v3_7/src -s libs  "SHELL=CMD" "COMPILER=arm-none-eabi-gcc" "ARCHIVER=arm-none-eabi-ar" "COMPILER_FLAGS=  -O2 -c" "EXTRA_COMPILER_FLAGS=-mcpu=cortex-a9 -mfpu=vfpv3 -mfloat-abi=hard -nostartfiles -Wall -Wextra"
"Compiling scugic"
xscugic_g.c:53:2: warning: missing initializer for field 'HandlerTable' of 'XScuGic_Config {aka struct <anonymous>}' [-Wmissing-field-initializers]
  }
  ^
In file included from xscugic_g.c:41:0:
xscugic.h:218:27: note: 'HandlerTable' declared here
  XScuGic_VectorTableEntry HandlerTable[XSCUGIC_MAX_NUM_INTR_INPUTS];/**<
                           ^~~~~~~~~~~~
"Running Make libs in ps7_cortexa9_0/libsrc/scutimer_v2_1/src"
make -C ps7_cortexa9_0/libsrc/scutimer_v2_1/src -s libs  "SHELL=CMD" "COMPILER=arm-none-eabi-gcc" "ARCHIVER=arm-none-eabi-ar" "COMPILER_FLAGS=  -O2 -c" "EXTRA_COMPILER_FLAGS=-mcpu=cortex-a9 -mfpu=vfpv3 -mfloat-abi=hard -nostartfiles -Wall -Wextra"
"Compiling scutimer"
"Running Make libs in ps7_cortexa9_0/libsrc/scuwdt_v2_1/src"
make -C ps7_cortexa9_0/libsrc/scuwdt_v2_1/src -s libs  "SHELL=CMD" "COMPILER=arm-none-eabi-gcc" "ARCHIVER=arm-none-eabi-ar" "COMPILER_FLAGS=  -O2 -c" "EXTRA_COMPILER_FLAGS=-mcpu=cortex-a9 -mfpu=vfpv3 -mfloat-abi=hard -nostartfiles -Wall -Wextra"
"Compiling scuwdt"
"Running Make libs in ps7_cortexa9_0/libsrc/sdps_v3_2/src"
make -C ps7_cortexa9_0/libsrc/sdps_v3_2/src -s libs  "SHELL=CMD" "COMPILER=arm-none-eabi-gcc" "ARCHIVER=arm-none-eabi-ar" "COMPILER_FLAGS=  -O2 -c" "EXTRA_COMPILER_FLAGS=-mcpu=cortex-a9 -mfpu=vfpv3 -mfloat-abi=hard -nostartfiles -Wall -Wextra"
"Compiling sdps"
"Running Make libs in ps7_cortexa9_0/libsrc/standalone_v6_3/src"
make -C ps7_cortexa9_0/libsrc/standalone_v6_3/src -s libs  "SHELL=CMD" "COMPILER=arm-none-eabi-gcc" "ARCHIVER=arm-none-eabi-ar" "COMPILER_FLAGS=  -O2 -c" "EXTRA_COMPILER_FLAGS=-mcpu=cortex-a9 -mfpu=vfpv3 -mfloat-abi=hard -nostartfiles -Wall -Wextra"
"Compiling standalone"
"Running Make libs in ps7_cortexa9_0/libsrc/ttcps_v3_3/src"
make -C ps7_cortexa9_0/libsrc/ttcps_v3_3/src -s libs  "SHELL=CMD" "COMPILER=arm-none-eabi-gcc" "ARCHIVER=arm-none-eabi-ar" "COMPILER_FLAGS=  -O2 -c" "EXTRA_COMPILER_FLAGS=-mcpu=cortex-a9 -mfpu=vfpv3 -mfloat-abi=hard -nostartfiles -Wall -Wextra"
"Compiling ttcps"
"Running Make libs in ps7_cortexa9_0/libsrc/uartps_v3_4/src"
make -C ps7_cortexa9_0/libsrc/uartps_v3_4/src -s libs  "SHELL=CMD" "COMPILER=arm-none-eabi-gcc" "ARCHIVER=arm-none-eabi-ar" "COMPILER_FLAGS=  -O2 -c" "EXTRA_COMPILER_FLAGS=-mcpu=cortex-a9 -mfpu=vfpv3 -mfloat-abi=hard -nostartfiles -Wall -Wextra"
"Compiling uartps"
"Running Make libs in ps7_cortexa9_0/libsrc/usbps_v2_4/src"
make -C ps7_cortexa9_0/libsrc/usbps_v2_4/src -s libs  "SHELL=CMD" "COMPILER=arm-none-eabi-gcc" "ARCHIVER=arm-none-eabi-ar" "COMPILER_FLAGS=  -O2 -c" "EXTRA_COMPILER_FLAGS=-mcpu=cortex-a9 -mfpu=vfpv3 -mfloat-abi=hard -nostartfiles -Wall -Wextra"
"Compiling usbps"
"Running Make libs in ps7_cortexa9_0/libsrc/xadcps_v2_2/src"
make -C ps7_cortexa9_0/libsrc/xadcps_v2_2/src -s libs  "SHELL=CMD" "COMPILER=arm-none-eabi-gcc" "ARCHIVER=arm-none-eabi-ar" "COMPILER_FLAGS=  -O2 -c" "EXTRA_COMPILER_FLAGS=-mcpu=cortex-a9 -mfpu=vfpv3 -mfloat-abi=hard -nostartfiles -Wall -Wextra"
"Compiling xadcps"
'Finished building libraries'
23:27:07 **** Build of configuration Debug for project nn_embedded ****
make pre-build main-build 
a9-linaro-pre-build-step
' '
'Building file: ../src/main.cc'
'Invoking: ARM v7 g++ compiler'
arm-none-eabi-g++ -Wall -O0 -g3 -c -fmessage-length=0 -MT"src/main.o" -mcpu=cortex-a9 -mfpu=vfpv3 -mfloat-abi=hard -I../../nn_embedded_bsp/ps7_cortexa9_0/include -MMD -MP -MF"src/main.d" -MT"src/main.o" -o "src/main.o" "../src/main.cc"
../src/main.cc: In function 'int main()':
../src/main.cc:19:6: warning: unused variable 'input' [-Wunused-variable]
  int input[80] = { -11, 10, 20, -15, 4, 40, 9, 1, -12, -13, 10, -18, -3, 11, 10, 4, 2, 5, 3, -3, 7, -9, 3, 9, -1, 8, -12, 1, 10, -6, 2, -3, -5, 3, 1, -2, 2, -1, 3, 1, -4, 0, -1, 3, -3, 2, -5, -2, 5, 5, -3, -2, 1, 2, -3, -4, -5, -5, -1, 0, 3, 3, 0, 2, 4, 4, 5, -1, 3, -1, 2, 1, 2, -3, 1, 0, -1, -2, 1, 0};
      ^~~~~
'Finished building: ../src/main.cc'
' '
'Building target: nn_embedded.elf'
'Invoking: ARM v7 g++ linker'
arm-none-eabi-g++ -mcpu=cortex-a9 -mfpu=vfpv3 -mfloat-abi=hard -Wl,-build-id=none -specs=Xilinx.spec -Wl,-T -Wl,../src/lscript.ld -L../../nn_embedded_bsp/ps7_cortexa9_0/lib -o "nn_embedded.elf"  ./src/main.o   -Wl,--start-group,-lxil,-lgcc,-lc,-lstdc++,--end-group
'Finished building target: nn_embedded.elf'
' '
'Invoking: ARM v7 Print Size'
arm-none-eabi-size nn_embedded.elf  |tee "nn_embedded.elf.size"
   text	   data	    bss	    dec	    hex	filename
  40616	   2204	  22640	  65460	   ffb4	nn_embedded.elf
'Finished building: nn_embedded.elf.size'
' '
23:27:10 **** Auto Build of configuration Debug for project nn_embedded ****
make pre-build main-build 
a9-linaro-pre-build-step
' '
make: Ingenting at gøre for 'main-build'.
23:27:16 **** Auto Build of configuration Debug for project nn_embedded ****
make pre-build main-build 
a9-linaro-pre-build-step
' '
'Building file: ../src/main.cc'
'Invoking: ARM v7 g++ compiler'
arm-none-eabi-g++ -Wall -O0 -g3 -c -fmessage-length=0 -MT"src/main.o" -mcpu=cortex-a9 -mfpu=vfpv3 -mfloat-abi=hard -I../../nn_embedded_bsp/ps7_cortexa9_0/include -MMD -MP -MF"src/main.d" -MT"src/main.o" -o "src/main.o" "../src/main.cc"
../src/main.cc: In function 'int main()':
../src/main.cc:21:2: error: 'bitset' is not a member of 'std'
  std::bitset<8> x((char)test[0]);
  ^~~
../src/main.cc:21:32: error: 'x' was not declared in this scope
  std::bitset<8> x((char)test[0]);
                                ^
../src/main.cc:18:6: warning: unused variable 'input' [-Wunused-variable]
  int input[80] = { -11, 10, 20, -15, 4, 40, 9, 1, -12, -13, 10, -18, -3, 11, 10, 4, 2, 5, 3, -3, 7, -9, 3, 9, -1, 8, -12, 1, 10, -6, 2, -3, -5, 3, 1, -2, 2, -1, 3, 1, -4, 0, -1, 3, -3, 2, -5, -2, 5, 5, -3, -2, 1, 2, -3, -4, -5, -5, -1, 0, 3, 3, 0, 2, 4, 4, 5, -1, 3, -1, 2, 1, 2, -3, 1, 0, -1, -2, 1, 0};
      ^~~~~
make: *** [src/main.o] Fejl 1
23:27:21 **** Auto Build of configuration Debug for project nn_embedded ****
make pre-build main-build 
a9-linaro-pre-build-step
' '
'Building file: ../src/main.cc'
'Invoking: ARM v7 g++ compiler'
arm-none-eabi-g++ -Wall -O0 -g3 -c -fmessage-length=0 -MT"src/main.o" -mcpu=cortex-a9 -mfpu=vfpv3 -mfloat-abi=hard -I../../nn_embedded_bsp/ps7_cortexa9_0/include -MMD -MP -MF"src/main.d" -MT"src/main.o" -o "src/main.o" "../src/main.cc"
../src/main.cc: In function 'int main()':
../src/main.cc:18:6: warning: unused variable 'input' [-Wunused-variable]
  int input[80] = { -11, 10, 20, -15, 4, 40, 9, 1, -12, -13, 10, -18, -3, 11, 10, 4, 2, 5, 3, -3, 7, -9, 3, 9, -1, 8, -12, 1, 10, -6, 2, -3, -5, 3, 1, -2, 2, -1, 3, 1, -4, 0, -1, 3, -3, 2, -5, -2, 5, 5, -3, -2, 1, 2, -3, -4, -5, -5, -1, 0, 3, 3, 0, 2, 4, 4, 5, -1, 3, -1, 2, 1, 2, -3, 1, 0, -1, -2, 1, 0};
      ^~~~~
'Finished building: ../src/main.cc'
' '
'Building target: nn_embedded.elf'
'Invoking: ARM v7 g++ linker'
arm-none-eabi-g++ -mcpu=cortex-a9 -mfpu=vfpv3 -mfloat-abi=hard -Wl,-build-id=none -specs=Xilinx.spec -Wl,-T -Wl,../src/lscript.ld -L../../nn_embedded_bsp/ps7_cortexa9_0/lib -o "nn_embedded.elf"  ./src/main.o   -Wl,--start-group,-lxil,-lgcc,-lc,-lstdc++,--end-group
'Finished building target: nn_embedded.elf'
' '
'Invoking: ARM v7 Print Size'
arm-none-eabi-size nn_embedded.elf  |tee "nn_embedded.elf.size"
   text	   data	    bss	    dec	    hex	filename
  40368	   2204	  22648	  65220	   fec4	nn_embedded.elf
'Finished building: nn_embedded.elf.size'
' '
23:28:16 **** Auto Build of configuration Debug for project nn_embedded ****
make pre-build main-build 
a9-linaro-pre-build-step
' '
'Building file: ../src/main.cc'
'Invoking: ARM v7 g++ compiler'
arm-none-eabi-g++ -Wall -O0 -g3 -c -fmessage-length=0 -MT"src/main.o" -mcpu=cortex-a9 -mfpu=vfpv3 -mfloat-abi=hard -I../../nn_embedded_bsp/ps7_cortexa9_0/include -MMD -MP -MF"src/main.d" -MT"src/main.o" -o "src/main.o" "../src/main.cc"
../src/main.cc: In function 'int main()':
../src/main.cc:45:70: error: cannot convert 'int*' to 'char*' for argument '3' to 'u32 XNeuralnetwork_Write_biasWeight_input_r_Bytes(XNeuralnetwork*, int, char*, int)'
  XNeuralnetwork_Write_biasWeight_input_r_Bytes(&nn, 0, (int*)test, 10);
                                                                      ^
../src/main.cc:18:6: warning: unused variable 'input' [-Wunused-variable]
  int input[80] = { -11, 10, 20, -15, 4, 40, 9, 1, -12, -13, 10, -18, -3, 11, 10, 4, 2, 5, 3, -3, 7, -9, 3, 9, -1, 8, -12, 1, 10, -6, 2, -3, -5, 3, 1, -2, 2, -1, 3, 1, -4, 0, -1, 3, -3, 2, -5, -2, 5, 5, -3, -2, 1, 2, -3, -4, -5, -5, -1, 0, 3, 3, 0, 2, 4, 4, 5, -1, 3, -1, 2, 1, 2, -3, 1, 0, -1, -2, 1, 0};
      ^~~~~
make: *** [src/main.o] Fejl 1
23:28:21 **** Auto Build of configuration Debug for project nn_embedded ****
make pre-build main-build 
a9-linaro-pre-build-step
' '
'Building file: ../src/main.cc'
'Invoking: ARM v7 g++ compiler'
arm-none-eabi-g++ -Wall -O0 -g3 -c -fmessage-length=0 -MT"src/main.o" -mcpu=cortex-a9 -mfpu=vfpv3 -mfloat-abi=hard -I../../nn_embedded_bsp/ps7_cortexa9_0/include -MMD -MP -MF"src/main.d" -MT"src/main.o" -o "src/main.o" "../src/main.cc"
../src/main.cc: In function 'int main()':
../src/main.cc:18:6: warning: unused variable 'input' [-Wunused-variable]
  int input[80] = { -11, 10, 20, -15, 4, 40, 9, 1, -12, -13, 10, -18, -3, 11, 10, 4, 2, 5, 3, -3, 7, -9, 3, 9, -1, 8, -12, 1, 10, -6, 2, -3, -5, 3, 1, -2, 2, -1, 3, 1, -4, 0, -1, 3, -3, 2, -5, -2, 5, 5, -3, -2, 1, 2, -3, -4, -5, -5, -1, 0, 3, 3, 0, 2, 4, 4, 5, -1, 3, -1, 2, 1, 2, -3, 1, 0, -1, -2, 1, 0};
      ^~~~~
'Finished building: ../src/main.cc'
' '
'Building target: nn_embedded.elf'
'Invoking: ARM v7 g++ linker'
arm-none-eabi-g++ -mcpu=cortex-a9 -mfpu=vfpv3 -mfloat-abi=hard -Wl,-build-id=none -specs=Xilinx.spec -Wl,-T -Wl,../src/lscript.ld -L../../nn_embedded_bsp/ps7_cortexa9_0/lib -o "nn_embedded.elf"  ./src/main.o   -Wl,--start-group,-lxil,-lgcc,-lc,-lstdc++,--end-group
'Finished building target: nn_embedded.elf'
' '
'Invoking: ARM v7 Print Size'
arm-none-eabi-size nn_embedded.elf  |tee "nn_embedded.elf.size"
   text	   data	    bss	    dec	    hex	filename
  40368	   2204	  22648	  65220	   fec4	nn_embedded.elf
'Finished building: nn_embedded.elf.size'
' '
23:29:04 **** Incremental Build of configuration Debug for project nn_embedded ****
make pre-build main-build 
a9-linaro-pre-build-step
' '
make: Ingenting at gøre for 'main-build'.
23:30:06 **** Auto Build of configuration Debug for project nn_embedded ****
make pre-build main-build 
a9-linaro-pre-build-step
' '
'Building file: ../src/main.cc'
'Invoking: ARM v7 g++ compiler'
arm-none-eabi-g++ -Wall -O0 -g3 -c -fmessage-length=0 -MT"src/main.o" -mcpu=cortex-a9 -mfpu=vfpv3 -mfloat-abi=hard -I../../nn_embedded_bsp/ps7_cortexa9_0/include -MMD -MP -MF"src/main.d" -MT"src/main.o" -o "src/main.o" "../src/main.cc"
../src/main.cc: In function 'int main()':
../src/main.cc:18:6: warning: unused variable 'input' [-Wunused-variable]
  int input[80] = { -11, 10, 20, -15, 4, 40, 9, 1, -12, -13, 10, -18, -3, 11, 10, 4, 2, 5, 3, -3, 7, -9, 3, 9, -1, 8, -12, 1, 10, -6, 2, -3, -5, 3, 1, -2, 2, -1, 3, 1, -4, 0, -1, 3, -3, 2, -5, -2, 5, 5, -3, -2, 1, 2, -3, -4, -5, -5, -1, 0, 3, 3, 0, 2, 4, 4, 5, -1, 3, -1, 2, 1, 2, -3, 1, 0, -1, -2, 1, 0};
      ^~~~~
'Finished building: ../src/main.cc'
' '
'Building target: nn_embedded.elf'
'Invoking: ARM v7 g++ linker'
arm-none-eabi-g++ -mcpu=cortex-a9 -mfpu=vfpv3 -mfloat-abi=hard -Wl,-build-id=none -specs=Xilinx.spec -Wl,-T -Wl,../src/lscript.ld -L../../nn_embedded_bsp/ps7_cortexa9_0/lib -o "nn_embedded.elf"  ./src/main.o   -Wl,--start-group,-lxil,-lgcc,-lc,-lstdc++,--end-group
'Finished building target: nn_embedded.elf'
' '
'Invoking: ARM v7 Print Size'
arm-none-eabi-size nn_embedded.elf  |tee "nn_embedded.elf.size"
   text	   data	    bss	    dec	    hex	filename
  40368	   2204	  22648	  65220	   fec4	nn_embedded.elf
'Finished building: nn_embedded.elf.size'
' '
23:30:11 **** Incremental Build of configuration Debug for project nn_embedded ****
make pre-build main-build 
a9-linaro-pre-build-step
' '
make: Ingenting at gøre for 'main-build'.
23:30:53 **** Auto Build of configuration Debug for project nn_embedded ****
make pre-build main-build 
a9-linaro-pre-build-step
' '
'Building file: ../src/main.cc'
'Invoking: ARM v7 g++ compiler'
arm-none-eabi-g++ -Wall -O0 -g3 -c -fmessage-length=0 -MT"src/main.o" -mcpu=cortex-a9 -mfpu=vfpv3 -mfloat-abi=hard -I../../nn_embedded_bsp/ps7_cortexa9_0/include -MMD -MP -MF"src/main.d" -MT"src/main.o" -o "src/main.o" "../src/main.cc"
../src/main.cc: In function 'int main()':
../src/main.cc:18:6: warning: unused variable 'input' [-Wunused-variable]
  int input[80] = { -11, 10, 20, -15, 4, 40, 9, 1, -12, -13, 10, -18, -3, 11, 10, 4, 2, 5, 3, -3, 7, -9, 3, 9, -1, 8, -12, 1, 10, -6, 2, -3, -5, 3, 1, -2, 2, -1, 3, 1, -4, 0, -1, 3, -3, 2, -5, -2, 5, 5, -3, -2, 1, 2, -3, -4, -5, -5, -1, 0, 3, 3, 0, 2, 4, 4, 5, -1, 3, -1, 2, 1, 2, -3, 1, 0, -1, -2, 1, 0};
      ^~~~~
../src/main.cc:19:7: warning: unused variable 'test' [-Wunused-variable]
  char test[10] = {1, 2, 3, 4, 1, 6, 7, 8, 9, 1};
       ^~~~
'Finished building: ../src/main.cc'
' '
'Building target: nn_embedded.elf'
'Invoking: ARM v7 g++ linker'
arm-none-eabi-g++ -mcpu=cortex-a9 -mfpu=vfpv3 -mfloat-abi=hard -Wl,-build-id=none -specs=Xilinx.spec -Wl,-T -Wl,../src/lscript.ld -L../../nn_embedded_bsp/ps7_cortexa9_0/lib -o "nn_embedded.elf"  ./src/main.o   -Wl,--start-group,-lxil,-lgcc,-lc,-lstdc++,--end-group
'Finished building target: nn_embedded.elf'
' '
'Invoking: ARM v7 Print Size'
arm-none-eabi-size nn_embedded.elf  |tee "nn_embedded.elf.size"
   text	   data	    bss	    dec	    hex	filename
  40176	   2204	  22648	  65028	   fe04	nn_embedded.elf
'Finished building: nn_embedded.elf.size'
' '
23:31:05 **** Incremental Build of configuration Debug for project nn_embedded ****
make pre-build main-build 
a9-linaro-pre-build-step
' '
make: Ingenting at gøre for 'main-build'.
23:32:20 **** Auto Build of configuration Debug for project nn_embedded ****
make pre-build main-build 
a9-linaro-pre-build-step
' '
'Building file: ../src/main.cc'
'Invoking: ARM v7 g++ compiler'
arm-none-eabi-g++ -Wall -O0 -g3 -c -fmessage-length=0 -MT"src/main.o" -mcpu=cortex-a9 -mfpu=vfpv3 -mfloat-abi=hard -I../../nn_embedded_bsp/ps7_cortexa9_0/include -MMD -MP -MF"src/main.d" -MT"src/main.o" -o "src/main.o" "../src/main.cc"
../src/main.cc: In function 'int main()':
../src/main.cc:19:7: warning: unused variable 'test' [-Wunused-variable]
  char test[10] = {1, 2, 3, 4, 1, 6, 7, 8, 9, 1};
       ^~~~
'Finished building: ../src/main.cc'
' '
'Building target: nn_embedded.elf'
'Invoking: ARM v7 g++ linker'
arm-none-eabi-g++ -mcpu=cortex-a9 -mfpu=vfpv3 -mfloat-abi=hard -Wl,-build-id=none -specs=Xilinx.spec -Wl,-T -Wl,../src/lscript.ld -L../../nn_embedded_bsp/ps7_cortexa9_0/lib -o "nn_embedded.elf"  ./src/main.o   -Wl,--start-group,-lxil,-lgcc,-lc,-lstdc++,--end-group
'Finished building target: nn_embedded.elf'
' '
'Invoking: ARM v7 Print Size'
arm-none-eabi-size nn_embedded.elf  |tee "nn_embedded.elf.size"
   text	   data	    bss	    dec	    hex	filename
  40368	   2204	  22648	  65220	   fec4	nn_embedded.elf
'Finished building: nn_embedded.elf.size'
' '
23:32:35 **** Incremental Build of configuration Debug for project nn_embedded ****
make pre-build main-build 
a9-linaro-pre-build-step
' '
make: Ingenting at gøre for 'main-build'.
23:34:49 **** Auto Build of configuration Debug for project nn_embedded ****
make pre-build main-build 
a9-linaro-pre-build-step
' '
'Building file: ../src/main.cc'
'Invoking: ARM v7 g++ compiler'
arm-none-eabi-g++ -Wall -O0 -g3 -c -fmessage-length=0 -MT"src/main.o" -mcpu=cortex-a9 -mfpu=vfpv3 -mfloat-abi=hard -I../../nn_embedded_bsp/ps7_cortexa9_0/include -MMD -MP -MF"src/main.d" -MT"src/main.o" -o "src/main.o" "../src/main.cc"
../src/main.cc: In function 'int main()':
../src/main.cc:19:6: warning: unused variable 'input1' [-Wunused-variable]
  int input1[80] = {8, 34, 232, 16, 21, 12, 253, 1, 13, 18, 4, 240, 250, 16, 249, 246, 251, 249, 254, 246, 12, 7, 249, 10, 6, 1, 253, 5, 6, 8, 248, 11, 2, 255, 249, 6, 249, 252, 253, 1, 0, 0, 252, 252, 0, 253, 3, 0, 3, 251, 1, 253, 251, 254, 251, 255, 1, 3, 8, 6, 0, 250, 2, 4, 255, 0, 6, 254, 1, 1, 255, 2, 255, 254, 1, 255, 255, 0, 255, 3};
      ^~~~~~
../src/main.cc:20:7: warning: unused variable 'test' [-Wunused-variable]
  char test[10] = {1, 2, 3, 4, 1, 6, 7, 8, 9, 1};
       ^~~~
'Finished building: ../src/main.cc'
' '
'Building target: nn_embedded.elf'
'Invoking: ARM v7 g++ linker'
arm-none-eabi-g++ -mcpu=cortex-a9 -mfpu=vfpv3 -mfloat-abi=hard -Wl,-build-id=none -specs=Xilinx.spec -Wl,-T -Wl,../src/lscript.ld -L../../nn_embedded_bsp/ps7_cortexa9_0/lib -o "nn_embedded.elf"  ./src/main.o   -Wl,--start-group,-lxil,-lgcc,-lc,-lstdc++,--end-group
'Finished building target: nn_embedded.elf'
' '
'Invoking: ARM v7 Print Size'
arm-none-eabi-size nn_embedded.elf  |tee "nn_embedded.elf.size"
   text	   data	    bss	    dec	    hex	filename
  40752	   2204	  22648	  65604	  10044	nn_embedded.elf
'Finished building: nn_embedded.elf.size'
' '
23:35:00 **** Auto Build of configuration Debug for project nn_embedded ****
make pre-build main-build 
a9-linaro-pre-build-step
' '
'Building file: ../src/main.cc'
'Invoking: ARM v7 g++ compiler'
arm-none-eabi-g++ -Wall -O0 -g3 -c -fmessage-length=0 -MT"src/main.o" -mcpu=cortex-a9 -mfpu=vfpv3 -mfloat-abi=hard -I../../nn_embedded_bsp/ps7_cortexa9_0/include -MMD -MP -MF"src/main.d" -MT"src/main.o" -o "src/main.o" "../src/main.cc"
../src/main.cc: In function 'int main()':
../src/main.cc:19:7: warning: unused variable 'input1' [-Wunused-variable]
  char input1[80] = {8, 34, 232, 16, 21, 12, 253, 1, 13, 18, 4, 240, 250, 16, 249, 246, 251, 249, 254, 246, 12, 7, 249, 10, 6, 1, 253, 5, 6, 8, 248, 11, 2, 255, 249, 6, 249, 252, 253, 1, 0, 0, 252, 252, 0, 253, 3, 0, 3, 251, 1, 253, 251, 254, 251, 255, 1, 3, 8, 6, 0, 250, 2, 4, 255, 0, 6, 254, 1, 1, 255, 2, 255, 254, 1, 255, 255, 0, 255, 3};
       ^~~~~~
../src/main.cc:20:7: warning: unused variable 'test' [-Wunused-variable]
  char test[10] = {1, 2, 3, 4, 1, 6, 7, 8, 9, 1};
       ^~~~
'Finished building: ../src/main.cc'
' '
'Building target: nn_embedded.elf'
'Invoking: ARM v7 g++ linker'
arm-none-eabi-g++ -mcpu=cortex-a9 -mfpu=vfpv3 -mfloat-abi=hard -Wl,-build-id=none -specs=Xilinx.spec -Wl,-T -Wl,../src/lscript.ld -L../../nn_embedded_bsp/ps7_cortexa9_0/lib -o "nn_embedded.elf"  ./src/main.o   -Wl,--start-group,-lxil,-lgcc,-lc,-lstdc++,--end-group
'Finished building target: nn_embedded.elf'
' '
'Invoking: ARM v7 Print Size'
arm-none-eabi-size nn_embedded.elf  |tee "nn_embedded.elf.size"
   text	   data	    bss	    dec	    hex	filename
  40512	   2204	  22648	  65364	   ff54	nn_embedded.elf
'Finished building: nn_embedded.elf.size'
' '
23:35:12 **** Auto Build of configuration Debug for project nn_embedded ****
make pre-build main-build 
a9-linaro-pre-build-step
' '
'Building file: ../src/main.cc'
'Invoking: ARM v7 g++ compiler'
arm-none-eabi-g++ -Wall -O0 -g3 -c -fmessage-length=0 -MT"src/main.o" -mcpu=cortex-a9 -mfpu=vfpv3 -mfloat-abi=hard -I../../nn_embedded_bsp/ps7_cortexa9_0/include -MMD -MP -MF"src/main.d" -MT"src/main.o" -o "src/main.o" "../src/main.cc"
../src/main.cc: In function 'int main()':
../src/main.cc:18:6: warning: unused variable 'input' [-Wunused-variable]
  int input[80] = { -11, 10, 20, -15, 4, 40, 9, 1, -12, -13, 10, -18, -3, 11, 10, 4, 2, 5, 3, -3, 7, -9, 3, 9, -1, 8, -12, 1, 10, -6, 2, -3, -5, 3, 1, -2, 2, -1, 3, 1, -4, 0, -1, 3, -3, 2, -5, -2, 5, 5, -3, -2, 1, 2, -3, -4, -5, -5, -1, 0, 3, 3, 0, 2, 4, 4, 5, -1, 3, -1, 2, 1, 2, -3, 1, 0, -1, -2, 1, 0};
      ^~~~~
../src/main.cc:20:7: warning: unused variable 'test' [-Wunused-variable]
  char test[10] = {1, 2, 3, 4, 1, 6, 7, 8, 9, 1};
       ^~~~
'Finished building: ../src/main.cc'
' '
'Building target: nn_embedded.elf'
'Invoking: ARM v7 g++ linker'
arm-none-eabi-g++ -mcpu=cortex-a9 -mfpu=vfpv3 -mfloat-abi=hard -Wl,-build-id=none -specs=Xilinx.spec -Wl,-T -Wl,../src/lscript.ld -L../../nn_embedded_bsp/ps7_cortexa9_0/lib -o "nn_embedded.elf"  ./src/main.o   -Wl,--start-group,-lxil,-lgcc,-lc,-lstdc++,--end-group
'Finished building target: nn_embedded.elf'
' '
'Invoking: ARM v7 Print Size'
arm-none-eabi-size nn_embedded.elf  |tee "nn_embedded.elf.size"
   text	   data	    bss	    dec	    hex	filename
  40512	   2204	  22648	  65364	   ff54	nn_embedded.elf
'Finished building: nn_embedded.elf.size'
' '
23:35:47 **** Auto Build of configuration Debug for project nn_embedded ****
make pre-build main-build 
a9-linaro-pre-build-step
' '
'Building file: ../src/main.cc'
'Invoking: ARM v7 g++ compiler'
arm-none-eabi-g++ -Wall -O0 -g3 -c -fmessage-length=0 -MT"src/main.o" -mcpu=cortex-a9 -mfpu=vfpv3 -mfloat-abi=hard -I../../nn_embedded_bsp/ps7_cortexa9_0/include -MMD -MP -MF"src/main.d" -MT"src/main.o" -o "src/main.o" "../src/main.cc"
../src/main.cc: In function 'int main()':
../src/main.cc:20:7: warning: unused variable 'test' [-Wunused-variable]
  char test[10] = {1, 2, 3, 4, 1, 6, 7, 8, 9, 1};
       ^~~~
'Finished building: ../src/main.cc'
' '
'Building target: nn_embedded.elf'
'Invoking: ARM v7 g++ linker'
arm-none-eabi-g++ -mcpu=cortex-a9 -mfpu=vfpv3 -mfloat-abi=hard -Wl,-build-id=none -specs=Xilinx.spec -Wl,-T -Wl,../src/lscript.ld -L../../nn_embedded_bsp/ps7_cortexa9_0/lib -o "nn_embedded.elf"  ./src/main.o   -Wl,--start-group,-lxil,-lgcc,-lc,-lstdc++,--end-group
'Finished building target: nn_embedded.elf'
' '
'Invoking: ARM v7 Print Size'
arm-none-eabi-size nn_embedded.elf  |tee "nn_embedded.elf.size"
   text	   data	    bss	    dec	    hex	filename
  40704	   2204	  22648	  65556	  10014	nn_embedded.elf
'Finished building: nn_embedded.elf.size'
' '
23:35:52 **** Incremental Build of configuration Debug for project nn_embedded ****
make pre-build main-build 
a9-linaro-pre-build-step
' '
make: Ingenting at gøre for 'main-build'.
23:36:56 **** Auto Build of configuration Debug for project nn_embedded ****
make pre-build main-build 
a9-linaro-pre-build-step
' '
'Building file: ../src/main.cc'
'Invoking: ARM v7 g++ compiler'
arm-none-eabi-g++ -Wall -O0 -g3 -c -fmessage-length=0 -MT"src/main.o" -mcpu=cortex-a9 -mfpu=vfpv3 -mfloat-abi=hard -I../../nn_embedded_bsp/ps7_cortexa9_0/include -MMD -MP -MF"src/main.d" -MT"src/main.o" -o "src/main.o" "../src/main.cc"
../src/main.cc: In function 'int main()':
../src/main.cc:20:7: warning: unused variable 'test' [-Wunused-variable]
  char test[10] = {1, 2, 3, 4, 1, 6, 7, 8, 9, 1};
       ^~~~
'Finished building: ../src/main.cc'
' '
'Building target: nn_embedded.elf'
'Invoking: ARM v7 g++ linker'
arm-none-eabi-g++ -mcpu=cortex-a9 -mfpu=vfpv3 -mfloat-abi=hard -Wl,-build-id=none -specs=Xilinx.spec -Wl,-T -Wl,../src/lscript.ld -L../../nn_embedded_bsp/ps7_cortexa9_0/lib -o "nn_embedded.elf"  ./src/main.o   -Wl,--start-group,-lxil,-lgcc,-lc,-lstdc++,--end-group
'Finished building target: nn_embedded.elf'
' '
'Invoking: ARM v7 Print Size'
arm-none-eabi-size nn_embedded.elf  |tee "nn_embedded.elf.size"
   text	   data	    bss	    dec	    hex	filename
  40944	   2204	  22648	  65796	  10104	nn_embedded.elf
'Finished building: nn_embedded.elf.size'
' '
23:37:08 **** Incremental Build of configuration Debug for project nn_embedded ****
make pre-build main-build 
a9-linaro-pre-build-step
' '
make: Ingenting at gøre for 'main-build'.
08:39:21 **** Incremental Build of configuration Debug for project nn_embedded ****
make pre-build main-build 
a9-linaro-pre-build-step
' '
make: Ingenting at gøre for 'main-build'.
08:45:16 **** Incremental Build of configuration Debug for project nn_embedded ****
make pre-build main-build 
a9-linaro-pre-build-step
' '
make: Ingenting at gøre for 'main-build'.
08:48:12 **** Auto Build of configuration Debug for project nn_embedded ****
make pre-build main-build 
a9-linaro-pre-build-step
' '
'Building file: ../src/main.cc'
'Invoking: ARM v7 g++ compiler'
arm-none-eabi-g++ -Wall -O0 -g3 -c -fmessage-length=0 -MT"src/main.o" -mcpu=cortex-a9 -mfpu=vfpv3 -mfloat-abi=hard -I../../nn_embedded_bsp/ps7_cortexa9_0/include -MMD -MP -MF"src/main.d" -MT"src/main.o" -o "src/main.o" "../src/main.cc"
../src/main.cc: In function 'int main()':
../src/main.cc:20:7: warning: unused variable 'test' [-Wunused-variable]
  char test[10] = {1, 2, 3, 4, 1, 6, 7, 8, 9, 1};
       ^~~~
'Finished building: ../src/main.cc'
' '
'Building target: nn_embedded.elf'
'Invoking: ARM v7 g++ linker'
arm-none-eabi-g++ -mcpu=cortex-a9 -mfpu=vfpv3 -mfloat-abi=hard -Wl,-build-id=none -specs=Xilinx.spec -Wl,-T -Wl,../src/lscript.ld -L../../nn_embedded_bsp/ps7_cortexa9_0/lib -o "nn_embedded.elf"  ./src/main.o   -Wl,--start-group,-lxil,-lgcc,-lc,-lstdc++,--end-group
'Finished building target: nn_embedded.elf'
' '
'Invoking: ARM v7 Print Size'
arm-none-eabi-size nn_embedded.elf  |tee "nn_embedded.elf.size"
   text	   data	    bss	    dec	    hex	filename
  40944	   2204	  22648	  65796	  10104	nn_embedded.elf
'Finished building: nn_embedded.elf.size'
' '
08:48:17 **** Incremental Build of configuration Debug for project nn_embedded ****
make pre-build main-build 
a9-linaro-pre-build-step
' '
make: Ingenting at gøre for 'main-build'.
08:54:28 **** Auto Build of configuration Debug for project nn_embedded ****
make pre-build main-build 
a9-linaro-pre-build-step
' '
'Building file: ../src/main.cc'
'Invoking: ARM v7 g++ compiler'
arm-none-eabi-g++ -Wall -O0 -g3 -c -fmessage-length=0 -MT"src/main.o" -mcpu=cortex-a9 -mfpu=vfpv3 -mfloat-abi=hard -I../../nn_embedded_bsp/ps7_cortexa9_0/include -MMD -MP -MF"src/main.d" -MT"src/main.o" -o "src/main.o" "../src/main.cc"
../src/main.cc: In function 'int main()':
../src/main.cc:20:7: warning: unused variable 'test' [-Wunused-variable]
  char test[10] = {1, 2, 3, 4, 1, 6, 7, 8, 9, 1};
       ^~~~
'Finished building: ../src/main.cc'
' '
'Building target: nn_embedded.elf'
'Invoking: ARM v7 g++ linker'
arm-none-eabi-g++ -mcpu=cortex-a9 -mfpu=vfpv3 -mfloat-abi=hard -Wl,-build-id=none -specs=Xilinx.spec -Wl,-T -Wl,../src/lscript.ld -L../../nn_embedded_bsp/ps7_cortexa9_0/lib -o "nn_embedded.elf"  ./src/main.o   -Wl,--start-group,-lxil,-lgcc,-lc,-lstdc++,--end-group
'Finished building target: nn_embedded.elf'
' '
'Invoking: ARM v7 Print Size'
arm-none-eabi-size nn_embedded.elf  |tee "nn_embedded.elf.size"
   text	   data	    bss	    dec	    hex	filename
  40944	   2204	  22648	  65796	  10104	nn_embedded.elf
'Finished building: nn_embedded.elf.size'
' '
08:54:44 **** Incremental Build of configuration Debug for project nn_embedded ****
make pre-build main-build 
a9-linaro-pre-build-step
' '
make: Ingenting at gøre for 'main-build'.
08:55:16 **** Incremental Build of configuration Debug for project nn_embedded ****
make pre-build main-build 
a9-linaro-pre-build-step
' '
make: Ingenting at gøre for 'main-build'.
09:03:38 **** Auto Build of configuration Debug for project nn_embedded ****
make pre-build main-build 
a9-linaro-pre-build-step
' '
'Building file: ../src/main.cc'
'Invoking: ARM v7 g++ compiler'
arm-none-eabi-g++ -Wall -O0 -g3 -c -fmessage-length=0 -MT"src/main.o" -mcpu=cortex-a9 -mfpu=vfpv3 -mfloat-abi=hard -I../../nn_embedded_bsp/ps7_cortexa9_0/include -MMD -MP -MF"src/main.d" -MT"src/main.o" -o "src/main.o" "../src/main.cc"
../src/main.cc:4:19: error: 'numOfBias' was not declared in this scope
 static char bias_[numOfBias] = {
                   ^~~~~~~~~
../src/main.cc:8:22: error: 'numOfWeights' was not declared in this scope
 static char weights_[numOfWeights] = {
                      ^~~~~~~~~~~~
../src/main.cc: In function 'int main()':
../src/main.cc:26:7: warning: unused variable 'test' [-Wunused-variable]
  char test[10] = {1, 2, 3, 4, 1, 6, 7, 8, 9, 1};
       ^~~~
make: *** [src/main.o] Fejl 1
09:04:06 **** Auto Build of configuration Debug for project nn_embedded ****
make pre-build main-build 
a9-linaro-pre-build-step
' '
'Building file: ../src/NeuralNetwork.c'
'Invoking: ARM v7 g++ compiler'
arm-none-eabi-g++ -Wall -O0 -g3 -c -fmessage-length=0 -MT"src/NeuralNetwork.o" -mcpu=cortex-a9 -mfpu=vfpv3 -mfloat-abi=hard -I../../nn_embedded_bsp/ps7_cortexa9_0/include -MMD -MP -MF"src/NeuralNetwork.d" -MT"src/NeuralNetwork.o" -o "src/NeuralNetwork.o" "../src/NeuralNetwork.c"
'Finished building: ../src/NeuralNetwork.c'
' '
'Building file: ../src/main.cc'
'Invoking: ARM v7 g++ compiler'
arm-none-eabi-g++ -Wall -O0 -g3 -c -fmessage-length=0 -MT"src/main.o" -mcpu=cortex-a9 -mfpu=vfpv3 -mfloat-abi=hard -I../../nn_embedded_bsp/ps7_cortexa9_0/include -MMD -MP -MF"src/main.d" -MT"src/main.o" -o "src/main.o" "../src/main.cc"
../src/main.cc:4:19: error: 'numOfBias' was not declared in this scope
 static char bias_[numOfBias] = {
                   ^~~~~~~~~
../src/main.cc:8:22: error: 'numOfWeights' was not declared in this scope
 static char weights_[numOfWeights] = {
                      ^~~~~~~~~~~~
../src/main.cc: In function 'int main()':
../src/main.cc:26:7: warning: unused variable 'test' [-Wunused-variable]
  char test[10] = {1, 2, 3, 4, 1, 6, 7, 8, 9, 1};
       ^~~~
make: *** [src/main.o] Fejl 1
09:05:17 **** Auto Build of configuration Debug for project nn_embedded ****
make pre-build main-build 
a9-linaro-pre-build-step
' '
'Building file: ../src/NeuralNetwork.c'
'Invoking: ARM v7 g++ compiler'
arm-none-eabi-g++ -Wall -O0 -g3 -c -fmessage-length=0 -MT"src/NeuralNetwork.o" -mcpu=cortex-a9 -mfpu=vfpv3 -mfloat-abi=hard -I../../nn_embedded_bsp/ps7_cortexa9_0/include -MMD -MP -MF"src/NeuralNetwork.d" -MT"src/NeuralNetwork.o" -o "src/NeuralNetwork.o" "../src/NeuralNetwork.c"
../src/NeuralNetwork.c: In function 'char setBais(char*)':
../src/NeuralNetwork.c:10:33: error: 'nn' was not declared in this scope
  while(!XNeuralnetwork_IsReady(&nn))
                                 ^~
../src/NeuralNetwork.c:10:35: error: 'XNeuralnetwork_IsReady' was not declared in this scope
  while(!XNeuralnetwork_IsReady(&nn))
                                   ^
../src/NeuralNetwork.c:13:32: error: 'nn' was not declared in this scope
  XNeuralnetwork_Set_setBais_r(&nn, 1);
                                ^~
../src/NeuralNetwork.c:13:37: error: 'XNeuralnetwork_Set_setBais_r' was not declared in this scope
  XNeuralnetwork_Set_setBais_r(&nn, 1);
                                     ^
../src/NeuralNetwork.c:14:39: error: 'XNeuralnetwork_Set_setWeight_r' was not declared in this scope
  XNeuralnetwork_Set_setWeight_r(&nn, 0);
                                       ^
../src/NeuralNetwork.c:15:35: error: 'XNeuralnetwork_Set_runNN_r' was not declared in this scope
  XNeuralnetwork_Set_runNN_r(&nn, 0);
                                   ^
../src/NeuralNetwork.c:16:64: error: 'XNeuralnetwork_Write_biasWeight_input_r_Bytes' was not declared in this scope
  XNeuralnetwork_Write_biasWeight_input_r_Bytes(&nn, 0, bias, 50);
                                                                ^
../src/NeuralNetwork.c:17:26: error: 'XNeuralnetwork_Start' was not declared in this scope
  XNeuralnetwork_Start(&nn);
                          ^
../src/NeuralNetwork.c:18:35: error: 'XNeuralnetwork_IsReady' was not declared in this scope
  while(!XNeuralnetwork_IsReady(&nn))
                                   ^
../src/NeuralNetwork.c:20:1: warning: no return statement in function returning non-void [-Wreturn-type]
 }
 ^
../src/NeuralNetwork.c: In function 'char setWeights(char*)':
../src/NeuralNetwork.c:23:33: error: 'nn' was not declared in this scope
  while(!XNeuralnetwork_IsReady(&nn))
                                 ^~
../src/NeuralNetwork.c:23:35: error: 'XNeuralnetwork_IsReady' was not declared in this scope
  while(!XNeuralnetwork_IsReady(&nn))
                                   ^
../src/NeuralNetwork.c:26:32: error: 'nn' was not declared in this scope
  XNeuralnetwork_Set_setBais_r(&nn, 1);
                                ^~
../src/NeuralNetwork.c:26:37: error: 'XNeuralnetwork_Set_setBais_r' was not declared in this scope
  XNeuralnetwork_Set_setBais_r(&nn, 1);
                                     ^
../src/NeuralNetwork.c:27:39: error: 'XNeuralnetwork_Set_setWeight_r' was not declared in this scope
  XNeuralnetwork_Set_setWeight_r(&nn, 0);
                                       ^
../src/NeuralNetwork.c:28:35: error: 'XNeuralnetwork_Set_runNN_r' was not declared in this scope
  XNeuralnetwork_Set_runNN_r(&nn, 0);
                                   ^
../src/NeuralNetwork.c:29:67: error: 'XNeuralnetwork_Write_biasWeight_input_r_Bytes' was not declared in this scope
  XNeuralnetwork_Write_biasWeight_input_r_Bytes(&nn, 0, weights, 50);
                                                                   ^
../src/NeuralNetwork.c:30:26: error: 'XNeuralnetwork_Start' was not declared in this scope
  XNeuralnetwork_Start(&nn);
                          ^
../src/NeuralNetwork.c:31:35: error: 'XNeuralnetwork_IsReady' was not declared in this scope
  while(!XNeuralnetwork_IsReady(&nn))
                                   ^
../src/NeuralNetwork.c:33:1: warning: no return statement in function returning non-void [-Wreturn-type]
 }
 ^
make: *** [src/NeuralNetwork.o] Fejl 1
09:05:22 **** Auto Build of configuration Debug for project nn_embedded ****
make pre-build main-build 
a9-linaro-pre-build-step
' '
'Building file: ../src/NeuralNetwork.c'
'Invoking: ARM v7 g++ compiler'
arm-none-eabi-g++ -Wall -O0 -g3 -c -fmessage-length=0 -MT"src/NeuralNetwork.o" -mcpu=cortex-a9 -mfpu=vfpv3 -mfloat-abi=hard -I../../nn_embedded_bsp/ps7_cortexa9_0/include -MMD -MP -MF"src/NeuralNetwork.d" -MT"src/NeuralNetwork.o" -o "src/NeuralNetwork.o" "../src/NeuralNetwork.c"
../src/NeuralNetwork.c: In function 'char setBais(char*)':
../src/NeuralNetwork.c:10:33: error: 'nn' was not declared in this scope
  while(!XNeuralnetwork_IsReady(&nn))
                                 ^~
../src/NeuralNetwork.c:10:35: error: 'XNeuralnetwork_IsReady' was not declared in this scope
  while(!XNeuralnetwork_IsReady(&nn))
                                   ^
../src/NeuralNetwork.c:13:32: error: 'nn' was not declared in this scope
  XNeuralnetwork_Set_setBais_r(&nn, 1);
                                ^~
../src/NeuralNetwork.c:13:37: error: 'XNeuralnetwork_Set_setBais_r' was not declared in this scope
  XNeuralnetwork_Set_setBais_r(&nn, 1);
                                     ^
../src/NeuralNetwork.c:14:39: error: 'XNeuralnetwork_Set_setWeight_r' was not declared in this scope
  XNeuralnetwork_Set_setWeight_r(&nn, 0);
                                       ^
../src/NeuralNetwork.c:15:35: error: 'XNeuralnetwork_Set_runNN_r' was not declared in this scope
  XNeuralnetwork_Set_runNN_r(&nn, 0);
                                   ^
../src/NeuralNetwork.c:16:64: error: 'XNeuralnetwork_Write_biasWeight_input_r_Bytes' was not declared in this scope
  XNeuralnetwork_Write_biasWeight_input_r_Bytes(&nn, 0, bias, 50);
                                                                ^
../src/NeuralNetwork.c:17:26: error: 'XNeuralnetwork_Start' was not declared in this scope
  XNeuralnetwork_Start(&nn);
                          ^
../src/NeuralNetwork.c:18:35: error: 'XNeuralnetwork_IsReady' was not declared in this scope
  while(!XNeuralnetwork_IsReady(&nn))
                                   ^
../src/NeuralNetwork.c:20:1: warning: no return statement in function returning non-void [-Wreturn-type]
 }
 ^
../src/NeuralNetwork.c: In function 'char setWeights(char*)':
../src/NeuralNetwork.c:23:33: error: 'nn' was not declared in this scope
  while(!XNeuralnetwork_IsReady(&nn))
                                 ^~
../src/NeuralNetwork.c:23:35: error: 'XNeuralnetwork_IsReady' was not declared in this scope
  while(!XNeuralnetwork_IsReady(&nn))
                                   ^
../src/NeuralNetwork.c:26:32: error: 'nn' was not declared in this scope
  XNeuralnetwork_Set_setBais_r(&nn, 0);
                                ^~
../src/NeuralNetwork.c:26:37: error: 'XNeuralnetwork_Set_setBais_r' was not declared in this scope
  XNeuralnetwork_Set_setBais_r(&nn, 0);
                                     ^
../src/NeuralNetwork.c:27:39: error: 'XNeuralnetwork_Set_setWeight_r' was not declared in this scope
  XNeuralnetwork_Set_setWeight_r(&nn, 1);
                                       ^
../src/NeuralNetwork.c:28:35: error: 'XNeuralnetwork_Set_runNN_r' was not declared in this scope
  XNeuralnetwork_Set_runNN_r(&nn, 0);
                                   ^
../src/NeuralNetwork.c:29:67: error: 'XNeuralnetwork_Write_biasWeight_input_r_Bytes' was not declared in this scope
  XNeuralnetwork_Write_biasWeight_input_r_Bytes(&nn, 0, weights, 50);
                                                                   ^
../src/NeuralNetwork.c:30:26: error: 'XNeuralnetwork_Start' was not declared in this scope
  XNeuralnetwork_Start(&nn);
                          ^
../src/NeuralNetwork.c:31:35: error: 'XNeuralnetwork_IsReady' was not declared in this scope
  while(!XNeuralnetwork_IsReady(&nn))
                                   ^
../src/NeuralNetwork.c:33:1: warning: no return statement in function returning non-void [-Wreturn-type]
 }
 ^
make: *** [src/NeuralNetwork.o] Fejl 1
09:05:30 **** Auto Build of configuration Debug for project nn_embedded ****
make pre-build main-build 
a9-linaro-pre-build-step
' '
'Building file: ../src/NeuralNetwork.c'
'Invoking: ARM v7 g++ compiler'
arm-none-eabi-g++ -Wall -O0 -g3 -c -fmessage-length=0 -MT"src/NeuralNetwork.o" -mcpu=cortex-a9 -mfpu=vfpv3 -mfloat-abi=hard -I../../nn_embedded_bsp/ps7_cortexa9_0/include -MMD -MP -MF"src/NeuralNetwork.d" -MT"src/NeuralNetwork.o" -o "src/NeuralNetwork.o" "../src/NeuralNetwork.c"
../src/NeuralNetwork.c: In function 'char setBais(char*)':
../src/NeuralNetwork.c:11:33: error: 'nn' was not declared in this scope
  while(!XNeuralnetwork_IsReady(&nn))
                                 ^~
../src/NeuralNetwork.c:14:32: error: 'nn' was not declared in this scope
  XNeuralnetwork_Set_setBais_r(&nn, 1);
                                ^~
../src/NeuralNetwork.c:21:1: warning: no return statement in function returning non-void [-Wreturn-type]
 }
 ^
../src/NeuralNetwork.c: In function 'char setWeights(char*)':
../src/NeuralNetwork.c:24:33: error: 'nn' was not declared in this scope
  while(!XNeuralnetwork_IsReady(&nn))
                                 ^~
../src/NeuralNetwork.c:27:32: error: 'nn' was not declared in this scope
  XNeuralnetwork_Set_setBais_r(&nn, 0);
                                ^~
../src/NeuralNetwork.c:34:1: warning: no return statement in function returning non-void [-Wreturn-type]
 }
 ^
make: *** [src/NeuralNetwork.o] Fejl 1
09:06:02 **** Auto Build of configuration Debug for project nn_embedded ****
make pre-build main-build 
a9-linaro-pre-build-step
' '
'Building file: ../src/NeuralNetwork.c'
'Invoking: ARM v7 g++ compiler'
arm-none-eabi-g++ -Wall -O0 -g3 -c -fmessage-length=0 -MT"src/NeuralNetwork.o" -mcpu=cortex-a9 -mfpu=vfpv3 -mfloat-abi=hard -I../../nn_embedded_bsp/ps7_cortexa9_0/include -MMD -MP -MF"src/NeuralNetwork.d" -MT"src/NeuralNetwork.o" -o "src/NeuralNetwork.o" "../src/NeuralNetwork.c"
../src/NeuralNetwork.c: In function 'char setBais(char*)':
../src/NeuralNetwork.c:27:1: warning: no return statement in function returning non-void [-Wreturn-type]
 }
 ^
../src/NeuralNetwork.c: In function 'char setWeights(char*)':
../src/NeuralNetwork.c:40:1: warning: no return statement in function returning non-void [-Wreturn-type]
 }
 ^
'Finished building: ../src/NeuralNetwork.c'
' '
'Building file: ../src/main.cc'
'Invoking: ARM v7 g++ compiler'
arm-none-eabi-g++ -Wall -O0 -g3 -c -fmessage-length=0 -MT"src/main.o" -mcpu=cortex-a9 -mfpu=vfpv3 -mfloat-abi=hard -I../../nn_embedded_bsp/ps7_cortexa9_0/include -MMD -MP -MF"src/main.d" -MT"src/main.o" -o "src/main.o" "../src/main.cc"
../src/main.cc:4:19: error: 'numOfBias' was not declared in this scope
 static char bias_[numOfBias] = {
                   ^~~~~~~~~
../src/main.cc:8:22: error: 'numOfWeights' was not declared in this scope
 static char weights_[numOfWeights] = {
                      ^~~~~~~~~~~~
../src/main.cc: In function 'int main()':
../src/main.cc:26:7: warning: unused variable 'test' [-Wunused-variable]
  char test[10] = {1, 2, 3, 4, 1, 6, 7, 8, 9, 1};
       ^~~~
make: *** [src/main.o] Fejl 1
09:07:16 **** Auto Build of configuration Debug for project nn_embedded ****
make pre-build main-build 
a9-linaro-pre-build-step
' '
'Building file: ../src/NeuralNetwork.c'
'Invoking: ARM v7 g++ compiler'
arm-none-eabi-g++ -Wall -O0 -g3 -c -fmessage-length=0 -MT"src/NeuralNetwork.o" -mcpu=cortex-a9 -mfpu=vfpv3 -mfloat-abi=hard -I../../nn_embedded_bsp/ps7_cortexa9_0/include -MMD -MP -MF"src/NeuralNetwork.d" -MT"src/NeuralNetwork.o" -o "src/NeuralNetwork.o" "../src/NeuralNetwork.c"
../src/NeuralNetwork.c: In function 'char setBais(char*)':
../src/NeuralNetwork.c:28:1: warning: no return statement in function returning non-void [-Wreturn-type]
 }
 ^
../src/NeuralNetwork.c: In function 'char setWeights(char*)':
../src/NeuralNetwork.c:42:1: warning: no return statement in function returning non-void [-Wreturn-type]
 }
 ^
../src/NeuralNetwork.c: In function 'char runNN(char*)':
../src/NeuralNetwork.c:56:1: warning: no return statement in function returning non-void [-Wreturn-type]
 }
 ^
'Finished building: ../src/NeuralNetwork.c'
' '
'Building file: ../src/main.cc'
'Invoking: ARM v7 g++ compiler'
arm-none-eabi-g++ -Wall -O0 -g3 -c -fmessage-length=0 -MT"src/main.o" -mcpu=cortex-a9 -mfpu=vfpv3 -mfloat-abi=hard -I../../nn_embedded_bsp/ps7_cortexa9_0/include -MMD -MP -MF"src/main.d" -MT"src/main.o" -o "src/main.o" "../src/main.cc"
../src/main.cc:4:19: error: 'numOfBias' was not declared in this scope
 static char bias_[numOfBias] = {
                   ^~~~~~~~~
../src/main.cc:8:22: error: 'numOfWeights' was not declared in this scope
 static char weights_[numOfWeights] = {
                      ^~~~~~~~~~~~
../src/main.cc: In function 'int main()':
../src/main.cc:26:7: warning: unused variable 'test' [-Wunused-variable]
  char test[10] = {1, 2, 3, 4, 1, 6, 7, 8, 9, 1};
       ^~~~
make: *** [src/main.o] Fejl 1
09:07:41 **** Auto Build of configuration Debug for project nn_embedded ****
make pre-build main-build 
a9-linaro-pre-build-step
' '
'Building file: ../src/NeuralNetwork.c'
'Invoking: ARM v7 g++ compiler'
arm-none-eabi-g++ -Wall -O0 -g3 -c -fmessage-length=0 -MT"src/NeuralNetwork.o" -mcpu=cortex-a9 -mfpu=vfpv3 -mfloat-abi=hard -I../../nn_embedded_bsp/ps7_cortexa9_0/include -MMD -MP -MF"src/NeuralNetwork.d" -MT"src/NeuralNetwork.o" -o "src/NeuralNetwork.o" "../src/NeuralNetwork.c"
'Finished building: ../src/NeuralNetwork.c'
' '
'Building file: ../src/main.cc'
'Invoking: ARM v7 g++ compiler'
arm-none-eabi-g++ -Wall -O0 -g3 -c -fmessage-length=0 -MT"src/main.o" -mcpu=cortex-a9 -mfpu=vfpv3 -mfloat-abi=hard -I../../nn_embedded_bsp/ps7_cortexa9_0/include -MMD -MP -MF"src/main.d" -MT"src/main.o" -o "src/main.o" "../src/main.cc"
../src/main.cc:4:19: error: 'numOfBias' was not declared in this scope
 static char bias_[numOfBias] = {
                   ^~~~~~~~~
../src/main.cc:8:22: error: 'numOfWeights' was not declared in this scope
 static char weights_[numOfWeights] = {
                      ^~~~~~~~~~~~
../src/main.cc: In function 'int main()':
../src/main.cc:26:7: warning: unused variable 'test' [-Wunused-variable]
  char test[10] = {1, 2, 3, 4, 1, 6, 7, 8, 9, 1};
       ^~~~
make: *** [src/main.o] Fejl 1
09:08:04 **** Auto Build of configuration Debug for project nn_embedded ****
make pre-build main-build 
a9-linaro-pre-build-step
' '
'Building file: ../src/main.cc'
'Invoking: ARM v7 g++ compiler'
arm-none-eabi-g++ -Wall -O0 -g3 -c -fmessage-length=0 -MT"src/main.o" -mcpu=cortex-a9 -mfpu=vfpv3 -mfloat-abi=hard -I../../nn_embedded_bsp/ps7_cortexa9_0/include -MMD -MP -MF"src/main.d" -MT"src/main.o" -o "src/main.o" "../src/main.cc"
../src/main.cc:4:19: error: 'numOfBias' was not declared in this scope
 static char bias_[numOfBias] = {
                   ^~~~~~~~~
../src/main.cc:8:22: error: 'numOfWeights' was not declared in this scope
 static char weights_[numOfWeights] = {
                      ^~~~~~~~~~~~
../src/main.cc: In function 'int main()':
../src/main.cc:26:7: warning: unused variable 'test' [-Wunused-variable]
  char test[10] = {1, 2, 3, 4, 1, 6, 7, 8, 9, 1};
       ^~~~
make: *** [src/main.o] Fejl 1
09:09:37 **** Auto Build of configuration Debug for project nn_embedded ****
make pre-build main-build 
a9-linaro-pre-build-step
' '
'Building file: ../src/main.cc'
'Invoking: ARM v7 g++ compiler'
arm-none-eabi-g++ -Wall -O0 -g3 -c -fmessage-length=0 -MT"src/main.o" -mcpu=cortex-a9 -mfpu=vfpv3 -mfloat-abi=hard -I../../nn_embedded_bsp/ps7_cortexa9_0/include -MMD -MP -MF"src/main.d" -MT"src/main.o" -o "src/main.o" "../src/main.cc"
../src/main.cc:4:19: error: 'numOfBias' was not declared in this scope
 static char bias_[numOfBias] = {
                   ^~~~~~~~~
../src/main.cc:8:22: error: 'numOfWeights' was not declared in this scope
 static char weights_[numOfWeights] = {
                      ^~~~~~~~~~~~
../src/main.cc: In function 'int main()':
../src/main.cc:26:7: warning: unused variable 'test' [-Wunused-variable]
  char test[10] = {1, 2, 3, 4, 1, 6, 7, 8, 9, 1};
       ^~~~
make: *** [src/main.o] Fejl 1
09:09:46 **** Clean-only build of configuration Debug for project nn_embedded ****
make clean 
rm -rf  ./src/main.d  ./src/NeuralNetwork.o ./src/main.o  ./src/NeuralNetwork.d  nn_embedded.elf.size  nn_embedded.elf
' '
09:09:46 **** Auto Build of configuration Debug for project nn_embedded ****
make pre-build main-build 
a9-linaro-pre-build-step
' '
'Building file: ../src/NeuralNetwork.c'
'Invoking: ARM v7 g++ compiler'
arm-none-eabi-g++ -Wall -O0 -g3 -c -fmessage-length=0 -MT"src/NeuralNetwork.o" -mcpu=cortex-a9 -mfpu=vfpv3 -mfloat-abi=hard -I../../nn_embedded_bsp/ps7_cortexa9_0/include -MMD -MP -MF"src/NeuralNetwork.d" -MT"src/NeuralNetwork.o" -o "src/NeuralNetwork.o" "../src/NeuralNetwork.c"
'Finished building: ../src/NeuralNetwork.c'
' '
'Building file: ../src/main.cc'
'Invoking: ARM v7 g++ compiler'
arm-none-eabi-g++ -Wall -O0 -g3 -c -fmessage-length=0 -MT"src/main.o" -mcpu=cortex-a9 -mfpu=vfpv3 -mfloat-abi=hard -I../../nn_embedded_bsp/ps7_cortexa9_0/include -MMD -MP -MF"src/main.d" -MT"src/main.o" -o "src/main.o" "../src/main.cc"
../src/main.cc:4:19: error: 'numOfBias' was not declared in this scope
 static char bias_[numOfBias] = {
                   ^~~~~~~~~
../src/main.cc:8:22: error: 'numOfWeights' was not declared in this scope
 static char weights_[numOfWeights] = {
                      ^~~~~~~~~~~~
../src/main.cc: In function 'int main()':
../src/main.cc:26:7: warning: unused variable 'test' [-Wunused-variable]
  char test[10] = {1, 2, 3, 4, 1, 6, 7, 8, 9, 1};
       ^~~~
make: *** [src/main.o] Fejl 1
09:09:52 **** Clean-only build of configuration Debug for project nn_embedded ****
make clean 
rm -rf  ./src/main.d  ./src/NeuralNetwork.o ./src/main.o  ./src/NeuralNetwork.d  nn_embedded.elf.size  nn_embedded.elf
' '
09:09:53 **** Auto Build of configuration Debug for project nn_embedded ****
make pre-build main-build 
a9-linaro-pre-build-step
' '
'Building file: ../src/NeuralNetwork.cpp'
'Invoking: ARM v7 g++ compiler'
arm-none-eabi-g++ -Wall -O0 -g3 -c -fmessage-length=0 -MT"src/NeuralNetwork.o" -mcpu=cortex-a9 -mfpu=vfpv3 -mfloat-abi=hard -I../../nn_embedded_bsp/ps7_cortexa9_0/include -MMD -MP -MF"src/NeuralNetwork.d" -MT"src/NeuralNetwork.o" -o "src/NeuralNetwork.o" "../src/NeuralNetwork.cpp"
'Finished building: ../src/NeuralNetwork.cpp'
' '
'Building file: ../src/main.cc'
'Invoking: ARM v7 g++ compiler'
arm-none-eabi-g++ -Wall -O0 -g3 -c -fmessage-length=0 -MT"src/main.o" -mcpu=cortex-a9 -mfpu=vfpv3 -mfloat-abi=hard -I../../nn_embedded_bsp/ps7_cortexa9_0/include -MMD -MP -MF"src/main.d" -MT"src/main.o" -o "src/main.o" "../src/main.cc"
../src/main.cc:4:19: error: 'numOfBias' was not declared in this scope
 static char bias_[numOfBias] = {
                   ^~~~~~~~~
../src/main.cc:8:22: error: 'numOfWeights' was not declared in this scope
 static char weights_[numOfWeights] = {
                      ^~~~~~~~~~~~
../src/main.cc: In function 'int main()':
../src/main.cc:26:7: warning: unused variable 'test' [-Wunused-variable]
  char test[10] = {1, 2, 3, 4, 1, 6, 7, 8, 9, 1};
       ^~~~
make: *** [src/main.o] Fejl 1
09:10:51 **** Auto Build of configuration Debug for project nn_embedded ****
make pre-build main-build 
a9-linaro-pre-build-step
' '
'Building file: ../src/NeuralNetwork.cpp'
'Invoking: ARM v7 g++ compiler'
arm-none-eabi-g++ -Wall -O0 -g3 -c -fmessage-length=0 -MT"src/NeuralNetwork.o" -mcpu=cortex-a9 -mfpu=vfpv3 -mfloat-abi=hard -I../../nn_embedded_bsp/ps7_cortexa9_0/include -MMD -MP -MF"src/NeuralNetwork.d" -MT"src/NeuralNetwork.o" -o "src/NeuralNetwork.o" "../src/NeuralNetwork.cpp"
In file included from ../src/NeuralNetwork.cpp:9:0:
../src/NeuralNetwork.hpp:14:16: error: ISO C++ forbids declaration of 'neuralnetwork' with no type [-fpermissive]
  neuralnetwork();
                ^
../src/NeuralNetwork.hpp:15:16: error: expected class-name before '(' token
  ~neuralnetwork();
                ^
make: *** [src/NeuralNetwork.o] Fejl 1
09:11:18 **** Auto Build of configuration Debug for project nn_embedded ****
make pre-build main-build 
a9-linaro-pre-build-step
' '
'Building file: ../src/NeuralNetwork.cpp'
'Invoking: ARM v7 g++ compiler'
arm-none-eabi-g++ -Wall -O0 -g3 -c -fmessage-length=0 -MT"src/NeuralNetwork.o" -mcpu=cortex-a9 -mfpu=vfpv3 -mfloat-abi=hard -I../../nn_embedded_bsp/ps7_cortexa9_0/include -MMD -MP -MF"src/NeuralNetwork.d" -MT"src/NeuralNetwork.o" -o "src/NeuralNetwork.o" "../src/NeuralNetwork.cpp"
In file included from ../src/NeuralNetwork.cpp:9:0:
../src/NeuralNetwork.hpp:14:16: error: ISO C++ forbids declaration of 'neuralnetwork' with no type [-fpermissive]
  neuralnetwork();
                ^
../src/NeuralNetwork.hpp:15:16: error: expected class-name before '(' token
  ~neuralnetwork();
                ^
../src/NeuralNetwork.cpp:11:35: error: return type specification for constructor invalid
 void NeuralNetwork::NeuralNetwork(){
                                   ^
../src/NeuralNetwork.cpp:11:35: error: definition of implicitly-declared 'constexpr NeuralNetwork::NeuralNetwork()'
../src/NeuralNetwork.cpp:15:19: error: expected initializer before ':' token
 void NeuralNetwork:~NeuralNetwork(){
                   ^
make: *** [src/NeuralNetwork.o] Fejl 1
09:11:41 **** Auto Build of configuration Debug for project nn_embedded ****
make pre-build main-build 
a9-linaro-pre-build-step
' '
'Building file: ../src/NeuralNetwork.cpp'
'Invoking: ARM v7 g++ compiler'
arm-none-eabi-g++ -Wall -O0 -g3 -c -fmessage-length=0 -MT"src/NeuralNetwork.o" -mcpu=cortex-a9 -mfpu=vfpv3 -mfloat-abi=hard -I../../nn_embedded_bsp/ps7_cortexa9_0/include -MMD -MP -MF"src/NeuralNetwork.d" -MT"src/NeuralNetwork.o" -o "src/NeuralNetwork.o" "../src/NeuralNetwork.cpp"
../src/NeuralNetwork.cpp:11:35: error: return type specification for constructor invalid
 void NeuralNetwork::NeuralNetwork(){
                                   ^
../src/NeuralNetwork.cpp:15:19: error: expected initializer before ':' token
 void NeuralNetwork:~NeuralNetwork(){
                   ^
make: *** [src/NeuralNetwork.o] Fejl 1
09:12:21 **** Auto Build of configuration Debug for project nn_embedded ****
make pre-build main-build 
a9-linaro-pre-build-step
' '
'Building file: ../src/NeuralNetwork.cpp'
'Invoking: ARM v7 g++ compiler'
arm-none-eabi-g++ -Wall -O0 -g3 -c -fmessage-length=0 -MT"src/NeuralNetwork.o" -mcpu=cortex-a9 -mfpu=vfpv3 -mfloat-abi=hard -I../../nn_embedded_bsp/ps7_cortexa9_0/include -MMD -MP -MF"src/NeuralNetwork.d" -MT"src/NeuralNetwork.o" -o "src/NeuralNetwork.o" "../src/NeuralNetwork.cpp"
../src/NeuralNetwork.cpp:5:35: error: return type specification for constructor invalid
 void NeuralNetwork::NeuralNetwork(){
                                   ^
../src/NeuralNetwork.cpp:9:19: error: expected initializer before ':' token
 void NeuralNetwork:~NeuralNetwork(){}
                   ^
make: *** [src/NeuralNetwork.o] Fejl 1
09:12:33 **** Auto Build of configuration Debug for project nn_embedded ****
make pre-build main-build 
a9-linaro-pre-build-step
' '
'Building file: ../src/NeuralNetwork.cpp'
'Invoking: ARM v7 g++ compiler'
arm-none-eabi-g++ -Wall -O0 -g3 -c -fmessage-length=0 -MT"src/NeuralNetwork.o" -mcpu=cortex-a9 -mfpu=vfpv3 -mfloat-abi=hard -I../../nn_embedded_bsp/ps7_cortexa9_0/include -MMD -MP -MF"src/NeuralNetwork.d" -MT"src/NeuralNetwork.o" -o "src/NeuralNetwork.o" "../src/NeuralNetwork.cpp"
../src/NeuralNetwork.cpp:9:14: error: expected unqualified-id before ':' token
 NeuralNetwork:~NeuralNetwork(){}
              ^
make: *** [src/NeuralNetwork.o] Fejl 1
09:12:44 **** Auto Build of configuration Debug for project nn_embedded ****
make pre-build main-build 
a9-linaro-pre-build-step
' '
'Building file: ../src/NeuralNetwork.cpp'
'Invoking: ARM v7 g++ compiler'
arm-none-eabi-g++ -Wall -O0 -g3 -c -fmessage-length=0 -MT"src/NeuralNetwork.o" -mcpu=cortex-a9 -mfpu=vfpv3 -mfloat-abi=hard -I../../nn_embedded_bsp/ps7_cortexa9_0/include -MMD -MP -MF"src/NeuralNetwork.d" -MT"src/NeuralNetwork.o" -o "src/NeuralNetwork.o" "../src/NeuralNetwork.cpp"
'Finished building: ../src/NeuralNetwork.cpp'
' '
'Building file: ../src/main.cc'
'Invoking: ARM v7 g++ compiler'
arm-none-eabi-g++ -Wall -O0 -g3 -c -fmessage-length=0 -MT"src/main.o" -mcpu=cortex-a9 -mfpu=vfpv3 -mfloat-abi=hard -I../../nn_embedded_bsp/ps7_cortexa9_0/include -MMD -MP -MF"src/main.d" -MT"src/main.o" -o "src/main.o" "../src/main.cc"
../src/main.cc:4:19: error: 'numOfBias' was not declared in this scope
 static char bias_[numOfBias] = {
                   ^~~~~~~~~
../src/main.cc:8:22: error: 'numOfWeights' was not declared in this scope
 static char weights_[numOfWeights] = {
                      ^~~~~~~~~~~~
../src/main.cc: In function 'int main()':
../src/main.cc:26:7: warning: unused variable 'test' [-Wunused-variable]
  char test[10] = {1, 2, 3, 4, 1, 6, 7, 8, 9, 1};
       ^~~~
make: *** [src/main.o] Fejl 1
09:13:15 **** Auto Build of configuration Debug for project nn_embedded ****
make pre-build main-build 
a9-linaro-pre-build-step
' '
'Building file: ../src/main.cc'
'Invoking: ARM v7 g++ compiler'
arm-none-eabi-g++ -Wall -O0 -g3 -c -fmessage-length=0 -MT"src/main.o" -mcpu=cortex-a9 -mfpu=vfpv3 -mfloat-abi=hard -I../../nn_embedded_bsp/ps7_cortexa9_0/include -MMD -MP -MF"src/main.d" -MT"src/main.o" -o "src/main.o" "../src/main.cc"
In file included from ../src/main.cc:2:0:
../src/NeuralNetwork.hpp:14:9: error: 'XNeuralnetwork' does not name a type
  static XNeuralnetwork nn;
         ^~~~~~~~~~~~~~
../src/main.cc:3:19: error: 'numOfBias' was not declared in this scope
 static char bias_[numOfBias] = {
                   ^~~~~~~~~
../src/main.cc:7:22: error: 'numOfWeights' was not declared in this scope
 static char weights_[numOfWeights] = {
                      ^~~~~~~~~~~~
../src/main.cc:11:1: error: 'uint8_t' does not name a type
 uint8_t getChoiceFromUser()
 ^~~~~~~
../src/main.cc: In function 'int main()':
../src/main.cc:26:2: error: 'Neu' was not declared in this scope
  Neu
  ^~~
../src/main.cc:46:23: error: 'xil_printf' was not declared in this scope
  xil_printf("Done\r\n");
                       ^
../src/main.cc:23:6: warning: unused variable 'input' [-Wunused-variable]
  int input[80] = { -11, 10, 20, -15, 4, 40, 9, 1, -12, -13, 10, -18, -3, 11, 10, 4, 2, 5, 3, -3, 7, -9, 3, 9, -1, 8, -12, 1, 10, -6, 2, -3, -5, 3, 1, -2, 2, -1, 3, 1, -4, 0, -1, 3, -3, 2, -5, -2, 5, 5, -3, -2, 1, 2, -3, -4, -5, -5, -1, 0, 3, 3, 0, 2, 4, 4, 5, -1, 3, -1, 2, 1, 2, -3, 1, 0, -1, -2, 1, 0};
      ^~~~~
../src/main.cc:24:6: warning: unused variable 'input1' [-Wunused-variable]
  int input1[80] = {21, 45, -6, 15, 15, 19, -18, 7, -2, 19, -2, 11, 11, -5, -16, 9, -9, -18, 5, 15, -3, -4, -2, 11, -6, 6, -9, 7, 9, -1, 1, 3, 2, -1, -1, -10, 0, -2, -2, -2, 1, -1, 1, -6, -3, 5, -5, 2, -1, 0, -1, -8, -3, 0, -1, 3, 0, -4, 1, -1, 0, -4, -5, -2, 2, 1, 0, -2, -2, 3, -2, 1, -1, -1, -4, -1, 2, -4, -1, 0};
      ^~~~~~
make: *** [src/main.o] Fejl 1
09:13:43 **** Auto Build of configuration Debug for project nn_embedded ****
make pre-build main-build 
a9-linaro-pre-build-step
' '
'Building file: ../src/main.cc'
'Invoking: ARM v7 g++ compiler'
arm-none-eabi-g++ -Wall -O0 -g3 -c -fmessage-length=0 -MT"src/main.o" -mcpu=cortex-a9 -mfpu=vfpv3 -mfloat-abi=hard -I../../nn_embedded_bsp/ps7_cortexa9_0/include -MMD -MP -MF"src/main.d" -MT"src/main.o" -o "src/main.o" "../src/main.cc"
In file included from ../src/main.cc:2:0:
../src/NeuralNetwork.hpp:14:9: error: 'XNeuralnetwork' does not name a type
  static XNeuralnetwork nn;
         ^~~~~~~~~~~~~~
../src/main.cc:3:19: error: 'numOfBias' was not declared in this scope
 static char bias_[numOfBias] = {
                   ^~~~~~~~~
../src/main.cc:7:22: error: 'numOfWeights' was not declared in this scope
 static char weights_[numOfWeights] = {
                      ^~~~~~~~~~~~
../src/main.cc:11:1: error: 'uint8_t' does not name a type
 uint8_t getChoiceFromUser()
 ^~~~~~~
../src/main.cc: In function 'int main()':
../src/main.cc:29:2: error: expected ',' or ';' before 'while'
  while(1){
  ^~~~~
../src/main.cc:23:6: warning: unused variable 'input' [-Wunused-variable]
  int input[80] = { -11, 10, 20, -15, 4, 40, 9, 1, -12, -13, 10, -18, -3, 11, 10, 4, 2, 5, 3, -3, 7, -9, 3, 9, -1, 8, -12, 1, 10, -6, 2, -3, -5, 3, 1, -2, 2, -1, 3, 1, -4, 0, -1, 3, -3, 2, -5, -2, 5, 5, -3, -2, 1, 2, -3, -4, -5, -5, -1, 0, 3, 3, 0, 2, 4, 4, 5, -1, 3, -1, 2, 1, 2, -3, 1, 0, -1, -2, 1, 0};
      ^~~~~
../src/main.cc:24:6: warning: unused variable 'input1' [-Wunused-variable]
  int input1[80] = {21, 45, -6, 15, 15, 19, -18, 7, -2, 19, -2, 11, 11, -5, -16, 9, -9, -18, 5, 15, -3, -4, -2, 11, -6, 6, -9, 7, 9, -1, 1, 3, 2, -1, -1, -10, 0, -2, -2, -2, 1, -1, 1, -6, -3, 5, -5, 2, -1, 0, -1, -8, -3, 0, -1, 3, 0, -4, 1, -1, 0, -4, -5, -2, 2, 1, 0, -2, -2, 3, -2, 1, -1, -1, -4, -1, 2, -4, -1, 0};
      ^~~~~~
../src/main.cc:48:1: error: expected '}' at end of input
 }
 ^
make: *** [src/main.o] Fejl 1
09:13:46 **** Auto Build of configuration Debug for project nn_embedded ****
make pre-build main-build 
a9-linaro-pre-build-step
' '
'Building file: ../src/main.cc'
'Invoking: ARM v7 g++ compiler'
arm-none-eabi-g++ -Wall -O0 -g3 -c -fmessage-length=0 -MT"src/main.o" -mcpu=cortex-a9 -mfpu=vfpv3 -mfloat-abi=hard -I../../nn_embedded_bsp/ps7_cortexa9_0/include -MMD -MP -MF"src/main.d" -MT"src/main.o" -o "src/main.o" "../src/main.cc"
In file included from ../src/main.cc:2:0:
../src/NeuralNetwork.hpp:14:9: error: 'XNeuralnetwork' does not name a type
  static XNeuralnetwork nn;
         ^~~~~~~~~~~~~~
../src/main.cc:3:19: error: 'numOfBias' was not declared in this scope
 static char bias_[numOfBias] = {
                   ^~~~~~~~~
../src/main.cc:7:22: error: 'numOfWeights' was not declared in this scope
 static char weights_[numOfWeights] = {
                      ^~~~~~~~~~~~
../src/main.cc:11:1: error: 'uint8_t' does not name a type
 uint8_t getChoiceFromUser()
 ^~~~~~~
../src/main.cc: In function 'int main()':
../src/main.cc:30:3: error: 'uint8_t' was not declared in this scope
   uint8_t choice = getChoiceFromUser();
   ^~~~~~~
../src/main.cc:32:36: error: 'XNeuralnetwork_IsReady' was not declared in this scope
   while(!XNeuralnetwork_IsReady(&nn))
                                    ^
../src/main.cc:35:38: error: 'XNeuralnetwork_Set_setBais_r' was not declared in this scope
   XNeuralnetwork_Set_setBais_r(&nn, 1);
                                      ^
../src/main.cc:36:40: error: 'XNeuralnetwork_Set_setWeight_r' was not declared in this scope
   XNeuralnetwork_Set_setWeight_r(&nn, 1);
                                        ^
../src/main.cc:37:42: error: 'choice' was not declared in this scope
   XNeuralnetwork_Set_runNN_r(&nn, (char) choice);
                                          ^~~~~~
../src/main.cc:37:48: error: 'XNeuralnetwork_Set_runNN_r' was not declared in this scope
   XNeuralnetwork_Set_runNN_r(&nn, (char) choice);
                                                ^
../src/main.cc:38:27: error: 'XNeuralnetwork_Start' was not declared in this scope
   XNeuralnetwork_Start(&nn);
                           ^
../src/main.cc:39:36: error: 'XNeuralnetwork_IsReady' was not declared in this scope
   while(!XNeuralnetwork_IsReady(&nn))
                                    ^
../src/main.cc:42:3: error: 'res' was not declared in this scope
   res = XNeuralnetwork_Get_return(&nn);
   ^~~
../src/main.cc:42:38: error: 'XNeuralnetwork_Get_return' was not declared in this scope
   res = XNeuralnetwork_Get_return(&nn);
                                      ^
../src/main.cc:43:24: error: 'xil_printf' was not declared in this scope
   xil_printf("%d ", res);
                        ^
../src/main.cc:46:23: error: 'xil_printf' was not declared in this scope
  xil_printf("Done\r\n");
                       ^
../src/main.cc:23:6: warning: unused variable 'input' [-Wunused-variable]
  int input[80] = { -11, 10, 20, -15, 4, 40, 9, 1, -12, -13, 10, -18, -3, 11, 10, 4, 2, 5, 3, -3, 7, -9, 3, 9, -1, 8, -12, 1, 10, -6, 2, -3, -5, 3, 1, -2, 2, -1, 3, 1, -4, 0, -1, 3, -3, 2, -5, -2, 5, 5, -3, -2, 1, 2, -3, -4, -5, -5, -1, 0, 3, 3, 0, 2, 4, 4, 5, -1, 3, -1, 2, 1, 2, -3, 1, 0, -1, -2, 1, 0};
      ^~~~~
../src/main.cc:24:6: warning: unused variable 'input1' [-Wunused-variable]
  int input1[80] = {21, 45, -6, 15, 15, 19, -18, 7, -2, 19, -2, 11, 11, -5, -16, 9, -9, -18, 5, 15, -3, -4, -2, 11, -6, 6, -9, 7, 9, -1, 1, 3, 2, -1, -1, -10, 0, -2, -2, -2, 1, -1, 1, -6, -3, 5, -5, 2, -1, 0, -1, -8, -3, 0, -1, 3, 0, -4, 1, -1, 0, -4, -5, -2, 2, 1, 0, -2, -2, 3, -2, 1, -1, -1, -4, -1, 2, -4, -1, 0};
      ^~~~~~
make: *** [src/main.o] Fejl 1
09:14:00 **** Auto Build of configuration Debug for project nn_embedded ****
make pre-build main-build 
a9-linaro-pre-build-step
' '
'Building file: ../src/main.cc'
'Invoking: ARM v7 g++ compiler'
arm-none-eabi-g++ -Wall -O0 -g3 -c -fmessage-length=0 -MT"src/main.o" -mcpu=cortex-a9 -mfpu=vfpv3 -mfloat-abi=hard -I../../nn_embedded_bsp/ps7_cortexa9_0/include -MMD -MP -MF"src/main.d" -MT"src/main.o" -o "src/main.o" "../src/main.cc"
In file included from ../src/main.cc:2:0:
../src/NeuralNetwork.hpp:14:9: error: 'XNeuralnetwork' does not name a type
  static XNeuralnetwork nn;
         ^~~~~~~~~~~~~~
../src/main.cc:3:19: error: 'numOfBias' was not declared in this scope
 static char bias_[numOfBias] = {
                   ^~~~~~~~~
../src/main.cc:7:22: error: 'numOfWeights' was not declared in this scope
 static char weights_[numOfWeights] = {
                      ^~~~~~~~~~~~
../src/main.cc:11:1: error: 'uint8_t' does not name a type
 uint8_t getChoiceFromUser()
 ^~~~~~~
../src/main.cc: In function 'int main()':
../src/main.cc:30:3: error: 'uint8_t' was not declared in this scope
   uint8_t choice = getChoiceFromUser();
   ^~~~~~~
../src/main.cc:33:23: error: 'xil_printf' was not declared in this scope
  xil_printf("Done\r\n");
                       ^
../src/main.cc:23:6: warning: unused variable 'input' [-Wunused-variable]
  int input[80] = { -11, 10, 20, -15, 4, 40, 9, 1, -12, -13, 10, -18, -3, 11, 10, 4, 2, 5, 3, -3, 7, -9, 3, 9, -1, 8, -12, 1, 10, -6, 2, -3, -5, 3, 1, -2, 2, -1, 3, 1, -4, 0, -1, 3, -3, 2, -5, -2, 5, 5, -3, -2, 1, 2, -3, -4, -5, -5, -1, 0, 3, 3, 0, 2, 4, 4, 5, -1, 3, -1, 2, 1, 2, -3, 1, 0, -1, -2, 1, 0};
      ^~~~~
../src/main.cc:24:6: warning: unused variable 'input1' [-Wunused-variable]
  int input1[80] = {21, 45, -6, 15, 15, 19, -18, 7, -2, 19, -2, 11, 11, -5, -16, 9, -9, -18, 5, 15, -3, -4, -2, 11, -6, 6, -9, 7, 9, -1, 1, 3, 2, -1, -1, -10, 0, -2, -2, -2, 1, -1, 1, -6, -3, 5, -5, 2, -1, 0, -1, -8, -3, 0, -1, 3, 0, -4, 1, -1, 0, -4, -5, -2, 2, 1, 0, -2, -2, 3, -2, 1, -1, -1, -4, -1, 2, -4, -1, 0};
      ^~~~~~
make: *** [src/main.o] Fejl 1
09:14:15 **** Auto Build of configuration Debug for project nn_embedded ****
make pre-build main-build 
a9-linaro-pre-build-step
' '
'Building file: ../src/main.cc'
'Invoking: ARM v7 g++ compiler'
arm-none-eabi-g++ -Wall -O0 -g3 -c -fmessage-length=0 -MT"src/main.o" -mcpu=cortex-a9 -mfpu=vfpv3 -mfloat-abi=hard -I../../nn_embedded_bsp/ps7_cortexa9_0/include -MMD -MP -MF"src/main.d" -MT"src/main.o" -o "src/main.o" "../src/main.cc"
In file included from ../src/main.cc:2:0:
../src/NeuralNetwork.hpp:14:9: error: 'XNeuralnetwork' does not name a type
  static XNeuralnetwork nn;
         ^~~~~~~~~~~~~~
../src/main.cc:4:1: error: 'uint8_t' does not name a type
 uint8_t getChoiceFromUser()
 ^~~~~~~
../src/main.cc: In function 'int main()':
../src/main.cc:23:3: error: 'uint8_t' was not declared in this scope
   uint8_t choice = getChoiceFromUser();
   ^~~~~~~
../src/main.cc:26:23: error: 'xil_printf' was not declared in this scope
  xil_printf("Done\r\n");
                       ^
../src/main.cc:16:6: warning: unused variable 'input' [-Wunused-variable]
  int input[80] = { -11, 10, 20, -15, 4, 40, 9, 1, -12, -13, 10, -18, -3, 11, 10, 4, 2, 5, 3, -3, 7, -9, 3, 9, -1, 8, -12, 1, 10, -6, 2, -3, -5, 3, 1, -2, 2, -1, 3, 1, -4, 0, -1, 3, -3, 2, -5, -2, 5, 5, -3, -2, 1, 2, -3, -4, -5, -5, -1, 0, 3, 3, 0, 2, 4, 4, 5, -1, 3, -1, 2, 1, 2, -3, 1, 0, -1, -2, 1, 0};
      ^~~~~
../src/main.cc:17:6: warning: unused variable 'input1' [-Wunused-variable]
  int input1[80] = {21, 45, -6, 15, 15, 19, -18, 7, -2, 19, -2, 11, 11, -5, -16, 9, -9, -18, 5, 15, -3, -4, -2, 11, -6, 6, -9, 7, 9, -1, 1, 3, 2, -1, -1, -10, 0, -2, -2, -2, 1, -1, 1, -6, -3, 5, -5, 2, -1, 0, -1, -8, -3, 0, -1, 3, 0, -4, 1, -1, 0, -4, -5, -2, 2, 1, 0, -2, -2, 3, -2, 1, -1, -1, -4, -1, 2, -4, -1, 0};
      ^~~~~~
make: *** [src/main.o] Fejl 1
09:14:52 **** Auto Build of configuration Debug for project nn_embedded ****
make pre-build main-build 
a9-linaro-pre-build-step
' '
'Building file: ../src/NeuralNetwork.cpp'
'Invoking: ARM v7 g++ compiler'
arm-none-eabi-g++ -Wall -O0 -g3 -c -fmessage-length=0 -MT"src/NeuralNetwork.o" -mcpu=cortex-a9 -mfpu=vfpv3 -mfloat-abi=hard -I../../nn_embedded_bsp/ps7_cortexa9_0/include -MMD -MP -MF"src/NeuralNetwork.d" -MT"src/NeuralNetwork.o" -o "src/NeuralNetwork.o" "../src/NeuralNetwork.cpp"
In file included from ../src/NeuralNetwork.cpp:3:0:
../src/NeuralNetwork.hpp:17:9: error: 'Neuralnetwork' does not name a type
  static Neuralnetwork nn;
         ^~~~~~~~~~~~~
../src/NeuralNetwork.cpp: In constructor 'NeuralNetwork::NeuralNetwork()':
../src/NeuralNetwork.cpp:6:29: error: 'nn' was not declared in this scope
  XNeuralnetwork_Initialize(&nn, XPAR_NEURALNETWORK_0_DEVICE_ID);
                             ^~
../src/NeuralNetwork.cpp: In member function 'char NeuralNetwork::setBais(char*)':
../src/NeuralNetwork.cpp:12:33: error: 'nn' was not declared in this scope
  while(!XNeuralnetwork_IsReady(&nn))
                                 ^~
../src/NeuralNetwork.cpp:15:32: error: 'nn' was not declared in this scope
  XNeuralnetwork_Set_setBais_r(&nn, 1);
                                ^~
../src/NeuralNetwork.cpp: In member function 'char NeuralNetwork::setWeights(char*)':
../src/NeuralNetwork.cpp:28:33: error: 'nn' was not declared in this scope
  while(!XNeuralnetwork_IsReady(&nn))
                                 ^~
../src/NeuralNetwork.cpp:31:32: error: 'nn' was not declared in this scope
  XNeuralnetwork_Set_setBais_r(&nn, 0);
                                ^~
../src/NeuralNetwork.cpp: In member function 'char NeuralNetwork::runNN(char*)':
../src/NeuralNetwork.cpp:44:33: error: 'nn' was not declared in this scope
  while(!XNeuralnetwork_IsReady(&nn))
                                 ^~
../src/NeuralNetwork.cpp:47:32: error: 'nn' was not declared in this scope
  XNeuralnetwork_Set_setBais_r(&nn, 0);
                                ^~
make: *** [src/NeuralNetwork.o] Fejl 1
09:15:02 **** Auto Build of configuration Debug for project nn_embedded ****
make pre-build main-build 
a9-linaro-pre-build-step
' '
'Building file: ../src/NeuralNetwork.cpp'
'Invoking: ARM v7 g++ compiler'
arm-none-eabi-g++ -Wall -O0 -g3 -c -fmessage-length=0 -MT"src/NeuralNetwork.o" -mcpu=cortex-a9 -mfpu=vfpv3 -mfloat-abi=hard -I../../nn_embedded_bsp/ps7_cortexa9_0/include -MMD -MP -MF"src/NeuralNetwork.d" -MT"src/NeuralNetwork.o" -o "src/NeuralNetwork.o" "../src/NeuralNetwork.cpp"
In file included from ../src/NeuralNetwork.cpp:1:0:
../src/NeuralNetwork.hpp:17:9: error: 'Neuralnetwork' does not name a type
  static Neuralnetwork nn;
         ^~~~~~~~~~~~~
../src/NeuralNetwork.cpp: In constructor 'NeuralNetwork::NeuralNetwork()':
../src/NeuralNetwork.cpp:4:29: error: 'nn' was not declared in this scope
  XNeuralnetwork_Initialize(&nn, XPAR_NEURALNETWORK_0_DEVICE_ID);
                             ^~
../src/NeuralNetwork.cpp:4:63: error: 'XNeuralnetwork_Initialize' was not declared in this scope
  XNeuralnetwork_Initialize(&nn, XPAR_NEURALNETWORK_0_DEVICE_ID);
                                                               ^
../src/NeuralNetwork.cpp: In member function 'char NeuralNetwork::setBais(char*)':
../src/NeuralNetwork.cpp:10:33: error: 'nn' was not declared in this scope
  while(!XNeuralnetwork_IsReady(&nn))
                                 ^~
../src/NeuralNetwork.cpp:10:35: error: 'XNeuralnetwork_IsReady' was not declared in this scope
  while(!XNeuralnetwork_IsReady(&nn))
                                   ^
../src/NeuralNetwork.cpp:13:32: error: 'nn' was not declared in this scope
  XNeuralnetwork_Set_setBais_r(&nn, 1);
                                ^~
../src/NeuralNetwork.cpp:13:37: error: 'XNeuralnetwork_Set_setBais_r' was not declared in this scope
  XNeuralnetwork_Set_setBais_r(&nn, 1);
                                     ^
../src/NeuralNetwork.cpp:14:39: error: 'XNeuralnetwork_Set_setWeight_r' was not declared in this scope
  XNeuralnetwork_Set_setWeight_r(&nn, 0);
                                       ^
../src/NeuralNetwork.cpp:15:35: error: 'XNeuralnetwork_Set_runNN_r' was not declared in this scope
  XNeuralnetwork_Set_runNN_r(&nn, 0);
                                   ^
../src/NeuralNetwork.cpp:16:64: error: 'XNeuralnetwork_Write_biasWeight_input_r_Bytes' was not declared in this scope
  XNeuralnetwork_Write_biasWeight_input_r_Bytes(&nn, 0, bias, 50);
                                                                ^
../src/NeuralNetwork.cpp:17:26: error: 'XNeuralnetwork_Start' was not declared in this scope
  XNeuralnetwork_Start(&nn);
                          ^
../src/NeuralNetwork.cpp:19:35: error: 'XNeuralnetwork_IsReady' was not declared in this scope
  while(!XNeuralnetwork_IsReady(&nn))
                                   ^
../src/NeuralNetwork.cpp:22:38: error: 'XNeuralnetwork_Get_return' was not declared in this scope
  return XNeuralnetwork_Get_return(&nn);
                                      ^
../src/NeuralNetwork.cpp: In member function 'char NeuralNetwork::setWeights(char*)':
../src/NeuralNetwork.cpp:26:33: error: 'nn' was not declared in this scope
  while(!XNeuralnetwork_IsReady(&nn))
[...]
'Invoking: ARM v7 g++ compiler'
arm-none-eabi-g++ -Wall -O0 -g3 -c -fmessage-length=0 -MT"src/NeuralNetwork.o" -mcpu=cortex-a9 -mfpu=vfpv3 -mfloat-abi=hard -I../../nn_embedded_bsp/ps7_cortexa9_0/include -MMD -MP -MF"src/NeuralNetwork.d" -MT"src/NeuralNetwork.o" -o "src/NeuralNetwork.o" "../src/NeuralNetwork.cpp"
../src/NeuralNetwork.cpp: In static member function 'static NeuralNetwork* NeuralNetwork::getInstance()':
../src/NeuralNetwork.cpp:4:9: error: cannot convert 'NeuralNetwork' to 'NeuralNetwork*' in return
  return instance;
         ^~~~~~~~
make: *** [src/NeuralNetwork.o] Fejl 1
09:35:42 **** Auto Build of configuration Debug for project nn_embedded ****
make pre-build main-build 
a9-linaro-pre-build-step
' '
'Building file: ../src/NeuralNetwork.cpp'
'Invoking: ARM v7 g++ compiler'
arm-none-eabi-g++ -Wall -O0 -g3 -c -fmessage-length=0 -MT"src/NeuralNetwork.o" -mcpu=cortex-a9 -mfpu=vfpv3 -mfloat-abi=hard -I../../nn_embedded_bsp/ps7_cortexa9_0/include -MMD -MP -MF"src/NeuralNetwork.d" -MT"src/NeuralNetwork.o" -o "src/NeuralNetwork.o" "../src/NeuralNetwork.cpp"
../src/NeuralNetwork.cpp: In static member function 'static NeuralNetwork* NeuralNetwork::getInstance()':
../src/NeuralNetwork.cpp:4:10: error: 'this' is unavailable for static member functions
  return &this->instance;
          ^~~~
make: *** [src/NeuralNetwork.o] Fejl 1
09:36:08 **** Auto Build of configuration Debug for project nn_embedded ****
make pre-build main-build 
a9-linaro-pre-build-step
' '
'Building file: ../src/NeuralNetwork.cpp'
'Invoking: ARM v7 g++ compiler'
arm-none-eabi-g++ -Wall -O0 -g3 -c -fmessage-length=0 -MT"src/NeuralNetwork.o" -mcpu=cortex-a9 -mfpu=vfpv3 -mfloat-abi=hard -I../../nn_embedded_bsp/ps7_cortexa9_0/include -MMD -MP -MF"src/NeuralNetwork.d" -MT"src/NeuralNetwork.o" -o "src/NeuralNetwork.o" "../src/NeuralNetwork.cpp"
../src/NeuralNetwork.cpp: In static member function 'static NeuralNetwork* NeuralNetwork::getInstance()':
../src/NeuralNetwork.cpp:4:10: error: 'this' is unavailable for static member functions
  return &this->instance;
          ^~~~
make: *** [src/NeuralNetwork.o] Fejl 1
09:36:45 **** Auto Build of configuration Debug for project nn_embedded ****
make pre-build main-build 
a9-linaro-pre-build-step
' '
'Building file: ../src/NeuralNetwork.cpp'
'Invoking: ARM v7 g++ compiler'
arm-none-eabi-g++ -Wall -O0 -g3 -c -fmessage-length=0 -MT"src/NeuralNetwork.o" -mcpu=cortex-a9 -mfpu=vfpv3 -mfloat-abi=hard -I../../nn_embedded_bsp/ps7_cortexa9_0/include -MMD -MP -MF"src/NeuralNetwork.d" -MT"src/NeuralNetwork.o" -o "src/NeuralNetwork.o" "../src/NeuralNetwork.cpp"
'Finished building: ../src/NeuralNetwork.cpp'
' '
'Building file: ../src/main.cc'
'Invoking: ARM v7 g++ compiler'
arm-none-eabi-g++ -Wall -O0 -g3 -c -fmessage-length=0 -MT"src/main.o" -mcpu=cortex-a9 -mfpu=vfpv3 -mfloat-abi=hard -I../../nn_embedded_bsp/ps7_cortexa9_0/include -MMD -MP -MF"src/main.d" -MT"src/main.o" -o "src/main.o" "../src/main.cc"
../src/main.cc: In function 'int main()':
../src/main.cc:38:11: warning: unused variable 'choice' [-Wunused-variable]
   uint8_t choice = getChoiceFromUser();
           ^~~~~~
'Finished building: ../src/main.cc'
' '
'Building target: nn_embedded.elf'
'Invoking: ARM v7 g++ linker'
arm-none-eabi-g++ -mcpu=cortex-a9 -mfpu=vfpv3 -mfloat-abi=hard -Wl,-build-id=none -specs=Xilinx.spec -Wl,-T -Wl,../src/lscript.ld -L../../nn_embedded_bsp/ps7_cortexa9_0/lib -o "nn_embedded.elf"  ./src/NeuralNetwork.o ./src/main.o   -Wl,--start-group,-lxil,-lgcc,-lc,-lstdc++,--end-group
./src/NeuralNetwork.o: In function `NeuralNetwork::getInstance()':
C:\Users\jespe\Desktop\Uni_Civil_9_Semester\Embedded_course\ERTS_final_project\Vivado_project\project_1\project_1.sdk\nn_embedded\Debug/../src/NeuralNetwork.cpp:4: undefined reference to `NeuralNetwork::instance'
C:\Users\jespe\Desktop\Uni_Civil_9_Semester\Embedded_course\ERTS_final_project\Vivado_project\project_1\project_1.sdk\nn_embedded\Debug/../src/NeuralNetwork.cpp:4: undefined reference to `NeuralNetwork::instance'
C:\Users\jespe\Desktop\Uni_Civil_9_Semester\Embedded_course\ERTS_final_project\Vivado_project\project_1\project_1.sdk\nn_embedded\Debug/../src/NeuralNetwork.cpp:5: undefined reference to `NeuralNetwork::instance'
C:\Users\jespe\Desktop\Uni_Civil_9_Semester\Embedded_course\ERTS_final_project\Vivado_project\project_1\project_1.sdk\nn_embedded\Debug/../src/NeuralNetwork.cpp:5: undefined reference to `NeuralNetwork::instance'
C:\Users\jespe\Desktop\Uni_Civil_9_Semester\Embedded_course\ERTS_final_project\Vivado_project\project_1\project_1.sdk\nn_embedded\Debug/../src/NeuralNetwork.cpp:7: undefined reference to `NeuralNetwork::instance'
./src/NeuralNetwork.o:C:\Users\jespe\Desktop\Uni_Civil_9_Semester\Embedded_course\ERTS_final_project\Vivado_project\project_1\project_1.sdk\nn_embedded\Debug/../src/NeuralNetwork.cpp:7: more undefined references to `NeuralNetwork::instance' follow
collect2.exe: error: ld returned 1 exit status
make: *** [nn_embedded.elf] Fejl 1
09:38:49 **** Auto Build of configuration Debug for project nn_embedded ****
make pre-build main-build 
a9-linaro-pre-build-step
' '
'Building file: ../src/NeuralNetwork.cpp'
'Invoking: ARM v7 g++ compiler'
arm-none-eabi-g++ -Wall -O0 -g3 -c -fmessage-length=0 -MT"src/NeuralNetwork.o" -mcpu=cortex-a9 -mfpu=vfpv3 -mfloat-abi=hard -I../../nn_embedded_bsp/ps7_cortexa9_0/include -MMD -MP -MF"src/NeuralNetwork.d" -MT"src/NeuralNetwork.o" -o "src/NeuralNetwork.o" "../src/NeuralNetwork.cpp"
../src/NeuralNetwork.cpp: In static member function 'static NeuralNetwork* NeuralNetwork::getInstance()':
../src/NeuralNetwork.cpp:4:15: error: no match for 'operator==' (operand types are 'NeuralNetwork' and 'std::nullptr_t')
  if (instance == nullptr){
      ~~~~~~~~~^~~~~~~~~~
../src/NeuralNetwork.cpp:5:18: error: no match for 'operator=' (operand types are 'NeuralNetwork' and 'NeuralNetwork*')
   instance = new NeuralNetwork;
                  ^~~~~~~~~~~~~
In file included from ../src/NeuralNetwork.cpp:1:0:
../src/NeuralNetwork.h:6:7: note: candidate: constexpr NeuralNetwork& NeuralNetwork::operator=(const NeuralNetwork&)
 class NeuralNetwork
       ^~~~~~~~~~~~~
../src/NeuralNetwork.h:6:7: note:   no known conversion for argument 1 from 'NeuralNetwork*' to 'const NeuralNetwork&'
../src/NeuralNetwork.cpp:7:9: error: cannot convert 'NeuralNetwork' to 'NeuralNetwork*' in return
  return instance;
         ^~~~~~~~
make: *** [src/NeuralNetwork.o] Fejl 1
09:38:55 **** Auto Build of configuration Debug for project nn_embedded ****
make pre-build main-build 
a9-linaro-pre-build-step
' '
'Building file: ../src/NeuralNetwork.cpp'
'Invoking: ARM v7 g++ compiler'
arm-none-eabi-g++ -Wall -O0 -g3 -c -fmessage-length=0 -MT"src/NeuralNetwork.o" -mcpu=cortex-a9 -mfpu=vfpv3 -mfloat-abi=hard -I../../nn_embedded_bsp/ps7_cortexa9_0/include -MMD -MP -MF"src/NeuralNetwork.d" -MT"src/NeuralNetwork.o" -o "src/NeuralNetwork.o" "../src/NeuralNetwork.cpp"
../src/NeuralNetwork.cpp:3:20: error: conflicting declaration 'int NeuralNetwork::instance'
 int NeuralNetwork::instance = NeuralNetwork();
                    ^~~~~~~~
In file included from ../src/NeuralNetwork.cpp:1:0:
../src/NeuralNetwork.h:19:23: note: previous declaration as 'NeuralNetwork NeuralNetwork::instance'
  static NeuralNetwork instance;
                       ^~~~~~~~
../src/NeuralNetwork.cpp:3:20: error: declaration of 'NeuralNetwork NeuralNetwork::instance' outside of class is not definition [-fpermissive]
 int NeuralNetwork::instance = NeuralNetwork();
                    ^~~~~~~~
../src/NeuralNetwork.cpp: In static member function 'static NeuralNetwork* NeuralNetwork::getInstance()':
../src/NeuralNetwork.cpp:7:9: error: cannot convert 'NeuralNetwork' to 'NeuralNetwork*' in return
  return instance;
         ^~~~~~~~
make: *** [src/NeuralNetwork.o] Fejl 1
09:38:56 **** Auto Build of configuration Debug for project nn_embedded ****
make pre-build main-build 
a9-linaro-pre-build-step
' '
'Building file: ../src/NeuralNetwork.cpp'
'Invoking: ARM v7 g++ compiler'
arm-none-eabi-g++ -Wall -O0 -g3 -c -fmessage-length=0 -MT"src/NeuralNetwork.o" -mcpu=cortex-a9 -mfpu=vfpv3 -mfloat-abi=hard -I../../nn_embedded_bsp/ps7_cortexa9_0/include -MMD -MP -MF"src/NeuralNetwork.d" -MT"src/NeuralNetwork.o" -o "src/NeuralNetwork.o" "../src/NeuralNetwork.cpp"
../src/NeuralNetwork.cpp:3:20: error: conflicting declaration 'int NeuralNetwork::instance'
 int NeuralNetwork::instance = NeuralNetwork();
                    ^~~~~~~~
In file included from ../src/NeuralNetwork.cpp:1:0:
../src/NeuralNetwork.h:19:23: note: previous declaration as 'NeuralNetwork NeuralNetwork::instance'
  static NeuralNetwork instance;
                       ^~~~~~~~
../src/NeuralNetwork.cpp:3:20: error: declaration of 'NeuralNetwork NeuralNetwork::instance' outside of class is not definition [-fpermissive]
 int NeuralNetwork::instance = NeuralNetwork();
                    ^~~~~~~~
../src/NeuralNetwork.cpp: In static member function 'static NeuralNetwork* NeuralNetwork::getInstance()':
../src/NeuralNetwork.cpp:6:9: error: cannot convert 'NeuralNetwork' to 'NeuralNetwork*' in return
  return instance;
         ^~~~~~~~
make: *** [src/NeuralNetwork.o] Fejl 1
09:39:03 **** Auto Build of configuration Debug for project nn_embedded ****
make pre-build main-build 
a9-linaro-pre-build-step
' '
'Building file: ../src/NeuralNetwork.cpp'
'Invoking: ARM v7 g++ compiler'
arm-none-eabi-g++ -Wall -O0 -g3 -c -fmessage-length=0 -MT"src/NeuralNetwork.o" -mcpu=cortex-a9 -mfpu=vfpv3 -mfloat-abi=hard -I../../nn_embedded_bsp/ps7_cortexa9_0/include -MMD -MP -MF"src/NeuralNetwork.d" -MT"src/NeuralNetwork.o" -o "src/NeuralNetwork.o" "../src/NeuralNetwork.cpp"
../src/NeuralNetwork.cpp: In static member function 'static NeuralNetwork* NeuralNetwork::getInstance()':
../src/NeuralNetwork.cpp:6:9: error: cannot convert 'NeuralNetwork' to 'NeuralNetwork*' in return
  return instance;
         ^~~~~~~~
make: *** [src/NeuralNetwork.o] Fejl 1
09:39:09 **** Auto Build of configuration Debug for project nn_embedded ****
make pre-build main-build 
a9-linaro-pre-build-step
' '
'Building file: ../src/NeuralNetwork.cpp'
'Invoking: ARM v7 g++ compiler'
arm-none-eabi-g++ -Wall -O0 -g3 -c -fmessage-length=0 -MT"src/NeuralNetwork.o" -mcpu=cortex-a9 -mfpu=vfpv3 -mfloat-abi=hard -I../../nn_embedded_bsp/ps7_cortexa9_0/include -MMD -MP -MF"src/NeuralNetwork.d" -MT"src/NeuralNetwork.o" -o "src/NeuralNetwork.o" "../src/NeuralNetwork.cpp"
'Finished building: ../src/NeuralNetwork.cpp'
' '
'Building file: ../src/main.cc'
'Invoking: ARM v7 g++ compiler'
arm-none-eabi-g++ -Wall -O0 -g3 -c -fmessage-length=0 -MT"src/main.o" -mcpu=cortex-a9 -mfpu=vfpv3 -mfloat-abi=hard -I../../nn_embedded_bsp/ps7_cortexa9_0/include -MMD -MP -MF"src/main.d" -MT"src/main.o" -o "src/main.o" "../src/main.cc"
../src/main.cc: In function 'int main()':
../src/main.cc:38:11: warning: unused variable 'choice' [-Wunused-variable]
   uint8_t choice = getChoiceFromUser();
           ^~~~~~
'Finished building: ../src/main.cc'
' '
'Building target: nn_embedded.elf'
'Invoking: ARM v7 g++ linker'
arm-none-eabi-g++ -mcpu=cortex-a9 -mfpu=vfpv3 -mfloat-abi=hard -Wl,-build-id=none -specs=Xilinx.spec -Wl,-T -Wl,../src/lscript.ld -L../../nn_embedded_bsp/ps7_cortexa9_0/lib -o "nn_embedded.elf"  ./src/NeuralNetwork.o ./src/main.o   -Wl,--start-group,-lxil,-lgcc,-lc,-lstdc++,--end-group
'Finished building target: nn_embedded.elf'
' '
'Invoking: ARM v7 Print Size'
arm-none-eabi-size nn_embedded.elf  |tee "nn_embedded.elf.size"
   text	   data	    bss	    dec	    hex	filename
  41708	   4456	  22652	  68816	  10cd0	nn_embedded.elf
'Finished building: nn_embedded.elf.size'
' '
09:41:43 **** Auto Build of configuration Debug for project nn_embedded ****
make pre-build main-build 
a9-linaro-pre-build-step
' '
'Building file: ../src/main.cc'
'Invoking: ARM v7 g++ compiler'
arm-none-eabi-g++ -Wall -O0 -g3 -c -fmessage-length=0 -MT"src/main.o" -mcpu=cortex-a9 -mfpu=vfpv3 -mfloat-abi=hard -I../../nn_embedded_bsp/ps7_cortexa9_0/include -MMD -MP -MF"src/main.d" -MT"src/main.o" -o "src/main.o" "../src/main.cc"
../src/main.cc: In function 'int main()':
../src/main.cc:38:11: warning: unused variable 'choice' [-Wunused-variable]
   uint8_t choice = getChoiceFromUser();
           ^~~~~~
'Finished building: ../src/main.cc'
' '
'Building target: nn_embedded.elf'
'Invoking: ARM v7 g++ linker'
arm-none-eabi-g++ -mcpu=cortex-a9 -mfpu=vfpv3 -mfloat-abi=hard -Wl,-build-id=none -specs=Xilinx.spec -Wl,-T -Wl,../src/lscript.ld -L../../nn_embedded_bsp/ps7_cortexa9_0/lib -o "nn_embedded.elf"  ./src/NeuralNetwork.o ./src/main.o   -Wl,--start-group,-lxil,-lgcc,-lc,-lstdc++,--end-group
'Finished building target: nn_embedded.elf'
' '
'Invoking: ARM v7 Print Size'
arm-none-eabi-size nn_embedded.elf  |tee "nn_embedded.elf.size"
   text	   data	    bss	    dec	    hex	filename
  41708	   4456	  22652	  68816	  10cd0	nn_embedded.elf
'Finished building: nn_embedded.elf.size'
' '
09:42:12 **** Incremental Build of configuration Debug for project nn_embedded ****
make pre-build main-build 
a9-linaro-pre-build-step
' '
make: Ingenting at gøre for 'main-build'.
09:43:02 **** Incremental Build of configuration Debug for project nn_embedded ****
make pre-build main-build 
a9-linaro-pre-build-step
' '
make: Ingenting at gøre for 'main-build'.
09:45:48 **** Auto Build of configuration Debug for project nn_embedded ****
make pre-build main-build 
a9-linaro-pre-build-step
' '
'Building file: ../src/main.cc'
'Invoking: ARM v7 g++ compiler'
arm-none-eabi-g++ -Wall -O0 -g3 -c -fmessage-length=0 -MT"src/main.o" -mcpu=cortex-a9 -mfpu=vfpv3 -mfloat-abi=hard -I../../nn_embedded_bsp/ps7_cortexa9_0/include -MMD -MP -MF"src/main.d" -MT"src/main.o" -o "src/main.o" "../src/main.cc"
../src/main.cc: In function 'int main()':
../src/main.cc:35:11: warning: unused variable 'choice' [-Wunused-variable]
   uint8_t choice = getChoiceFromUser();
           ^~~~~~
'Finished building: ../src/main.cc'
' '
'Building target: nn_embedded.elf'
'Invoking: ARM v7 g++ linker'
arm-none-eabi-g++ -mcpu=cortex-a9 -mfpu=vfpv3 -mfloat-abi=hard -Wl,-build-id=none -specs=Xilinx.spec -Wl,-T -Wl,../src/lscript.ld -L../../nn_embedded_bsp/ps7_cortexa9_0/lib -o "nn_embedded.elf"  ./src/NeuralNetwork.o ./src/main.o   -Wl,--start-group,-lxil,-lgcc,-lc,-lstdc++,--end-group
'Finished building target: nn_embedded.elf'
' '
'Invoking: ARM v7 Print Size'
arm-none-eabi-size nn_embedded.elf  |tee "nn_embedded.elf.size"
   text	   data	    bss	    dec	    hex	filename
  41324	   4456	  22652	  68432	  10b50	nn_embedded.elf
'Finished building: nn_embedded.elf.size'
' '
09:45:53 **** Auto Build of configuration Debug for project nn_embedded ****
make pre-build main-build 
a9-linaro-pre-build-step
' '
'Building file: ../src/main.cc'
'Invoking: ARM v7 g++ compiler'
arm-none-eabi-g++ -Wall -O0 -g3 -c -fmessage-length=0 -MT"src/main.o" -mcpu=cortex-a9 -mfpu=vfpv3 -mfloat-abi=hard -I../../nn_embedded_bsp/ps7_cortexa9_0/include -MMD -MP -MF"src/main.d" -MT"src/main.o" -o "src/main.o" "../src/main.cc"
../src/main.cc: In function 'int main()':
../src/main.cc:34:11: warning: unused variable 'choice' [-Wunused-variable]
   uint8_t choice = getChoiceFromUser();
           ^~~~~~
'Finished building: ../src/main.cc'
' '
'Building target: nn_embedded.elf'
'Invoking: ARM v7 g++ linker'
arm-none-eabi-g++ -mcpu=cortex-a9 -mfpu=vfpv3 -mfloat-abi=hard -Wl,-build-id=none -specs=Xilinx.spec -Wl,-T -Wl,../src/lscript.ld -L../../nn_embedded_bsp/ps7_cortexa9_0/lib -o "nn_embedded.elf"  ./src/NeuralNetwork.o ./src/main.o   -Wl,--start-group,-lxil,-lgcc,-lc,-lstdc++,--end-group
'Finished building target: nn_embedded.elf'
' '
'Invoking: ARM v7 Print Size'
arm-none-eabi-size nn_embedded.elf  |tee "nn_embedded.elf.size"
   text	   data	    bss	    dec	    hex	filename
  41324	   4456	  22652	  68432	  10b50	nn_embedded.elf
'Finished building: nn_embedded.elf.size'
' '
09:46:18 **** Auto Build of configuration Debug for project nn_embedded ****
make pre-build main-build 
a9-linaro-pre-build-step
' '
'Building file: ../src/main.cc'
'Invoking: ARM v7 g++ compiler'
arm-none-eabi-g++ -Wall -O0 -g3 -c -fmessage-length=0 -MT"src/main.o" -mcpu=cortex-a9 -mfpu=vfpv3 -mfloat-abi=hard -I../../nn_embedded_bsp/ps7_cortexa9_0/include -MMD -MP -MF"src/main.d" -MT"src/main.o" -o "src/main.o" "../src/main.cc"
../src/main.cc: In function 'int main()':
../src/main.cc:34:11: warning: unused variable 'choice' [-Wunused-variable]
   uint8_t choice = getChoiceFromUser();
           ^~~~~~
'Finished building: ../src/main.cc'
' '
'Building target: nn_embedded.elf'
'Invoking: ARM v7 g++ linker'
arm-none-eabi-g++ -mcpu=cortex-a9 -mfpu=vfpv3 -mfloat-abi=hard -Wl,-build-id=none -specs=Xilinx.spec -Wl,-T -Wl,../src/lscript.ld -L../../nn_embedded_bsp/ps7_cortexa9_0/lib -o "nn_embedded.elf"  ./src/NeuralNetwork.o ./src/main.o   -Wl,--start-group,-lxil,-lgcc,-lc,-lstdc++,--end-group
'Finished building target: nn_embedded.elf'
' '
'Invoking: ARM v7 Print Size'
arm-none-eabi-size nn_embedded.elf  |tee "nn_embedded.elf.size"
   text	   data	    bss	    dec	    hex	filename
  41324	   4456	  22652	  68432	  10b50	nn_embedded.elf
'Finished building: nn_embedded.elf.size'
' '
09:46:32 **** Incremental Build of configuration Debug for project nn_embedded ****
make pre-build main-build 
a9-linaro-pre-build-step
' '
make: Ingenting at gøre for 'main-build'.
09:53:18 **** Auto Build of configuration Debug for project nn_embedded ****
make pre-build main-build 
a9-linaro-pre-build-step
' '
'Building file: ../src/main.cc'
'Invoking: ARM v7 g++ compiler'
arm-none-eabi-g++ -Wall -O0 -g3 -c -fmessage-length=0 -MT"src/main.o" -mcpu=cortex-a9 -mfpu=vfpv3 -mfloat-abi=hard -I../../nn_embedded_bsp/ps7_cortexa9_0/include -MMD -MP -MF"src/main.d" -MT"src/main.o" -o "src/main.o" "../src/main.cc"
../src/main.cc: In function 'int main()':
../src/main.cc:34:11: warning: unused variable 'choice' [-Wunused-variable]
   uint8_t choice = getChoiceFromUser();
           ^~~~~~
'Finished building: ../src/main.cc'
' '
'Building target: nn_embedded.elf'
'Invoking: ARM v7 g++ linker'
arm-none-eabi-g++ -mcpu=cortex-a9 -mfpu=vfpv3 -mfloat-abi=hard -Wl,-build-id=none -specs=Xilinx.spec -Wl,-T -Wl,../src/lscript.ld -L../../nn_embedded_bsp/ps7_cortexa9_0/lib -o "nn_embedded.elf"  ./src/NeuralNetwork.o ./src/main.o   -Wl,--start-group,-lxil,-lgcc,-lc,-lstdc++,--end-group
'Finished building target: nn_embedded.elf'
' '
'Invoking: ARM v7 Print Size'
arm-none-eabi-size nn_embedded.elf  |tee "nn_embedded.elf.size"
   text	   data	    bss	    dec	    hex	filename
  41260	   4456	  22652	  68368	  10b10	nn_embedded.elf
'Finished building: nn_embedded.elf.size'
' '
09:53:45 **** Auto Build of configuration Debug for project nn_embedded ****
make pre-build main-build 
a9-linaro-pre-build-step
' '
'Building file: ../src/main.cc'
'Invoking: ARM v7 g++ compiler'
arm-none-eabi-g++ -Wall -O0 -g3 -c -fmessage-length=0 -MT"src/main.o" -mcpu=cortex-a9 -mfpu=vfpv3 -mfloat-abi=hard -I../../nn_embedded_bsp/ps7_cortexa9_0/include -MMD -MP -MF"src/main.d" -MT"src/main.o" -o "src/main.o" "../src/main.cc"
../src/main.cc: In function 'int main()':
../src/main.cc:34:11: warning: unused variable 'choice' [-Wunused-variable]
   uint8_t choice = getChoiceFromUser();
           ^~~~~~
'Finished building: ../src/main.cc'
' '
'Building target: nn_embedded.elf'
'Invoking: ARM v7 g++ linker'
arm-none-eabi-g++ -mcpu=cortex-a9 -mfpu=vfpv3 -mfloat-abi=hard -Wl,-build-id=none -specs=Xilinx.spec -Wl,-T -Wl,../src/lscript.ld -L../../nn_embedded_bsp/ps7_cortexa9_0/lib -o "nn_embedded.elf"  ./src/NeuralNetwork.o ./src/main.o   -Wl,--start-group,-lxil,-lgcc,-lc,-lstdc++,--end-group
'Finished building target: nn_embedded.elf'
' '
'Invoking: ARM v7 Print Size'
arm-none-eabi-size nn_embedded.elf  |tee "nn_embedded.elf.size"
   text	   data	    bss	    dec	    hex	filename
  41260	   2208	  22652	  66120	  10248	nn_embedded.elf
'Finished building: nn_embedded.elf.size'
' '
