21:13:25 **** Build of project embeddedNN_bsp ****
make -k all 
"Running Make include in ps7_cortexa9_0/libsrc/coresightps_dcc_v1_4/src"
make -C ps7_cortexa9_0/libsrc/coresightps_dcc_v1_4/src -s include  "SHELL=CMD" "COMPILER=arm-none-eabi-gcc" "ARCHIVER=arm-none-eabi-ar" "COMPILER_FLAGS=  -O2 -c" "EXTRA_COMPILER_FLAGS=-mcpu=cortex-a9 -mfpu=vfpv3 -mfloat-abi=hard -nostartfiles -Wall -Wextra"
"Running Make include in ps7_cortexa9_0/libsrc/cpu_cortexa9_v2_4/src"
make -C ps7_cortexa9_0/libsrc/cpu_cortexa9_v2_4/src -s include  "SHELL=CMD" "COMPILER=arm-none-eabi-gcc" "ARCHIVER=arm-none-eabi-ar" "COMPILER_FLAGS=  -O2 -c" "EXTRA_COMPILER_FLAGS=-mcpu=cortex-a9 -mfpu=vfpv3 -mfloat-abi=hard -nostartfiles -Wall -Wextra"
"Running Make include in ps7_cortexa9_0/libsrc/ddrps_v1_0/src"
make -C ps7_cortexa9_0/libsrc/ddrps_v1_0/src -s include  "SHELL=CMD" "COMPILER=arm-none-eabi-gcc" "ARCHIVER=arm-none-eabi-ar" "COMPILER_FLAGS=  -O2 -c" "EXTRA_COMPILER_FLAGS=-mcpu=cortex-a9 -mfpu=vfpv3 -mfloat-abi=hard -nostartfiles -Wall -Wextra"
"Running Make include in ps7_cortexa9_0/libsrc/devcfg_v3_4/src"
make -C ps7_cortexa9_0/libsrc/devcfg_v3_4/src -s include  "SHELL=CMD" "COMPILER=arm-none-eabi-gcc" "ARCHIVER=arm-none-eabi-ar" "COMPILER_FLAGS=  -O2 -c" "EXTRA_COMPILER_FLAGS=-mcpu=cortex-a9 -mfpu=vfpv3 -mfloat-abi=hard -nostartfiles -Wall -Wextra"
"Running Make include in ps7_cortexa9_0/libsrc/dmaps_v2_3/src"
make -C ps7_cortexa9_0/libsrc/dmaps_v2_3/src -s include  "SHELL=CMD" "COMPILER=arm-none-eabi-gcc" "ARCHIVER=arm-none-eabi-ar" "COMPILER_FLAGS=  -O2 -c" "EXTRA_COMPILER_FLAGS=-mcpu=cortex-a9 -mfpu=vfpv3 -mfloat-abi=hard -nostartfiles -Wall -Wextra"
"Running Make include in ps7_cortexa9_0/libsrc/emacps_v3_4/src"
make -C ps7_cortexa9_0/libsrc/emacps_v3_4/src -s include  "SHELL=CMD" "COMPILER=arm-none-eabi-gcc" "ARCHIVER=arm-none-eabi-ar" "COMPILER_FLAGS=  -O2 -c" "EXTRA_COMPILER_FLAGS=-mcpu=cortex-a9 -mfpu=vfpv3 -mfloat-abi=hard -nostartfiles -Wall -Wextra"
"Running Make include in ps7_cortexa9_0/libsrc/freertos901_xilinx_v1_0/src"
make -C ps7_cortexa9_0/libsrc/freertos901_xilinx_v1_0/src -s include  "SHELL=CMD" "COMPILER=arm-none-eabi-gcc" "ARCHIVER=arm-none-eabi-ar" "COMPILER_FLAGS=  -O2 -c" "EXTRA_COMPILER_FLAGS=-mcpu=cortex-a9 -mfpu=vfpv3 -mfloat-abi=hard -nostartfiles -Wall -Wextra"
"include"
"Running Make include in ps7_cortexa9_0/libsrc/gpio_v4_3/src"
make -C ps7_cortexa9_0/libsrc/gpio_v4_3/src -s include  "SHELL=CMD" "COMPILER=arm-none-eabi-gcc" "ARCHIVER=arm-none-eabi-ar" "COMPILER_FLAGS=  -O2 -c" "EXTRA_COMPILER_FLAGS=-mcpu=cortex-a9 -mfpu=vfpv3 -mfloat-abi=hard -nostartfiles -Wall -Wextra"
"Running Make include in ps7_cortexa9_0/libsrc/gpiops_v3_3/src"
make -C ps7_cortexa9_0/libsrc/gpiops_v3_3/src -s include  "SHELL=CMD" "COMPILER=arm-none-eabi-gcc" "ARCHIVER=arm-none-eabi-ar" "COMPILER_FLAGS=  -O2 -c" "EXTRA_COMPILER_FLAGS=-mcpu=cortex-a9 -mfpu=vfpv3 -mfloat-abi=hard -nostartfiles -Wall -Wextra"
"Running Make include in ps7_cortexa9_0/libsrc/NeuralNetwork_v1_0/src"
make -C ps7_cortexa9_0/libsrc/NeuralNetwork_v1_0/src -s include  "SHELL=CMD" "COMPILER=arm-none-eabi-gcc" "ARCHIVER=arm-none-eabi-ar" "COMPILER_FLAGS=  -O2 -c" "EXTRA_COMPILER_FLAGS=-mcpu=cortex-a9 -mfpu=vfpv3 -mfloat-abi=hard -nostartfiles -Wall -Wextra"
"Running Make include in ps7_cortexa9_0/libsrc/qspips_v3_3/src"
make -C ps7_cortexa9_0/libsrc/qspips_v3_3/src -s include  "SHELL=CMD" "COMPILER=arm-none-eabi-gcc" "ARCHIVER=arm-none-eabi-ar" "COMPILER_FLAGS=  -O2 -c" "EXTRA_COMPILER_FLAGS=-mcpu=cortex-a9 -mfpu=vfpv3 -mfloat-abi=hard -nostartfiles -Wall -Wextra"
"Running Make include in ps7_cortexa9_0/libsrc/scugic_v3_7/src"
make -C ps7_cortexa9_0/libsrc/scugic_v3_7/src -s include  "SHELL=CMD" "COMPILER=arm-none-eabi-gcc" "ARCHIVER=arm-none-eabi-ar" "COMPILER_FLAGS=  -O2 -c" "EXTRA_COMPILER_FLAGS=-mcpu=cortex-a9 -mfpu=vfpv3 -mfloat-abi=hard -nostartfiles -Wall -Wextra"
"Running Make include in ps7_cortexa9_0/libsrc/scutimer_v2_1/src"
make -C ps7_cortexa9_0/libsrc/scutimer_v2_1/src -s include  "SHELL=CMD" "COMPILER=arm-none-eabi-gcc" "ARCHIVER=arm-none-eabi-ar" "COMPILER_FLAGS=  -O2 -c" "EXTRA_COMPILER_FLAGS=-mcpu=cortex-a9 -mfpu=vfpv3 -mfloat-abi=hard -nostartfiles -Wall -Wextra"
"Running Make include in ps7_cortexa9_0/libsrc/scuwdt_v2_1/src"
make -C ps7_cortexa9_0/libsrc/scuwdt_v2_1/src -s include  "SHELL=CMD" "COMPILER=arm-none-eabi-gcc" "ARCHIVER=arm-none-eabi-ar" "COMPILER_FLAGS=  -O2 -c" "EXTRA_COMPILER_FLAGS=-mcpu=cortex-a9 -mfpu=vfpv3 -mfloat-abi=hard -nostartfiles -Wall -Wextra"
"Running Make include in ps7_cortexa9_0/libsrc/sdps_v3_2/src"
make -C ps7_cortexa9_0/libsrc/sdps_v3_2/src -s include  "SHELL=CMD" "COMPILER=arm-none-eabi-gcc" "ARCHIVER=arm-none-eabi-ar" "COMPILER_FLAGS=  -O2 -c" "EXTRA_COMPILER_FLAGS=-mcpu=cortex-a9 -mfpu=vfpv3 -mfloat-abi=hard -nostartfiles -Wall -Wextra"
"Running Make include in ps7_cortexa9_0/libsrc/ttcps_v3_3/src"
make -C ps7_cortexa9_0/libsrc/ttcps_v3_3/src -s include  "SHELL=CMD" "COMPILER=arm-none-eabi-gcc" "ARCHIVER=arm-none-eabi-ar" "COMPILER_FLAGS=  -O2 -c" "EXTRA_COMPILER_FLAGS=-mcpu=cortex-a9 -mfpu=vfpv3 -mfloat-abi=hard -nostartfiles -Wall -Wextra"
"Running Make include in ps7_cortexa9_0/libsrc/uartps_v3_4/src"
make -C ps7_cortexa9_0/libsrc/uartps_v3_4/src -s include  "SHELL=CMD" "COMPILER=arm-none-eabi-gcc" "ARCHIVER=arm-none-eabi-ar" "COMPILER_FLAGS=  -O2 -c" "EXTRA_COMPILER_FLAGS=-mcpu=cortex-a9 -mfpu=vfpv3 -mfloat-abi=hard -nostartfiles -Wall -Wextra"
"Running Make include in ps7_cortexa9_0/libsrc/usbps_v2_4/src"
make -C ps7_cortexa9_0/libsrc/usbps_v2_4/src -s include  "SHELL=CMD" "COMPILER=arm-none-eabi-gcc" "ARCHIVER=arm-none-eabi-ar" "COMPILER_FLAGS=  -O2 -c" "EXTRA_COMPILER_FLAGS=-mcpu=cortex-a9 -mfpu=vfpv3 -mfloat-abi=hard -nostartfiles -Wall -Wextra"
"Running Make include in ps7_cortexa9_0/libsrc/xadcps_v2_2/src"
make -C ps7_cortexa9_0/libsrc/xadcps_v2_2/src -s include  "SHELL=CMD" "COMPILER=arm-none-eabi-gcc" "ARCHIVER=arm-none-eabi-ar" "COMPILER_FLAGS=  -O2 -c" "EXTRA_COMPILER_FLAGS=-mcpu=cortex-a9 -mfpu=vfpv3 -mfloat-abi=hard -nostartfiles -Wall -Wextra"
"Running Make libs in ps7_cortexa9_0/libsrc/coresightps_dcc_v1_4/src"
make -C ps7_cortexa9_0/libsrc/coresightps_dcc_v1_4/src -s libs  "SHELL=CMD" "COMPILER=arm-none-eabi-gcc" "ARCHIVER=arm-none-eabi-ar" "COMPILER_FLAGS=  -O2 -c" "EXTRA_COMPILER_FLAGS=-mcpu=cortex-a9 -mfpu=vfpv3 -mfloat-abi=hard -nostartfiles -Wall -Wextra"
"Compiling coresightps_dcc"
arm-none-eabi-ar: creating ../../../lib/libxil.a
"Running Make libs in ps7_cortexa9_0/libsrc/cpu_cortexa9_v2_4/src"
make -C ps7_cortexa9_0/libsrc/cpu_cortexa9_v2_4/src -s libs  "SHELL=CMD" "COMPILER=arm-none-eabi-gcc" "ARCHIVER=arm-none-eabi-ar" "COMPILER_FLAGS=  -O2 -c" "EXTRA_COMPILER_FLAGS=-mcpu=cortex-a9 -mfpu=vfpv3 -mfloat-abi=hard -nostartfiles -Wall -Wextra"
"Compiling cpu_cortexa9"
"Running Make libs in ps7_cortexa9_0/libsrc/ddrps_v1_0/src"
make -C ps7_cortexa9_0/libsrc/ddrps_v1_0/src -s libs  "SHELL=CMD" "COMPILER=arm-none-eabi-gcc" "ARCHIVER=arm-none-eabi-ar" "COMPILER_FLAGS=  -O2 -c" "EXTRA_COMPILER_FLAGS=-mcpu=cortex-a9 -mfpu=vfpv3 -mfloat-abi=hard -nostartfiles -Wall -Wextra"
"Compiling ddrps"
"Running Make libs in ps7_cortexa9_0/libsrc/devcfg_v3_4/src"
make -C ps7_cortexa9_0/libsrc/devcfg_v3_4/src -s libs  "SHELL=CMD" "COMPILER=arm-none-eabi-gcc" "ARCHIVER=arm-none-eabi-ar" "COMPILER_FLAGS=  -O2 -c" "EXTRA_COMPILER_FLAGS=-mcpu=cortex-a9 -mfpu=vfpv3 -mfloat-abi=hard -nostartfiles -Wall -Wextra"
"Compiling devcfg"
"Running Make libs in ps7_cortexa9_0/libsrc/dmaps_v2_3/src"
make -C ps7_cortexa9_0/libsrc/dmaps_v2_3/src -s libs  "SHELL=CMD" "COMPILER=arm-none-eabi-gcc" "ARCHIVER=arm-none-eabi-ar" "COMPILER_FLAGS=  -O2 -c" "EXTRA_COMPILER_FLAGS=-mcpu=cortex-a9 -mfpu=vfpv3 -mfloat-abi=hard -nostartfiles -Wall -Wextra"
"Compiling dmaps"
"Running Make libs in ps7_cortexa9_0/libsrc/emacps_v3_4/src"
make -C ps7_cortexa9_0/libsrc/emacps_v3_4/src -s libs  "SHELL=CMD" "COMPILER=arm-none-eabi-gcc" "ARCHIVER=arm-none-eabi-ar" "COMPILER_FLAGS=  -O2 -c" "EXTRA_COMPILER_FLAGS=-mcpu=cortex-a9 -mfpu=vfpv3 -mfloat-abi=hard -nostartfiles -Wall -Wextra"
"Compiling emacps"
"Running Make libs in ps7_cortexa9_0/libsrc/freertos901_xilinx_v1_0/src"
make -C ps7_cortexa9_0/libsrc/freertos901_xilinx_v1_0/src -s libs  "SHELL=CMD" "COMPILER=arm-none-eabi-gcc" "ARCHIVER=arm-none-eabi-ar" "COMPILER_FLAGS=  -O2 -c" "EXTRA_COMPILER_FLAGS=-mcpu=cortex-a9 -mfpu=vfpv3 -mfloat-abi=hard -nostartfiles -Wall -Wextra"
"Compiling standalone"
"Compiling FreeRTOS"
arm-none-eabi-ar: creating ../../../lib/libfreertos.a
"Running Make libs in ps7_cortexa9_0/libsrc/gpio_v4_3/src"
make -C ps7_cortexa9_0/libsrc/gpio_v4_3/src -s libs  "SHELL=CMD" "COMPILER=arm-none-eabi-gcc" "ARCHIVER=arm-none-eabi-ar" "COMPILER_FLAGS=  -O2 -c" "EXTRA_COMPILER_FLAGS=-mcpu=cortex-a9 -mfpu=vfpv3 -mfloat-abi=hard -nostartfiles -Wall -Wextra"
"Compiling gpio"
"Running Make libs in ps7_cortexa9_0/libsrc/gpiops_v3_3/src"
make -C ps7_cortexa9_0/libsrc/gpiops_v3_3/src -s libs  "SHELL=CMD" "COMPILER=arm-none-eabi-gcc" "ARCHIVER=arm-none-eabi-ar" "COMPILER_FLAGS=  -O2 -c" "EXTRA_COMPILER_FLAGS=-mcpu=cortex-a9 -mfpu=vfpv3 -mfloat-abi=hard -nostartfiles -Wall -Wextra"
"Compiling gpiops"
"Running Make libs in ps7_cortexa9_0/libsrc/NeuralNetwork_v1_0/src"
make -C ps7_cortexa9_0/libsrc/NeuralNetwork_v1_0/src -s libs  "SHELL=CMD" "COMPILER=arm-none-eabi-gcc" "ARCHIVER=arm-none-eabi-ar" "COMPILER_FLAGS=  -O2 -c" "EXTRA_COMPILER_FLAGS=-mcpu=cortex-a9 -mfpu=vfpv3 -mfloat-abi=hard -nostartfiles -Wall -Wextra"
"Compiling NeuralNetwork"
"Running Make libs in ps7_cortexa9_0/libsrc/qspips_v3_3/src"
make -C ps7_cortexa9_0/libsrc/qspips_v3_3/src -s libs  "SHELL=CMD" "COMPILER=arm-none-eabi-gcc" "ARCHIVER=arm-none-eabi-ar" "COMPILER_FLAGS=  -O2 -c" "EXTRA_COMPILER_FLAGS=-mcpu=cortex-a9 -mfpu=vfpv3 -mfloat-abi=hard -nostartfiles -Wall -Wextra"
"Compiling qspips"
"Running Make libs in ps7_cortexa9_0/libsrc/scugic_v3_7/src"
make -C ps7_cortexa9_0/libsrc/scugic_v3_7/src -s libs  "SHELL=CMD" "COMPILER=arm-none-eabi-gcc" "ARCHIVER=arm-none-eabi-ar" "COMPILER_FLAGS=  -O2 -c" "EXTRA_COMPILER_FLAGS=-mcpu=cortex-a9 -mfpu=vfpv3 -mfloat-abi=hard -nostartfiles -Wall -Wextra"
"Compiling scugic"
xscugic_g.c:53:2: warning: missing initializer for field 'HandlerTable' of 'XScuGic_Config {aka struct <anonymous>}' [-Wmissing-field-initializers]
  }
  ^
In file included from xscugic_g.c:41:0:
xscugic.h:218:27: note: 'HandlerTable' declared here
  XScuGic_VectorTableEntry HandlerTable[XSCUGIC_MAX_NUM_INTR_INPUTS];/**<
                           ^~~~~~~~~~~~
"Running Make libs in ps7_cortexa9_0/libsrc/scutimer_v2_1/src"
make -C ps7_cortexa9_0/libsrc/scutimer_v2_1/src -s libs  "SHELL=CMD" "COMPILER=arm-none-eabi-gcc" "ARCHIVER=arm-none-eabi-ar" "COMPILER_FLAGS=  -O2 -c" "EXTRA_COMPILER_FLAGS=-mcpu=cortex-a9 -mfpu=vfpv3 -mfloat-abi=hard -nostartfiles -Wall -Wextra"
"Compiling scutimer"
"Running Make libs in ps7_cortexa9_0/libsrc/scuwdt_v2_1/src"
make -C ps7_cortexa9_0/libsrc/scuwdt_v2_1/src -s libs  "SHELL=CMD" "COMPILER=arm-none-eabi-gcc" "ARCHIVER=arm-none-eabi-ar" "COMPILER_FLAGS=  -O2 -c" "EXTRA_COMPILER_FLAGS=-mcpu=cortex-a9 -mfpu=vfpv3 -mfloat-abi=hard -nostartfiles -Wall -Wextra"
"Compiling scuwdt"
"Running Make libs in ps7_cortexa9_0/libsrc/sdps_v3_2/src"
make -C ps7_cortexa9_0/libsrc/sdps_v3_2/src -s libs  "SHELL=CMD" "COMPILER=arm-none-eabi-gcc" "ARCHIVER=arm-none-eabi-ar" "COMPILER_FLAGS=  -O2 -c" "EXTRA_COMPILER_FLAGS=-mcpu=cortex-a9 -mfpu=vfpv3 -mfloat-abi=hard -nostartfiles -Wall -Wextra"
"Compiling sdps"
"Running Make libs in ps7_cortexa9_0/libsrc/ttcps_v3_3/src"
make -C ps7_cortexa9_0/libsrc/ttcps_v3_3/src -s libs  "SHELL=CMD" "COMPILER=arm-none-eabi-gcc" "ARCHIVER=arm-none-eabi-ar" "COMPILER_FLAGS=  -O2 -c" "EXTRA_COMPILER_FLAGS=-mcpu=cortex-a9 -mfpu=vfpv3 -mfloat-abi=hard -nostartfiles -Wall -Wextra"
"Compiling ttcps"
"Running Make libs in ps7_cortexa9_0/libsrc/uartps_v3_4/src"
make -C ps7_cortexa9_0/libsrc/uartps_v3_4/src -s libs  "SHELL=CMD" "COMPILER=arm-none-eabi-gcc" "ARCHIVER=arm-none-eabi-ar" "COMPILER_FLAGS=  -O2 -c" "EXTRA_COMPILER_FLAGS=-mcpu=cortex-a9 -mfpu=vfpv3 -mfloat-abi=hard -nostartfiles -Wall -Wextra"
"Compiling uartps"
"Running Make libs in ps7_cortexa9_0/libsrc/usbps_v2_4/src"
make -C ps7_cortexa9_0/libsrc/usbps_v2_4/src -s libs  "SHELL=CMD" "COMPILER=arm-none-eabi-gcc" "ARCHIVER=arm-none-eabi-ar" "COMPILER_FLAGS=  -O2 -c" "EXTRA_COMPILER_FLAGS=-mcpu=cortex-a9 -mfpu=vfpv3 -mfloat-abi=hard -nostartfiles -Wall -Wextra"
"Compiling usbps"
"Running Make libs in ps7_cortexa9_0/libsrc/xadcps_v2_2/src"
make -C ps7_cortexa9_0/libsrc/xadcps_v2_2/src -s libs  "SHELL=CMD" "COMPILER=arm-none-eabi-gcc" "ARCHIVER=arm-none-eabi-ar" "COMPILER_FLAGS=  -O2 -c" "EXTRA_COMPILER_FLAGS=-mcpu=cortex-a9 -mfpu=vfpv3 -mfloat-abi=hard -nostartfiles -Wall -Wextra"
"Compiling xadcps"
'Finished building libraries'
21:14:01 **** Build of configuration Debug for project embeddedNN ****
make pre-build main-build 
a9-linaro-pre-build-step
' '
'Building file: ../src/main.cc'
'Invoking: ARM v7 g++ compiler'
arm-none-eabi-g++ -Wall -O0 -g3 -c -fmessage-length=0 -MT"src/main.o" -mcpu=cortex-a9 -mfpu=vfpv3 -mfloat-abi=hard -I../../embeddedNN_bsp/ps7_cortexa9_0/include -MMD -MP -MF"src/main.d" -MT"src/main.o" -o "src/main.o" "../src/main.cc"
../src/main.cc: In function 'int main()':
../src/main.cc:7:19: error: 'xil_printf' was not declared in this scope
  xil_printf("Test");
                   ^
make: *** [src/main.o] Fejl 1
21:14:18 **** Auto Build of configuration Debug for project embeddedNN ****
make pre-build main-build 
a9-linaro-pre-build-step
' '
'Building file: ../src/main.cc'
'Invoking: ARM v7 g++ compiler'
arm-none-eabi-g++ -Wall -O0 -g3 -c -fmessage-length=0 -MT"src/main.o" -mcpu=cortex-a9 -mfpu=vfpv3 -mfloat-abi=hard -I../../embeddedNN_bsp/ps7_cortexa9_0/include -MMD -MP -MF"src/main.d" -MT"src/main.o" -o "src/main.o" "../src/main.cc"
'Finished building: ../src/main.cc'
' '
'Building target: embeddedNN.elf'
'Invoking: ARM v7 g++ linker'
arm-none-eabi-g++ -mcpu=cortex-a9 -mfpu=vfpv3 -mfloat-abi=hard -Wl,-build-id=none -specs=Xilinx.spec -Wl,-T -Wl,../src/lscript.ld -L../../embeddedNN_bsp/ps7_cortexa9_0/lib -o "embeddedNN.elf"  ./src/main.o   -Wl,--start-group,-lxil,-lfreertos,-lgcc,-lc,-lstdc++,--end-group
'Finished building target: embeddedNN.elf'
' '
'Invoking: ARM v7 Print Size'
arm-none-eabi-size embeddedNN.elf  |tee "embeddedNN.elf.size"
   text	   data	    bss	    dec	    hex	filename
  89276	   4172	  89408	 182856	  2ca48	embeddedNN.elf
'Finished building: embeddedNN.elf.size'
' '
21:14:37 **** Incremental Build of configuration Debug for project embeddedNN ****
make pre-build main-build 
a9-linaro-pre-build-step
' '
make: Ingenting at gøre for 'main-build'.
21:16:05 **** Clean-only build of configuration Debug for project embeddedNN ****
make clean 
rm -rf  ./src/main.d  ./src/main.o  embeddedNN.elf.size  embeddedNN.elf
' '
21:16:05 **** Auto Build of configuration Debug for project embeddedNN ****
make pre-build main-build 
a9-linaro-pre-build-step
' '
'Building file: ../src/main.cc'
'Invoking: ARM v7 g++ compiler'
arm-none-eabi-g++ -Wall -O0 -g3 -c -fmessage-length=0 -MT"src/main.o" -mcpu=cortex-a9 -mfpu=vfpv3 -mfloat-abi=hard -I../../embeddedNN_bsp/ps7_cortexa9_0/include -I-Wl,--start-group,-lxilffs,-lxil,-lgcc,-lc,--end-group -MMD -MP -MF"src/main.d" -MT"src/main.o" -o "src/main.o" "../src/main.cc"
'Finished building: ../src/main.cc'
' '
'Building target: embeddedNN.elf'
'Invoking: ARM v7 g++ linker'
arm-none-eabi-g++ -mcpu=cortex-a9 -mfpu=vfpv3 -mfloat-abi=hard -Wl,-build-id=none -specs=Xilinx.spec -Wl,-T -Wl,../src/lscript.ld -L../../embeddedNN_bsp/ps7_cortexa9_0/lib -o "embeddedNN.elf"  ./src/main.o   -Wl,--start-group,-lxil,-lfreertos,-lgcc,-lc,-lstdc++,--end-group
'Finished building target: embeddedNN.elf'
' '
'Invoking: ARM v7 Print Size'
arm-none-eabi-size embeddedNN.elf  |tee "embeddedNN.elf.size"
   text	   data	    bss	    dec	    hex	filename
  89276	   4172	  89408	 182856	  2ca48	embeddedNN.elf
'Finished building: embeddedNN.elf.size'
' '
21:16:07 **** Clean-only build of configuration Debug for project embeddedNN ****
make clean 
rm -rf  ./src/main.d  ./src/main.o  embeddedNN.elf.size  embeddedNN.elf
' '
21:16:07 **** Auto Build of configuration Debug for project embeddedNN ****
make pre-build main-build 
a9-linaro-pre-build-step
' '
'Building file: ../src/main.cc'
'Invoking: ARM v7 g++ compiler'
arm-none-eabi-g++ -Wall -O0 -g3 -c -fmessage-length=0 -MT"src/main.o" -mcpu=cortex-a9 -mfpu=vfpv3 -mfloat-abi=hard -I../../embeddedNN_bsp/ps7_cortexa9_0/include -I-Wl,--start-group,-lxilffs,-lxil,-lgcc,-lc,--end-group -MMD -MP -MF"src/main.d" -MT"src/main.o" -o "src/main.o" "../src/main.cc"
'Finished building: ../src/main.cc'
' '
'Building target: embeddedNN.elf'
'Invoking: ARM v7 g++ linker'
arm-none-eabi-g++ -mcpu=cortex-a9 -mfpu=vfpv3 -mfloat-abi=hard -Wl,-build-id=none -specs=Xilinx.spec -Wl,-T -Wl,../src/lscript.ld -L../../embeddedNN_bsp/ps7_cortexa9_0/lib -o "embeddedNN.elf"  ./src/main.o   -Wl,--start-group,-lxil,-lfreertos,-lgcc,-lc,-lstdc++,--end-group
'Finished building target: embeddedNN.elf'
' '
'Invoking: ARM v7 Print Size'
arm-none-eabi-size embeddedNN.elf  |tee "embeddedNN.elf.size"
   text	   data	    bss	    dec	    hex	filename
  89276	   4172	  89408	 182856	  2ca48	embeddedNN.elf
'Finished building: embeddedNN.elf.size'
' '
21:16:33 **** Auto Build of project embeddedNN_bsp ****
make -k all 
"Running Make include in ps7_cortexa9_0/libsrc/coresightps_dcc_v1_4/src"
make -C ps7_cortexa9_0/libsrc/coresightps_dcc_v1_4/src -s include  "SHELL=CMD" "COMPILER=arm-none-eabi-gcc" "ARCHIVER=arm-none-eabi-ar" "COMPILER_FLAGS=  -O2 -c" "EXTRA_COMPILER_FLAGS=-mcpu=cortex-a9 -mfpu=vfpv3 -mfloat-abi=hard -nostartfiles -Wall -Wextra"
"Running Make include in ps7_cortexa9_0/libsrc/cpu_cortexa9_v2_4/src"
make -C ps7_cortexa9_0/libsrc/cpu_cortexa9_v2_4/src -s include  "SHELL=CMD" "COMPILER=arm-none-eabi-gcc" "ARCHIVER=arm-none-eabi-ar" "COMPILER_FLAGS=  -O2 -c" "EXTRA_COMPILER_FLAGS=-mcpu=cortex-a9 -mfpu=vfpv3 -mfloat-abi=hard -nostartfiles -Wall -Wextra"
"Running Make include in ps7_cortexa9_0/libsrc/ddrps_v1_0/src"
make -C ps7_cortexa9_0/libsrc/ddrps_v1_0/src -s include  "SHELL=CMD" "COMPILER=arm-none-eabi-gcc" "ARCHIVER=arm-none-eabi-ar" "COMPILER_FLAGS=  -O2 -c" "EXTRA_COMPILER_FLAGS=-mcpu=cortex-a9 -mfpu=vfpv3 -mfloat-abi=hard -nostartfiles -Wall -Wextra"
"Running Make include in ps7_cortexa9_0/libsrc/devcfg_v3_4/src"
make -C ps7_cortexa9_0/libsrc/devcfg_v3_4/src -s include  "SHELL=CMD" "COMPILER=arm-none-eabi-gcc" "ARCHIVER=arm-none-eabi-ar" "COMPILER_FLAGS=  -O2 -c" "EXTRA_COMPILER_FLAGS=-mcpu=cortex-a9 -mfpu=vfpv3 -mfloat-abi=hard -nostartfiles -Wall -Wextra"
"Running Make include in ps7_cortexa9_0/libsrc/dmaps_v2_3/src"
make -C ps7_cortexa9_0/libsrc/dmaps_v2_3/src -s include  "SHELL=CMD" "COMPILER=arm-none-eabi-gcc" "ARCHIVER=arm-none-eabi-ar" "COMPILER_FLAGS=  -O2 -c" "EXTRA_COMPILER_FLAGS=-mcpu=cortex-a9 -mfpu=vfpv3 -mfloat-abi=hard -nostartfiles -Wall -Wextra"
"Running Make include in ps7_cortexa9_0/libsrc/emacps_v3_4/src"
make -C ps7_cortexa9_0/libsrc/emacps_v3_4/src -s include  "SHELL=CMD" "COMPILER=arm-none-eabi-gcc" "ARCHIVER=arm-none-eabi-ar" "COMPILER_FLAGS=  -O2 -c" "EXTRA_COMPILER_FLAGS=-mcpu=cortex-a9 -mfpu=vfpv3 -mfloat-abi=hard -nostartfiles -Wall -Wextra"
"Running Make include in ps7_cortexa9_0/libsrc/freertos901_xilinx_v1_0/src"
make -C ps7_cortexa9_0/libsrc/freertos901_xilinx_v1_0/src -s include  "SHELL=CMD" "COMPILER=arm-none-eabi-gcc" "ARCHIVER=arm-none-eabi-ar" "COMPILER_FLAGS=  -O2 -c" "EXTRA_COMPILER_FLAGS=-mcpu=cortex-a9 -mfpu=vfpv3 -mfloat-abi=hard -nostartfiles -Wall -Wextra"
"include"
"Running Make include in ps7_cortexa9_0/libsrc/gpio_v4_3/src"
make -C ps7_cortexa9_0/libsrc/gpio_v4_3/src -s include  "SHELL=CMD" "COMPILER=arm-none-eabi-gcc" "ARCHIVER=arm-none-eabi-ar" "COMPILER_FLAGS=  -O2 -c" "EXTRA_COMPILER_FLAGS=-mcpu=cortex-a9 -mfpu=vfpv3 -mfloat-abi=hard -nostartfiles -Wall -Wextra"
"Running Make include in ps7_cortexa9_0/libsrc/gpiops_v3_3/src"
make -C ps7_cortexa9_0/libsrc/gpiops_v3_3/src -s include  "SHELL=CMD" "COMPILER=arm-none-eabi-gcc" "ARCHIVER=arm-none-eabi-ar" "COMPILER_FLAGS=  -O2 -c" "EXTRA_COMPILER_FLAGS=-mcpu=cortex-a9 -mfpu=vfpv3 -mfloat-abi=hard -nostartfiles -Wall -Wextra"
"Running Make include in ps7_cortexa9_0/libsrc/NeuralNetwork_v1_0/src"
make -C ps7_cortexa9_0/libsrc/NeuralNetwork_v1_0/src -s include  "SHELL=CMD" "COMPILER=arm-none-eabi-gcc" "ARCHIVER=arm-none-eabi-ar" "COMPILER_FLAGS=  -O2 -c" "EXTRA_COMPILER_FLAGS=-mcpu=cortex-a9 -mfpu=vfpv3 -mfloat-abi=hard -nostartfiles -Wall -Wextra"
"Running Make include in ps7_cortexa9_0/libsrc/qspips_v3_3/src"
make -C ps7_cortexa9_0/libsrc/qspips_v3_3/src -s include  "SHELL=CMD" "COMPILER=arm-none-eabi-gcc" "ARCHIVER=arm-none-eabi-ar" "COMPILER_FLAGS=  -O2 -c" "EXTRA_COMPILER_FLAGS=-mcpu=cortex-a9 -mfpu=vfpv3 -mfloat-abi=hard -nostartfiles -Wall -Wextra"
"Running Make include in ps7_cortexa9_0/libsrc/scugic_v3_7/src"
make -C ps7_cortexa9_0/libsrc/scugic_v3_7/src -s include  "SHELL=CMD" "COMPILER=arm-none-eabi-gcc" "ARCHIVER=arm-none-eabi-ar" "COMPILER_FLAGS=  -O2 -c" "EXTRA_COMPILER_FLAGS=-mcpu=cortex-a9 -mfpu=vfpv3 -mfloat-abi=hard -nostartfiles -Wall -Wextra"
"Running Make include in ps7_cortexa9_0/libsrc/scutimer_v2_1/src"
make -C ps7_cortexa9_0/libsrc/scutimer_v2_1/src -s include  "SHELL=CMD" "COMPILER=arm-none-eabi-gcc" "ARCHIVER=arm-none-eabi-ar" "COMPILER_FLAGS=  -O2 -c" "EXTRA_COMPILER_FLAGS=-mcpu=cortex-a9 -mfpu=vfpv3 -mfloat-abi=hard -nostartfiles -Wall -Wextra"
"Running Make include in ps7_cortexa9_0/libsrc/scuwdt_v2_1/src"
make -C ps7_cortexa9_0/libsrc/scuwdt_v2_1/src -s include  "SHELL=CMD" "COMPILER=arm-none-eabi-gcc" "ARCHIVER=arm-none-eabi-ar" "COMPILER_FLAGS=  -O2 -c" "EXTRA_COMPILER_FLAGS=-mcpu=cortex-a9 -mfpu=vfpv3 -mfloat-abi=hard -nostartfiles -Wall -Wextra"
"Running Make include in ps7_cortexa9_0/libsrc/sdps_v3_2/src"
make -C ps7_cortexa9_0/libsrc/sdps_v3_2/src -s include  "SHELL=CMD" "COMPILER=arm-none-eabi-gcc" "ARCHIVER=arm-none-eabi-ar" "COMPILER_FLAGS=  -O2 -c" "EXTRA_COMPILER_FLAGS=-mcpu=cortex-a9 -mfpu=vfpv3 -mfloat-abi=hard -nostartfiles -Wall -Wextra"
"Running Make include in ps7_cortexa9_0/libsrc/ttcps_v3_3/src"
make -C ps7_cortexa9_0/libsrc/ttcps_v3_3/src -s include  "SHELL=CMD" "COMPILER=arm-none-eabi-gcc" "ARCHIVER=arm-none-eabi-ar" "COMPILER_FLAGS=  -O2 -c" "EXTRA_COMPILER_FLAGS=-mcpu=cortex-a9 -mfpu=vfpv3 -mfloat-abi=hard -nostartfiles -Wall -Wextra"
"Running Make include in ps7_cortexa9_0/libsrc/uartps_v3_4/src"
make -C ps7_cortexa9_0/libsrc/uartps_v3_4/src -s include  "SHELL=CMD" "COMPILER=arm-none-eabi-gcc" "ARCHIVER=arm-none-eabi-ar" "COMPILER_FLAGS=  -O2 -c" "EXTRA_COMPILER_FLAGS=-mcpu=cortex-a9 -mfpu=vfpv3 -mfloat-abi=hard -nostartfiles -Wall -Wextra"
"Running Make include in ps7_cortexa9_0/libsrc/usbps_v2_4/src"
make -C ps7_cortexa9_0/libsrc/usbps_v2_4/src -s include  "SHELL=CMD" "COMPILER=arm-none-eabi-gcc" "ARCHIVER=arm-none-eabi-ar" "COMPILER_FLAGS=  -O2 -c" "EXTRA_COMPILER_FLAGS=-mcpu=cortex-a9 -mfpu=vfpv3 -mfloat-abi=hard -nostartfiles -Wall -Wextra"
"Running Make include in ps7_cortexa9_0/libsrc/xadcps_v2_2/src"
make -C ps7_cortexa9_0/libsrc/xadcps_v2_2/src -s include  "SHELL=CMD" "COMPILER=arm-none-eabi-gcc" "ARCHIVER=arm-none-eabi-ar" "COMPILER_FLAGS=  -O2 -c" "EXTRA_COMPILER_FLAGS=-mcpu=cortex-a9 -mfpu=vfpv3 -mfloat-abi=hard -nostartfiles -Wall -Wextra"
"Running Make include in ps7_cortexa9_0/libsrc/xilffs_v3_6/src"
make -C ps7_cortexa9_0/libsrc/xilffs_v3_6/src -s include  "SHELL=CMD" "COMPILER=arm-none-eabi-gcc" "ARCHIVER=arm-none-eabi-ar" "COMPILER_FLAGS=  -O2 -c" "EXTRA_COMPILER_FLAGS=-mcpu=cortex-a9 -mfpu=vfpv3 -mfloat-abi=hard -nostartfiles -Wall -Wextra"
"Running Make libs in ps7_cortexa9_0/libsrc/coresightps_dcc_v1_4/src"
make -C ps7_cortexa9_0/libsrc/coresightps_dcc_v1_4/src -s libs  "SHELL=CMD" "COMPILER=arm-none-eabi-gcc" "ARCHIVER=arm-none-eabi-ar" "COMPILER_FLAGS=  -O2 -c" "EXTRA_COMPILER_FLAGS=-mcpu=cortex-a9 -mfpu=vfpv3 -mfloat-abi=hard -nostartfiles -Wall -Wextra"
"Compiling coresightps_dcc"
arm-none-eabi-ar: creating ../../../lib/libxil.a
"Running Make libs in ps7_cortexa9_0/libsrc/cpu_cortexa9_v2_4/src"
make -C ps7_cortexa9_0/libsrc/cpu_cortexa9_v2_4/src -s libs  "SHELL=CMD" "COMPILER=arm-none-eabi-gcc" "ARCHIVER=arm-none-eabi-ar" "COMPILER_FLAGS=  -O2 -c" "EXTRA_COMPILER_FLAGS=-mcpu=cortex-a9 -mfpu=vfpv3 -mfloat-abi=hard -nostartfiles -Wall -Wextra"
"Compiling cpu_cortexa9"
"Running Make libs in ps7_cortexa9_0/libsrc/ddrps_v1_0/src"
make -C ps7_cortexa9_0/libsrc/ddrps_v1_0/src -s libs  "SHELL=CMD" "COMPILER=arm-none-eabi-gcc" "ARCHIVER=arm-none-eabi-ar" "COMPILER_FLAGS=  -O2 -c" "EXTRA_COMPILER_FLAGS=-mcpu=cortex-a9 -mfpu=vfpv3 -mfloat-abi=hard -nostartfiles -Wall -Wextra"
"Compiling ddrps"
"Running Make libs in ps7_cortexa9_0/libsrc/devcfg_v3_4/src"
make -C ps7_cortexa9_0/libsrc/devcfg_v3_4/src -s libs  "SHELL=CMD" "COMPILER=arm-none-eabi-gcc" "ARCHIVER=arm-none-eabi-ar" "COMPILER_FLAGS=  -O2 -c" "EXTRA_COMPILER_FLAGS=-mcpu=cortex-a9 -mfpu=vfpv3 -mfloat-abi=hard -nostartfiles -Wall -Wextra"
"Compiling devcfg"
"Running Make libs in ps7_cortexa9_0/libsrc/dmaps_v2_3/src"
make -C ps7_cortexa9_0/libsrc/dmaps_v2_3/src -s libs  "SHELL=CMD" "COMPILER=arm-none-eabi-gcc" "ARCHIVER=arm-none-eabi-ar" "COMPILER_FLAGS=  -O2 -c" "EXTRA_COMPILER_FLAGS=-mcpu=cortex-a9 -mfpu=vfpv3 -mfloat-abi=hard -nostartfiles -Wall -Wextra"
"Compiling dmaps"
"Running Make libs in ps7_cortexa9_0/libsrc/emacps_v3_4/src"
make -C ps7_cortexa9_0/libsrc/emacps_v3_4/src -s libs  "SHELL=CMD" "COMPILER=arm-none-eabi-gcc" "ARCHIVER=arm-none-eabi-ar" "COMPILER_FLAGS=  -O2 -c" "EXTRA_COMPILER_FLAGS=-mcpu=cortex-a9 -mfpu=vfpv3 -mfloat-abi=hard -nostartfiles -Wall -Wextra"
"Compiling emacps"
"Running Make libs in ps7_cortexa9_0/libsrc/freertos901_xilinx_v1_0/src"
make -C ps7_cortexa9_0/libsrc/freertos901_xilinx_v1_0/src -s libs  "SHELL=CMD" "COMPILER=arm-none-eabi-gcc" "ARCHIVER=arm-none-eabi-ar" "COMPILER_FLAGS=  -O2 -c" "EXTRA_COMPILER_FLAGS=-mcpu=cortex-a9 -mfpu=vfpv3 -mfloat-abi=hard -nostartfiles -Wall -Wextra"
"Compiling standalone"
"Compiling FreeRTOS"
arm-none-eabi-ar: creating ../../../lib/libfreertos.a
"Running Make libs in ps7_cortexa9_0/libsrc/gpio_v4_3/src"
make -C ps7_cortexa9_0/libsrc/gpio_v4_3/src -s libs  "SHELL=CMD" "COMPILER=arm-none-eabi-gcc" "ARCHIVER=arm-none-eabi-ar" "COMPILER_FLAGS=  -O2 -c" "EXTRA_COMPILER_FLAGS=-mcpu=cortex-a9 -mfpu=vfpv3 -mfloat-abi=hard -nostartfiles -Wall -Wextra"
"Compiling gpio"
"Running Make libs in ps7_cortexa9_0/libsrc/gpiops_v3_3/src"
make -C ps7_cortexa9_0/libsrc/gpiops_v3_3/src -s libs  "SHELL=CMD" "COMPILER=arm-none-eabi-gcc" "ARCHIVER=arm-none-eabi-ar" "COMPILER_FLAGS=  -O2 -c" "EXTRA_COMPILER_FLAGS=-mcpu=cortex-a9 -mfpu=vfpv3 -mfloat-abi=hard -nostartfiles -Wall -Wextra"
"Compiling gpiops"
"Running Make libs in ps7_cortexa9_0/libsrc/NeuralNetwork_v1_0/src"
make -C ps7_cortexa9_0/libsrc/NeuralNetwork_v1_0/src -s libs  "SHELL=CMD" "COMPILER=arm-none-eabi-gcc" "ARCHIVER=arm-none-eabi-ar" "COMPILER_FLAGS=  -O2 -c" "EXTRA_COMPILER_FLAGS=-mcpu=cortex-a9 -mfpu=vfpv3 -mfloat-abi=hard -nostartfiles -Wall -Wextra"
"Compiling NeuralNetwork"
"Running Make libs in ps7_cortexa9_0/libsrc/qspips_v3_3/src"
make -C ps7_cortexa9_0/libsrc/qspips_v3_3/src -s libs  "SHELL=CMD" "COMPILER=arm-none-eabi-gcc" "ARCHIVER=arm-none-eabi-ar" "COMPILER_FLAGS=  -O2 -c" "EXTRA_COMPILER_FLAGS=-mcpu=cortex-a9 -mfpu=vfpv3 -mfloat-abi=hard -nostartfiles -Wall -Wextra"
"Compiling qspips"
"Running Make libs in ps7_cortexa9_0/libsrc/scugic_v3_7/src"
make -C ps7_cortexa9_0/libsrc/scugic_v3_7/src -s libs  "SHELL=CMD" "COMPILER=arm-none-eabi-gcc" "ARCHIVER=arm-none-eabi-ar" "COMPILER_FLAGS=  -O2 -c" "EXTRA_COMPILER_FLAGS=-mcpu=cortex-a9 -mfpu=vfpv3 -mfloat-abi=hard -nostartfiles -Wall -Wextra"
"Compiling scugic"
xscugic_g.c:53:2: warning: missing initializer for field 'HandlerTable' of 'XScuGic_Config {aka struct <anonymous>}' [-Wmissing-field-initializers]
  }
  ^
In file included from xscugic_g.c:41:0:
xscugic.h:218:27: note: 'HandlerTable' declared here
  XScuGic_VectorTableEntry HandlerTable[XSCUGIC_MAX_NUM_INTR_INPUTS];/**<
                           ^~~~~~~~~~~~
"Running Make libs in ps7_cortexa9_0/libsrc/scutimer_v2_1/src"
make -C ps7_cortexa9_0/libsrc/scutimer_v2_1/src -s libs  "SHELL=CMD" "COMPILER=arm-none-eabi-gcc" "ARCHIVER=arm-none-eabi-ar" "COMPILER_FLAGS=  -O2 -c" "EXTRA_COMPILER_FLAGS=-mcpu=cortex-a9 -mfpu=vfpv3 -mfloat-abi=hard -nostartfiles -Wall -Wextra"
"Compiling scutimer"
"Running Make libs in ps7_cortexa9_0/libsrc/scuwdt_v2_1/src"
make -C ps7_cortexa9_0/libsrc/scuwdt_v2_1/src -s libs  "SHELL=CMD" "COMPILER=arm-none-eabi-gcc" "ARCHIVER=arm-none-eabi-ar" "COMPILER_FLAGS=  -O2 -c" "EXTRA_COMPILER_FLAGS=-mcpu=cortex-a9 -mfpu=vfpv3 -mfloat-abi=hard -nostartfiles -Wall -Wextra"
"Compiling scuwdt"
"Running Make libs in ps7_cortexa9_0/libsrc/sdps_v3_2/src"
make -C ps7_cortexa9_0/libsrc/sdps_v3_2/src -s libs  "SHELL=CMD" "COMPILER=arm-none-eabi-gcc" "ARCHIVER=arm-none-eabi-ar" "COMPILER_FLAGS=  -O2 -c" "EXTRA_COMPILER_FLAGS=-mcpu=cortex-a9 -mfpu=vfpv3 -mfloat-abi=hard -nostartfiles -Wall -Wextra"
"Compiling sdps"
"Running Make libs in ps7_cortexa9_0/libsrc/ttcps_v3_3/src"
make -C ps7_cortexa9_0/libsrc/ttcps_v3_3/src -s libs  "SHELL=CMD" "COMPILER=arm-none-eabi-gcc" "ARCHIVER=arm-none-eabi-ar" "COMPILER_FLAGS=  -O2 -c" "EXTRA_COMPILER_FLAGS=-mcpu=cortex-a9 -mfpu=vfpv3 -mfloat-abi=hard -nostartfiles -Wall -Wextra"
"Compiling ttcps"
"Running Make libs in ps7_cortexa9_0/libsrc/uartps_v3_4/src"
make -C ps7_cortexa9_0/libsrc/uartps_v3_4/src -s libs  "SHELL=CMD" "COMPILER=arm-none-eabi-gcc" "ARCHIVER=arm-none-eabi-ar" "COMPILER_FLAGS=  -O2 -c" "EXTRA_COMPILER_FLAGS=-mcpu=cortex-a9 -mfpu=vfpv3 -mfloat-abi=hard -nostartfiles -Wall -Wextra"
"Compiling uartps"
"Running Make libs in ps7_cortexa9_0/libsrc/usbps_v2_4/src"
make -C ps7_cortexa9_0/libsrc/usbps_v2_4/src -s libs  "SHELL=CMD" "COMPILER=arm-none-eabi-gcc" "ARCHIVER=arm-none-eabi-ar" "COMPILER_FLAGS=  -O2 -c" "EXTRA_COMPILER_FLAGS=-mcpu=cortex-a9 -mfpu=vfpv3 -mfloat-abi=hard -nostartfiles -Wall -Wextra"
"Compiling usbps"
"Running Make libs in ps7_cortexa9_0/libsrc/xadcps_v2_2/src"
make -C ps7_cortexa9_0/libsrc/xadcps_v2_2/src -s libs  "SHELL=CMD" "COMPILER=arm-none-eabi-gcc" "ARCHIVER=arm-none-eabi-ar" "COMPILER_FLAGS=  -O2 -c" "EXTRA_COMPILER_FLAGS=-mcpu=cortex-a9 -mfpu=vfpv3 -mfloat-abi=hard -nostartfiles -Wall -Wextra"
"Compiling xadcps"
"Running Make libs in ps7_cortexa9_0/libsrc/xilffs_v3_6/src"
make -C ps7_cortexa9_0/libsrc/xilffs_v3_6/src -s libs  "SHELL=CMD" "COMPILER=arm-none-eabi-gcc" "ARCHIVER=arm-none-eabi-ar" "COMPILER_FLAGS=  -O2 -c" "EXTRA_COMPILER_FLAGS=-mcpu=cortex-a9 -mfpu=vfpv3 -mfloat-abi=hard -nostartfiles -Wall -Wextra"
"Compiling XilFFs Library"
diskio.c:135:11: warning: 'ExtCsd' defined but not used [-Wunused-variable]
 static u8 ExtCsd[512] __attribute__ ((aligned(32)));
           ^~~~~~
ff.c: In function 'find_volume':
ff.c:2610:4: warning: dereferencing type-punned pointer will break strict-aliasing rules [-Wstrict-aliasing]
    && (LD_DWORD(fs->win+FSI_LeadSig) == 0x41615252U)
    ^~
'Finished building libraries'
21:17:08 **** Clean-only build of configuration Debug for project embeddedNN ****
make clean 
rm -rf  ./src/main.d  ./src/main.o  embeddedNN.elf.size  embeddedNN.elf
' '
21:17:08 **** Auto Build of configuration Debug for project embeddedNN ****
make pre-build main-build 
a9-linaro-pre-build-step
' '
'Building file: ../src/main.cc'
'Invoking: ARM v7 g++ compiler'
arm-none-eabi-g++ -Wall -O0 -g3 -c -fmessage-length=0 -MT"src/main.o" -mcpu=cortex-a9 -mfpu=vfpv3 -mfloat-abi=hard -I../../embeddedNN_bsp/ps7_cortexa9_0/include -MMD -MP -MF"src/main.d" -MT"src/main.o" -o "src/main.o" "../src/main.cc"
'Finished building: ../src/main.cc'
' '
'Building target: embeddedNN.elf'
'Invoking: ARM v7 g++ linker'
arm-none-eabi-g++ -mcpu=cortex-a9 -mfpu=vfpv3 -mfloat-abi=hard -Wl,-build-id=none -specs=Xilinx.spec -Wl,-T -Wl,../src/lscript.ld -L../../embeddedNN_bsp/ps7_cortexa9_0/lib -o "embeddedNN.elf"  ./src/main.o   -Wl,--start-group,-lxil,-lfreertos,-lgcc,-lc,-lstdc++,--end-group -Wl,--start-group,-lxilffs,-lxil,-lgcc,-lc,--end-group
'Finished building target: embeddedNN.elf'
' '
'Invoking: ARM v7 Print Size'
arm-none-eabi-size embeddedNN.elf  |tee "embeddedNN.elf.size"
   text	   data	    bss	    dec	    hex	filename
  89276	   4172	  89408	 182856	  2ca48	embeddedNN.elf
'Finished building: embeddedNN.elf.size'
' '
21:17:27 **** Incremental Build of configuration Debug for project embeddedNN ****
make pre-build main-build 
a9-linaro-pre-build-step
' '
make: Ingenting at gøre for 'main-build'.
21:17:47 **** Auto Build of configuration Debug for project embeddedNN ****
make pre-build main-build 
a9-linaro-pre-build-step
' '
make: Ingenting at gøre for 'main-build'.
21:17:59 **** Auto Build of configuration Debug for project embeddedNN ****
make pre-build main-build 
a9-linaro-pre-build-step
' '
'Building file: ../src/StatePattern/States/State.cpp'
'Invoking: ARM v7 g++ compiler'
arm-none-eabi-g++ -Wall -O0 -g3 -c -fmessage-length=0 -MT"src/StatePattern/States/State.o" -mcpu=cortex-a9 -mfpu=vfpv3 -mfloat-abi=hard -I../../embeddedNN_bsp/ps7_cortexa9_0/include -MMD -MP -MF"src/StatePattern/States/State.d" -MT"src/StatePattern/States/State.o" -o "src/StatePattern/States/State.o" "../src/StatePattern/States/State.cpp"
'Finished building: ../src/StatePattern/States/State.cpp'
' '
'Building file: ../src/StatePattern/States/displayResults.cpp'
'Invoking: ARM v7 g++ compiler'
arm-none-eabi-g++ -Wall -O0 -g3 -c -fmessage-length=0 -MT"src/StatePattern/States/displayResults.o" -mcpu=cortex-a9 -mfpu=vfpv3 -mfloat-abi=hard -I../../embeddedNN_bsp/ps7_cortexa9_0/include -MMD -MP -MF"src/StatePattern/States/displayResults.d" -MT"src/StatePattern/States/displayResults.o" -o "src/StatePattern/States/displayResults.o" "../src/StatePattern/States/displayResults.cpp"
'Finished building: ../src/StatePattern/States/displayResults.cpp'
' '
'Building file: ../src/StatePattern/States/getImage.cpp'
'Invoking: ARM v7 g++ compiler'
arm-none-eabi-g++ -Wall -O0 -g3 -c -fmessage-length=0 -MT"src/StatePattern/States/getImage.o" -mcpu=cortex-a9 -mfpu=vfpv3 -mfloat-abi=hard -I../../embeddedNN_bsp/ps7_cortexa9_0/include -MMD -MP -MF"src/StatePattern/States/getImage.d" -MT"src/StatePattern/States/getImage.o" -o "src/StatePattern/States/getImage.o" "../src/StatePattern/States/getImage.cpp"
'Finished building: ../src/StatePattern/States/getImage.cpp'
' '
'Building file: ../src/StatePattern/States/getInput.cpp'
'Invoking: ARM v7 g++ compiler'
arm-none-eabi-g++ -Wall -O0 -g3 -c -fmessage-length=0 -MT"src/StatePattern/States/getInput.o" -mcpu=cortex-a9 -mfpu=vfpv3 -mfloat-abi=hard -I../../embeddedNN_bsp/ps7_cortexa9_0/include -MMD -MP -MF"src/StatePattern/States/getInput.d" -MT"src/StatePattern/States/getInput.o" -o "src/StatePattern/States/getInput.o" "../src/StatePattern/States/getInput.cpp"
../src/StatePattern/States/getInput.cpp: In member function 'virtual void getInput::handleButtons(Context*, u32, u32)':
../src/StatePattern/States/getInput.cpp:34:13: warning: comparison between signed and unsigned integer expressions [-Wsign-compare]
  if(buttons == (1<<(3-swapper))){
     ~~~~~~~~^~~~~~~~~~~~~~~~~~~
'Finished building: ../src/StatePattern/States/getInput.cpp'
' '
'Building file: ../src/StatePattern/States/runNetwork.cpp'
'Invoking: ARM v7 g++ compiler'
arm-none-eabi-g++ -Wall -O0 -g3 -c -fmessage-length=0 -MT"src/StatePattern/States/runNetwork.o" -mcpu=cortex-a9 -mfpu=vfpv3 -mfloat-abi=hard -I../../embeddedNN_bsp/ps7_cortexa9_0/include -MMD -MP -MF"src/StatePattern/States/runNetwork.d" -MT"src/StatePattern/States/runNetwork.o" -o "src/StatePattern/States/runNetwork.o" "../src/StatePattern/States/runNetwork.cpp"
'Finished building: ../src/StatePattern/States/runNetwork.cpp'
' '
'Building file: ../src/StatePattern/Context.cpp'
'Invoking: ARM v7 g++ compiler'
arm-none-eabi-g++ -Wall -O0 -g3 -c -fmessage-length=0 -MT"src/StatePattern/Context.o" -mcpu=cortex-a9 -mfpu=vfpv3 -mfloat-abi=hard -I../../embeddedNN_bsp/ps7_cortexa9_0/include -MMD -MP -MF"src/StatePattern/Context.d" -MT"src/StatePattern/Context.o" -o "src/StatePattern/Context.o" "../src/StatePattern/Context.cpp"
'Finished building: ../src/StatePattern/Context.cpp'
' '
'Building file: ../src/SDCard/FileSDCard.cpp'
'Invoking: ARM v7 g++ compiler'
arm-none-eabi-g++ -Wall -O0 -g3 -c -fmessage-length=0 -MT"src/SDCard/FileSDCard.o" -mcpu=cortex-a9 -mfpu=vfpv3 -mfloat-abi=hard -I../../embeddedNN_bsp/ps7_cortexa9_0/include -MMD -MP -MF"src/SDCard/FileSDCard.d" -MT"src/SDCard/FileSDCard.o" -o "src/SDCard/FileSDCard.o" "../src/SDCard/FileSDCard.cpp"
'Finished building: ../src/SDCard/FileSDCard.cpp'
' '
'Building file: ../src/SDCard/SDReader.cpp'
'Invoking: ARM v7 g++ compiler'
arm-none-eabi-g++ -Wall -O0 -g3 -c -fmessage-length=0 -MT"src/SDCard/SDReader.o" -mcpu=cortex-a9 -mfpu=vfpv3 -mfloat-abi=hard -I../../embeddedNN_bsp/ps7_cortexa9_0/include -MMD -MP -MF"src/SDCard/SDReader.d" -MT"src/SDCard/SDReader.o" -o "src/SDCard/SDReader.o" "../src/SDCard/SDReader.cpp"
'Finished building: ../src/SDCard/SDReader.cpp'
' '
'Building file: ../src/SDCard/TestFileSDCard.cpp'
'Invoking: ARM v7 g++ compiler'
arm-none-eabi-g++ -Wall -O0 -g3 -c -fmessage-length=0 -MT"src/SDCard/TestFileSDCard.o" -mcpu=cortex-a9 -mfpu=vfpv3 -mfloat-abi=hard -I../../embeddedNN_bsp/ps7_cortexa9_0/include -MMD -MP -MF"src/SDCard/TestFileSDCard.d" -MT"src/SDCard/TestFileSDCard.o" -o "src/SDCard/TestFileSDCard.o" "../src/SDCard/TestFileSDCard.cpp"
../src/SDCard/TestFileSDCard.cpp: In function 'void TestFileSDCardOwn(int*)':
../src/SDCard/TestFileSDCard.cpp:99:23: warning: suggest parentheses around assignment used as truth value [-Wparentheses]
   if(res =! lbl[index])
                       ^
'Finished building: ../src/SDCard/TestFileSDCard.cpp'
' '
'Building file: ../src/NeuralNetwork/NeuralNetwork.cpp'
'Invoking: ARM v7 g++ compiler'
arm-none-eabi-g++ -Wall -O0 -g3 -c -fmessage-length=0 -MT"src/NeuralNetwork/NeuralNetwork.o" -mcpu=cortex-a9 -mfpu=vfpv3 -mfloat-abi=hard -I../../embeddedNN_bsp/ps7_cortexa9_0/include -MMD -MP -MF"src/NeuralNetwork/NeuralNetwork.d" -MT"src/NeuralNetwork/NeuralNetwork.o" -o "src/NeuralNetwork/NeuralNetwork.o" "../src/NeuralNetwork/NeuralNetwork.cpp"
'Finished building: ../src/NeuralNetwork/NeuralNetwork.cpp'
' '
'Building file: ../src/GPIO/GPIOManager.cpp'
'Invoking: ARM v7 g++ compiler'
arm-none-eabi-g++ -Wall -O0 -g3 -c -fmessage-length=0 -MT"src/GPIO/GPIOManager.o" -mcpu=cortex-a9 -mfpu=vfpv3 -mfloat-abi=hard -I../../embeddedNN_bsp/ps7_cortexa9_0/include -MMD -MP -MF"src/GPIO/GPIOManager.d" -MT"src/GPIO/GPIOManager.o" -o "src/GPIO/GPIOManager.o" "../src/GPIO/GPIOManager.cpp"
../src/GPIO/GPIOManager.cpp:21:13: warning: 'void interruptHandler(void*)' declared 'static' but never defined [-Wunused-function]
 static void interruptHandler(void *InstancePtr);
             ^~~~~~~~~~~~~~~~
'Finished building: ../src/GPIO/GPIOManager.cpp'
' '
'Building file: ../src/main.cc'
'Invoking: ARM v7 g++ compiler'
arm-none-eabi-g++ -Wall -O0 -g3 -c -fmessage-length=0 -MT"src/main.o" -mcpu=cortex-a9 -mfpu=vfpv3 -mfloat-abi=hard -I../../embeddedNN_bsp/ps7_cortexa9_0/include -MMD -MP -MF"src/main.d" -MT"src/main.o" -o "src/main.o" "../src/main.cc"
../src/main.cc: In function 'int main()':
../src/main.cc:11:15: warning: unused variable 'gpio' [-Wunused-variable]
  GPIOManager* gpio = GPIOManager::getInstance();
               ^~~~
'Finished building: ../src/main.cc'
' '
'Building target: embeddedNN.elf'
'Invoking: ARM v7 g++ linker'
arm-none-eabi-g++ -mcpu=cortex-a9 -mfpu=vfpv3 -mfloat-abi=hard -Wl,-build-id=none -specs=Xilinx.spec -Wl,-T -Wl,../src/lscript.ld -L../../embeddedNN_bsp/ps7_cortexa9_0/lib -o "embeddedNN.elf"  ./src/StatePattern/States/State.o ./src/StatePattern/States/displayResults.o ./src/StatePattern/States/getImage.o ./src/StatePattern/States/getInput.o ./src/StatePattern/States/runNetwork.o  ./src/StatePattern/Context.o  ./src/SDCard/FileSDCard.o ./src/SDCard/SDReader.o ./src/SDCard/TestFileSDCard.o  ./src/NeuralNetwork/NeuralNetwork.o  ./src/GPIO/GPIOManager.o  ./src/main.o   -Wl,--start-group,-lxil,-lfreertos,-lgcc,-lc,-lstdc++,--end-group -Wl,--start-group,-lxilffs,-lxil,-lgcc,-lc,--end-group
'Finished building target: embeddedNN.elf'
' '
'Invoking: ARM v7 Print Size'
arm-none-eabi-size embeddedNN.elf  |tee "embeddedNN.elf.size"
   text	   data	    bss	    dec	    hex	filename
 201292	   4268	  93024	 298584	  48e58	embeddedNN.elf
'Finished building: embeddedNN.elf.size'
' '
21:18:11 **** Auto Build of configuration Debug for project embeddedNN ****
make pre-build main-build 
a9-linaro-pre-build-step
' '
'Building file: ../src/main.cc'
'Invoking: ARM v7 g++ compiler'
arm-none-eabi-g++ -Wall -O0 -g3 -c -fmessage-length=0 -MT"src/main.o" -mcpu=cortex-a9 -mfpu=vfpv3 -mfloat-abi=hard -I../../embeddedNN_bsp/ps7_cortexa9_0/include -MMD -MP -MF"src/main.d" -MT"src/main.o" -o "src/main.o" "../src/main.cc"
'Finished building: ../src/main.cc'
' '
'Building target: embeddedNN.elf'
'Invoking: ARM v7 g++ linker'
arm-none-eabi-g++ -mcpu=cortex-a9 -mfpu=vfpv3 -mfloat-abi=hard -Wl,-build-id=none -specs=Xilinx.spec -Wl,-T -Wl,../src/lscript.ld -L../../embeddedNN_bsp/ps7_cortexa9_0/lib -o "embeddedNN.elf"  ./src/StatePattern/States/State.o ./src/StatePattern/States/displayResults.o ./src/StatePattern/States/getImage.o ./src/StatePattern/States/getInput.o ./src/StatePattern/States/runNetwork.o  ./src/StatePattern/Context.o  ./src/SDCard/FileSDCard.o ./src/SDCard/SDReader.o ./src/SDCard/TestFileSDCard.o  ./src/NeuralNetwork/NeuralNetwork.o  ./src/GPIO/GPIOManager.o  ./src/main.o   -Wl,--start-group,-lxil,-lfreertos,-lgcc,-lc,-lstdc++,--end-group -Wl,--start-group,-lxilffs,-lxil,-lgcc,-lc,--end-group
'Finished building target: embeddedNN.elf'
' '
'Invoking: ARM v7 Print Size'
arm-none-eabi-size embeddedNN.elf  |tee "embeddedNN.elf.size"
   text	   data	    bss	    dec	    hex	filename
 201356	   4268	  93024	 298648	  48e98	embeddedNN.elf
'Finished building: embeddedNN.elf.size'
' '
21:18:19 **** Incremental Build of configuration Debug for project embeddedNN ****
make pre-build main-build 
a9-linaro-pre-build-step
' '
make: Ingenting at gøre for 'main-build'.
21:18:50 **** Incremental Build of configuration Debug for project embeddedNN ****
make pre-build main-build 
a9-linaro-pre-build-step
' '
make: Ingenting at gøre for 'main-build'.
08:20:09 **** Incremental Build of configuration Debug for project embeddedNN ****
make pre-build main-build 
a9-linaro-pre-build-step
' '
make: Ingenting at gøre for 'main-build'.
08:28:54 **** Auto Build of configuration Debug for project embeddedNN ****
make pre-build main-build 
a9-linaro-pre-build-step
' '
'Building file: ../src/StatePattern/States/runNetwork.cpp'
'Invoking: ARM v7 g++ compiler'
arm-none-eabi-g++ -Wall -O0 -g3 -c -fmessage-length=0 -MT"src/StatePattern/States/runNetwork.o" -mcpu=cortex-a9 -mfpu=vfpv3 -mfloat-abi=hard -I../../embeddedNN_bsp/ps7_cortexa9_0/include -I-Wl,--start-group,-lxilffs,-lxil,-lgcc,-lc,--end-group -MMD -MP -MF"src/StatePattern/States/runNetwork.d" -MT"src/StatePattern/States/runNetwork.o" -o "src/StatePattern/States/runNetwork.o" "../src/StatePattern/States/runNetwork.cpp"
In file included from ../src/StatePattern/States/runNetwork.cpp:3:0:
../src/StatePattern/States/../../NeuralNetwork/NeuralNetwork.h:20:2: error: 'XScuTimer' does not name a type
  XScuTimer Timer;
  ^~~~~~~~~
make: *** [src/StatePattern/States/runNetwork.o] Fejl 1
08:29:11 **** Auto Build of configuration Debug for project embeddedNN ****
make pre-build main-build 
a9-linaro-pre-build-step
' '
'Building file: ../src/StatePattern/States/runNetwork.cpp'
'Invoking: ARM v7 g++ compiler'
arm-none-eabi-g++ -Wall -O0 -g3 -c -fmessage-length=0 -MT"src/StatePattern/States/runNetwork.o" -mcpu=cortex-a9 -mfpu=vfpv3 -mfloat-abi=hard -I../../embeddedNN_bsp/ps7_cortexa9_0/include -I-Wl,--start-group,-lxilffs,-lxil,-lgcc,-lc,--end-group -MMD -MP -MF"src/StatePattern/States/runNetwork.d" -MT"src/StatePattern/States/runNetwork.o" -o "src/StatePattern/States/runNetwork.o" "../src/StatePattern/States/runNetwork.cpp"
In file included from ../src/StatePattern/States/runNetwork.cpp:3:0:
../src/StatePattern/States/../../NeuralNetwork/NeuralNetwork.h:22:2: error: 'XScuTimer' does not name a type
  XScuTimer Timer;
  ^~~~~~~~~
make: *** [src/StatePattern/States/runNetwork.o] Fejl 1
08:29:16 **** Auto Build of configuration Debug for project embeddedNN ****
make pre-build main-build 
a9-linaro-pre-build-step
' '
'Building file: ../src/StatePattern/States/runNetwork.cpp'
'Invoking: ARM v7 g++ compiler'
arm-none-eabi-g++ -Wall -O0 -g3 -c -fmessage-length=0 -MT"src/StatePattern/States/runNetwork.o" -mcpu=cortex-a9 -mfpu=vfpv3 -mfloat-abi=hard -I../../embeddedNN_bsp/ps7_cortexa9_0/include -I-Wl,--start-group,-lxilffs,-lxil,-lgcc,-lc,--end-group -MMD -MP -MF"src/StatePattern/States/runNetwork.d" -MT"src/StatePattern/States/runNetwork.o" -o "src/StatePattern/States/runNetwork.o" "../src/StatePattern/States/runNetwork.cpp"
In file included from ../src/StatePattern/States/runNetwork.cpp:3:0:
../src/StatePattern/States/../../NeuralNetwork/NeuralNetwork.h:21:2: error: 'XScuTimer' does not name a type
  XScuTimer Timer;
  ^~~~~~~~~
make: *** [src/StatePattern/States/runNetwork.o] Fejl 1
08:29:28 **** Auto Build of configuration Debug for project embeddedNN ****
make pre-build main-build 
a9-linaro-pre-build-step
' '
'Building file: ../src/StatePattern/States/runNetwork.cpp'
'Invoking: ARM v7 g++ compiler'
arm-none-eabi-g++ -Wall -O0 -g3 -c -fmessage-length=0 -MT"src/StatePattern/States/runNetwork.o" -mcpu=cortex-a9 -mfpu=vfpv3 -mfloat-abi=hard -I../../embeddedNN_bsp/ps7_cortexa9_0/include -I-Wl,--start-group,-lxilffs,-lxil,-lgcc,-lc,--end-group -MMD -MP -MF"src/StatePattern/States/runNetwork.d" -MT"src/StatePattern/States/runNetwork.o" -o "src/StatePattern/States/runNetwork.o" "../src/StatePattern/States/runNetwork.cpp"
'Finished building: ../src/StatePattern/States/runNetwork.cpp'
' '
'Building file: ../src/SDCard/TestFileSDCard.cpp'
'Invoking: ARM v7 g++ compiler'
arm-none-eabi-g++ -Wall -O0 -g3 -c -fmessage-length=0 -MT"src/SDCard/TestFileSDCard.o" -mcpu=cortex-a9 -mfpu=vfpv3 -mfloat-abi=hard -I../../embeddedNN_bsp/ps7_cortexa9_0/include -I-Wl,--start-group,-lxilffs,-lxil,-lgcc,-lc,--end-group -MMD -MP -MF"src/SDCard/TestFileSDCard.d" -MT"src/SDCard/TestFileSDCard.o" -o "src/SDCard/TestFileSDCard.o" "../src/SDCard/TestFileSDCard.cpp"
../src/SDCard/TestFileSDCard.cpp: In function 'void TestFileSDCardOwn(int*)':
../src/SDCard/TestFileSDCard.cpp:99:23: warning: suggest parentheses around assignment used as truth value [-Wparentheses]
   if(res =! lbl[index])
                       ^
'Finished building: ../src/SDCard/TestFileSDCard.cpp'
' '
'Building file: ../src/NeuralNetwork/NeuralNetwork.cpp'
'Invoking: ARM v7 g++ compiler'
arm-none-eabi-g++ -Wall -O0 -g3 -c -fmessage-length=0 -MT"src/NeuralNetwork/NeuralNetwork.o" -mcpu=cortex-a9 -mfpu=vfpv3 -mfloat-abi=hard -I../../embeddedNN_bsp/ps7_cortexa9_0/include -I-Wl,--start-group,-lxilffs,-lxil,-lgcc,-lc,--end-group -MMD -MP -MF"src/NeuralNetwork/NeuralNetwork.d" -MT"src/NeuralNetwork/NeuralNetwork.o" -o "src/NeuralNetwork/NeuralNetwork.o" "../src/NeuralNetwork/NeuralNetwork.cpp"
'Finished building: ../src/NeuralNetwork/NeuralNetwork.cpp'
' '
'Building file: ../src/main.cc'
'Invoking: ARM v7 g++ compiler'
arm-none-eabi-g++ -Wall -O0 -g3 -c -fmessage-length=0 -MT"src/main.o" -mcpu=cortex-a9 -mfpu=vfpv3 -mfloat-abi=hard -I../../embeddedNN_bsp/ps7_cortexa9_0/include -I-Wl,--start-group,-lxilffs,-lxil,-lgcc,-lc,--end-group -MMD -MP -MF"src/main.d" -MT"src/main.o" -o "src/main.o" "../src/main.cc"
'Finished building: ../src/main.cc'
' '
'Building target: embeddedNN.elf'
'Invoking: ARM v7 g++ linker'
arm-none-eabi-g++ -mcpu=cortex-a9 -mfpu=vfpv3 -mfloat-abi=hard -Wl,-build-id=none -specs=Xilinx.spec -Wl,-T -Wl,../src/lscript.ld -L../../embeddedNN_bsp/ps7_cortexa9_0/lib -o "embeddedNN.elf"  ./src/StatePattern/States/State.o ./src/StatePattern/States/displayResults.o ./src/StatePattern/States/getImage.o ./src/StatePattern/States/getInput.o ./src/StatePattern/States/runNetwork.o  ./src/StatePattern/Context.o  ./src/SDCard/FileSDCard.o ./src/SDCard/SDReader.o ./src/SDCard/TestFileSDCard.o  ./src/NeuralNetwork/NeuralNetwork.o  ./src/GPIO/GPIOManager.o  ./src/main.o   -Wl,--start-group,-lxil,-lfreertos,-lgcc,-lc,-lstdc++,--end-group -Wl,--start-group,-lxilffs,-lxil,-lgcc,-lc,--end-group
'Finished building target: embeddedNN.elf'
' '
'Invoking: ARM v7 Print Size'
arm-none-eabi-size embeddedNN.elf  |tee "embeddedNN.elf.size"
   text	   data	    bss	    dec	    hex	filename
 201356	   4268	  93024	 298648	  48e98	embeddedNN.elf
'Finished building: embeddedNN.elf.size'
' '
08:30:35 **** Auto Build of configuration Debug for project embeddedNN ****
make pre-build main-build 
a9-linaro-pre-build-step
' '
'Building file: ../src/NeuralNetwork/NeuralNetwork.cpp'
'Invoking: ARM v7 g++ compiler'
arm-none-eabi-g++ -Wall -O0 -g3 -c -fmessage-length=0 -MT"src/NeuralNetwork/NeuralNetwork.o" -mcpu=cortex-a9 -mfpu=vfpv3 -mfloat-abi=hard -I../../embeddedNN_bsp/ps7_cortexa9_0/include -I-Wl,--start-group,-lxilffs,-lxil,-lgcc,-lc,--end-group -MMD -MP -MF"src/NeuralNetwork/NeuralNetwork.d" -MT"src/NeuralNetwork/NeuralNetwork.o" -o "src/NeuralNetwork/NeuralNetwork.o" "../src/NeuralNetwork/NeuralNetwork.cpp"
../src/NeuralNetwork/NeuralNetwork.cpp: In constructor 'NeuralNetwork::NeuralNetwork()':
../src/NeuralNetwork/NeuralNetwork.cpp:19:3: error: 'Status' was not declared in this scope
   Status = XScuTimer_CfgInitialize (TimerInstancePtr, ConfigPtr, ConfigPtr->BaseAddr);
   ^~~~~~
In file included from ../../embeddedNN_bsp/ps7_cortexa9_0/include/xscutimer.h:116:0,
                 from ../src/NeuralNetwork/NeuralNetwork.h:3,
                 from ../src/NeuralNetwork/NeuralNetwork.cpp:1:
../../embeddedNN_bsp/ps7_cortexa9_0/include/xstatus.h:65:41: error: returning a value from a constructor
 #define XST_FAILURE                     1L
                                         ^
../src/NeuralNetwork/NeuralNetwork.cpp:22:9: note: in expansion of macro 'XST_FAILURE'
  return XST_FAILURE;
         ^~~~~~~~~~~
make: *** [src/NeuralNetwork/NeuralNetwork.o] Fejl 1
08:32:17 **** Auto Build of configuration Debug for project embeddedNN ****
make pre-build main-build 
a9-linaro-pre-build-step
' '
'Building file: ../src/NeuralNetwork/NeuralNetwork.cpp'
'Invoking: ARM v7 g++ compiler'
arm-none-eabi-g++ -Wall -O0 -g3 -c -fmessage-length=0 -MT"src/NeuralNetwork/NeuralNetwork.o" -mcpu=cortex-a9 -mfpu=vfpv3 -mfloat-abi=hard -I../../embeddedNN_bsp/ps7_cortexa9_0/include -I-Wl,--start-group,-lxilffs,-lxil,-lgcc,-lc,--end-group -MMD -MP -MF"src/NeuralNetwork/NeuralNetwork.d" -MT"src/NeuralNetwork/NeuralNetwork.o" -o "src/NeuralNetwork/NeuralNetwork.o" "../src/NeuralNetwork/NeuralNetwork.cpp"
In file included from ../../embeddedNN_bsp/ps7_cortexa9_0/include/xscutimer.h:116:0,
                 from ../src/NeuralNetwork/NeuralNetwork.h:3,
                 from ../src/NeuralNetwork/NeuralNetwork.cpp:1:
../src/NeuralNetwork/NeuralNetwork.cpp: In constructor 'NeuralNetwork::NeuralNetwork()':
../../embeddedNN_bsp/ps7_cortexa9_0/include/xstatus.h:65:41: error: returning a value from a constructor
 #define XST_FAILURE                     1L
                                         ^
../src/NeuralNetwork/NeuralNetwork.cpp:22:10: note: in expansion of macro 'XST_FAILURE'
   return XST_FAILURE;
          ^~~~~~~~~~~
make: *** [src/NeuralNetwork/NeuralNetwork.o] Fejl 1
08:33:25 **** Auto Build of configuration Debug for project embeddedNN ****
make pre-build main-build 
a9-linaro-pre-build-step
' '
'Building file: ../src/NeuralNetwork/NeuralNetwork.cpp'
'Invoking: ARM v7 g++ compiler'
arm-none-eabi-g++ -Wall -O0 -g3 -c -fmessage-length=0 -MT"src/NeuralNetwork/NeuralNetwork.o" -mcpu=cortex-a9 -mfpu=vfpv3 -mfloat-abi=hard -I../../embeddedNN_bsp/ps7_cortexa9_0/include -I-Wl,--start-group,-lxilffs,-lxil,-lgcc,-lc,--end-group -MMD -MP -MF"src/NeuralNetwork/NeuralNetwork.d" -MT"src/NeuralNetwork/NeuralNetwork.o" -o "src/NeuralNetwork/NeuralNetwork.o" "../src/NeuralNetwork/NeuralNetwork.cpp"
In file included from ../../embeddedNN_bsp/ps7_cortexa9_0/include/xscutimer.h:117:0,
                 from ../src/NeuralNetwork/NeuralNetwork.h:3,
                 from ../src/NeuralNetwork/NeuralNetwork.cpp:1:
../src/NeuralNetwork/NeuralNetwork.cpp: In constructor 'NeuralNetwork::NeuralNetwork()':
../src/NeuralNetwork/NeuralNetwork.cpp:25:50: warning: integer overflow in expression [-Woverflow]
  XScuTimer_LoadTimer(TimerInstancePtr, ONE_SECOND*10);
                                                   
../../embeddedNN_bsp/ps7_cortexa9_0/include/xscutimer_hw.h:276:39: note: in definition of macro 'XScuTimer_WriteReg'
  Xil_Out32((BaseAddr) + (RegOffset), (Data))
                                       ^~~~
../src/NeuralNetwork/NeuralNetwork.cpp:25:2: note: in expansion of macro 'XScuTimer_LoadTimer'
  XScuTimer_LoadTimer(TimerInstancePtr, ONE_SECOND*10);
  ^~~~~~~~~~~~~~~~~~~
../src/NeuralNetwork/NeuralNetwork.cpp: In member function 'char NeuralNetwork::runNN(char*)':
../src/NeuralNetwork/NeuralNetwork.cpp:74:18: error: 'TimerInstancePtr' was not declared in this scope
  XScuTimer_Start(TimerInstancePtr);
                  ^~~~~~~~~~~~~~~~
../src/NeuralNetwork/NeuralNetwork.cpp:79:20: error: 'XPAR_LED_IP_S_AXI_BASEADDR' was not declared in this scope
   LED_IP_mWriteReg(XPAR_LED_IP_S_AXI_BASEADDR, 0, i);
                    ^~~~~~~~~~~~~~~~~~~~~~~~~~
../src/NeuralNetwork/NeuralNetwork.cpp:79:51: error: 'i' was not declared in this scope
   LED_IP_mWriteReg(XPAR_LED_IP_S_AXI_BASEADDR, 0, i);
                                                   ^
../src/NeuralNetwork/NeuralNetwork.cpp:79:52: error: 'LED_IP_mWriteReg' was not declared in this scope
   LED_IP_mWriteReg(XPAR_LED_IP_S_AXI_BASEADDR, 0, i);
                                                    ^
../src/NeuralNetwork/NeuralNetwork.cpp:83:2: warning: no return statement in function returning non-void [-Wreturn-type]
  }
  ^
../src/NeuralNetwork/NeuralNetwork.cpp: At global scope:
../src/NeuralNetwork/NeuralNetwork.cpp:86:16: error: expected constructor, destructor, or type conversion before '(' token
  XScuTimer_Stop(TimerInstancePtr);
                ^
../src/NeuralNetwork/NeuralNetwork.cpp:87:22: error: expected constructor, destructor, or type conversion before '(' token
  XNeuralnetwork_Start(&nn);
                      ^
../src/NeuralNetwork/NeuralNetwork.cpp:89:2: error: expected unqualified-id before 'while'
  while(!XNeuralnetwork_IsReady(&nn))
  ^~~~~
../src/NeuralNetwork/NeuralNetwork.cpp:92:2: error: expected unqualified-id before 'return'
  return XNeuralnetwork_Get_return(&nn);
  ^~~~~~
../src/NeuralNetwork/NeuralNetwork.cpp:93:1: error: expected declaration before '}' token
 }
 ^
make: *** [src/NeuralNetwork/NeuralNetwork.o] Fejl 1
08:33:31 **** Auto Build of configuration Debug for project embeddedNN ****
make pre-build main-build 
a9-linaro-pre-build-step
' '
'Building file: ../src/NeuralNetwork/NeuralNetwork.cpp'
'Invoking: ARM v7 g++ compiler'
arm-none-eabi-g++ -Wall -O0 -g3 -c -fmessage-length=0 -MT"src/NeuralNetwork/NeuralNetwork.o" -mcpu=cortex-a9 -mfpu=vfpv3 -mfloat-abi=hard -I../../embeddedNN_bsp/ps7_cortexa9_0/include -I-Wl,--start-group,-lxilffs,-lxil,-lgcc,-lc,--end-group -MMD -MP -MF"src/NeuralNetwork/NeuralNetwork.d" -MT"src/NeuralNetwork/NeuralNetwork.o" -o "src/NeuralNetwork/NeuralNetwork.o" "../src/NeuralNetwork/NeuralNetwork.cpp"
In file included from ../../embeddedNN_bsp/ps7_cortexa9_0/include/xscutimer.h:117:0,
                 from ../src/NeuralNetwork/NeuralNetwork.h:3,
                 from ../src/NeuralNetwork/NeuralNetwork.cpp:1:
../src/NeuralNetwork/NeuralNetwork.cpp: In constructor 'NeuralNetwork::NeuralNetwork()':
../src/NeuralNetwork/NeuralNetwork.cpp:25:40: error: 'ONE_SECOND2' was not declared in this scope
  XScuTimer_LoadTimer(TimerInstancePtr, ONE_SECOND2);
                                        ^
../../embeddedNN_bsp/ps7_cortexa9_0/include/xscutimer_hw.h:276:39: note: in definition of macro 'XScuTimer_WriteReg'
  Xil_Out32((BaseAddr) + (RegOffset), (Data))
                                       ^~~~
../src/NeuralNetwork/NeuralNetwork.cpp:25:2: note: in expansion of macro 'XScuTimer_LoadTimer'
  XScuTimer_LoadTimer(TimerInstancePtr, ONE_SECOND2);
  ^~~~~~~~~~~~~~~~~~~
../src/NeuralNetwork/NeuralNetwork.cpp: In member function 'char NeuralNetwork::runNN(char*)':
../src/NeuralNetwork/NeuralNetwork.cpp:74:18: error: 'TimerInstancePtr' was not declared in this scope
  XScuTimer_Start(TimerInstancePtr);
                  ^~~~~~~~~~~~~~~~
../src/NeuralNetwork/NeuralNetwork.cpp:79:20: error: 'XPAR_LED_IP_S_AXI_BASEADDR' was not declared in this scope
   LED_IP_mWriteReg(XPAR_LED_IP_S_AXI_BASEADDR, 0, i);
                    ^~~~~~~~~~~~~~~~~~~~~~~~~~
../src/NeuralNetwork/NeuralNetwork.cpp:79:51: error: 'i' was not declared in this scope
   LED_IP_mWriteReg(XPAR_LED_IP_S_AXI_BASEADDR, 0, i);
                                                   ^
../src/NeuralNetwork/NeuralNetwork.cpp:79:52: error: 'LED_IP_mWriteReg' was not declared in this scope
   LED_IP_mWriteReg(XPAR_LED_IP_S_AXI_BASEADDR, 0, i);
                                                    ^
../src/NeuralNetwork/NeuralNetwork.cpp:83:2: warning: no return statement in function returning non-void [-Wreturn-type]
  }
  ^
../src/NeuralNetwork/NeuralNetwork.cpp: At global scope:
../src/NeuralNetwork/NeuralNetwork.cpp:86:16: error: expected constructor, destructor, or type conversion before '(' token
  XScuTimer_Stop(TimerInstancePtr);
                ^
../src/NeuralNetwork/NeuralNetwork.cpp:87:22: error: expected constructor, destructor, or type conversion before '(' token
  XNeuralnetwork_Start(&nn);
                      ^
../src/NeuralNetwork/NeuralNetwork.cpp:89:2: error: expected unqualified-id before 'while'
  while(!XNeuralnetwork_IsReady(&nn))
  ^~~~~
../src/NeuralNetwork/NeuralNetwork.cpp:92:2: error: expected unqualified-id before 'return'
  return XNeuralnetwork_Get_return(&nn);
  ^~~~~~
../src/NeuralNetwork/NeuralNetwork.cpp:93:1: error: expected declaration before '}' token
 }
 ^
make: *** [src/NeuralNetwork/NeuralNetwork.o] Fejl 1
08:33:34 **** Auto Build of configuration Debug for project embeddedNN ****
make pre-build main-build 
a9-linaro-pre-build-step
' '
'Building file: ../src/NeuralNetwork/NeuralNetwork.cpp'
'Invoking: ARM v7 g++ compiler'
arm-none-eabi-g++ -Wall -O0 -g3 -c -fmessage-length=0 -MT"src/NeuralNetwork/NeuralNetwork.o" -mcpu=cortex-a9 -mfpu=vfpv3 -mfloat-abi=hard -I../../embeddedNN_bsp/ps7_cortexa9_0/include -I-Wl,--start-group,-lxilffs,-lxil,-lgcc,-lc,--end-group -MMD -MP -MF"src/NeuralNetwork/NeuralNetwork.d" -MT"src/NeuralNetwork/NeuralNetwork.o" -o "src/NeuralNetwork/NeuralNetwork.o" "../src/NeuralNetwork/NeuralNetwork.cpp"
../src/NeuralNetwork/NeuralNetwork.cpp: In member function 'char NeuralNetwork::runNN(char*)':
../src/NeuralNetwork/NeuralNetwork.cpp:74:18: error: 'TimerInstancePtr' was not declared in this scope
  XScuTimer_Start(TimerInstancePtr);
                  ^~~~~~~~~~~~~~~~
../src/NeuralNetwork/NeuralNetwork.cpp:79:20: error: 'XPAR_LED_IP_S_AXI_BASEADDR' was not declared in this scope
   LED_IP_mWriteReg(XPAR_LED_IP_S_AXI_BASEADDR, 0, i);
                    ^~~~~~~~~~~~~~~~~~~~~~~~~~
../src/NeuralNetwork/NeuralNetwork.cpp:79:51: error: 'i' was not declared in this scope
   LED_IP_mWriteReg(XPAR_LED_IP_S_AXI_BASEADDR, 0, i);
                                                   ^
../src/NeuralNetwork/NeuralNetwork.cpp:79:52: error: 'LED_IP_mWriteReg' was not declared in this scope
   LED_IP_mWriteReg(XPAR_LED_IP_S_AXI_BASEADDR, 0, i);
                                                    ^
../src/NeuralNetwork/NeuralNetwork.cpp:83:2: warning: no return statement in function returning non-void [-Wreturn-type]
  }
  ^
../src/NeuralNetwork/NeuralNetwork.cpp: At global scope:
../src/NeuralNetwork/NeuralNetwork.cpp:86:16: error: expected constructor, destructor, or type conversion before '(' token
  XScuTimer_Stop(TimerInstancePtr);
                ^
../src/NeuralNetwork/NeuralNetwork.cpp:87:22: error: expected constructor, destructor, or type conversion before '(' token
  XNeuralnetwork_Start(&nn);
                      ^
../src/NeuralNetwork/NeuralNetwork.cpp:89:2: error: expected unqualified-id before 'while'
  while(!XNeuralnetwork_IsReady(&nn))
  ^~~~~
../src/NeuralNetwork/NeuralNetwork.cpp:92:2: error: expected unqualified-id before 'return'
  return XNeuralnetwork_Get_return(&nn);
  ^~~~~~
../src/NeuralNetwork/NeuralNetwork.cpp:93:1: error: expected declaration before '}' token
 }
 ^
make: *** [src/NeuralNetwork/NeuralNetwork.o] Fejl 1
08:33:54 **** Auto Build of configuration Debug for project embeddedNN ****
make pre-build main-build 
a9-linaro-pre-build-step
' '
'Building file: ../src/StatePattern/States/runNetwork.cpp'
'Invoking: ARM v7 g++ compiler'
arm-none-eabi-g++ -Wall -O0 -g3 -c -fmessage-length=0 -MT"src/StatePattern/States/runNetwork.o" -mcpu=cortex-a9 -mfpu=vfpv3 -mfloat-abi=hard -I../../embeddedNN_bsp/ps7_cortexa9_0/include -I-Wl,--start-group,-lxilffs,-lxil,-lgcc,-lc,--end-group -MMD -MP -MF"src/StatePattern/States/runNetwork.d" -MT"src/StatePattern/States/runNetwork.o" -o "src/StatePattern/States/runNetwork.o" "../src/StatePattern/States/runNetwork.cpp"
'Finished building: ../src/StatePattern/States/runNetwork.cpp'
' '
'Building file: ../src/SDCard/TestFileSDCard.cpp'
'Invoking: ARM v7 g++ compiler'
arm-none-eabi-g++ -Wall -O0 -g3 -c -fmessage-length=0 -MT"src/SDCard/TestFileSDCard.o" -mcpu=cortex-a9 -mfpu=vfpv3 -mfloat-abi=hard -I../../embeddedNN_bsp/ps7_cortexa9_0/include -I-Wl,--start-group,-lxilffs,-lxil,-lgcc,-lc,--end-group -MMD -MP -MF"src/SDCard/TestFileSDCard.d" -MT"src/SDCard/TestFileSDCard.o" -o "src/SDCard/TestFileSDCard.o" "../src/SDCard/TestFileSDCard.cpp"
../src/SDCard/TestFileSDCard.cpp: In function 'void TestFileSDCardOwn(int*)':
../src/SDCard/TestFileSDCard.cpp:99:23: warning: suggest parentheses around assignment used as truth value [-Wparentheses]
   if(res =! lbl[index])
                       ^
'Finished building: ../src/SDCard/TestFileSDCard.cpp'
' '
'Building file: ../src/NeuralNetwork/NeuralNetwork.cpp'
'Invoking: ARM v7 g++ compiler'
arm-none-eabi-g++ -Wall -O0 -g3 -c -fmessage-length=0 -MT"src/NeuralNetwork/NeuralNetwork.o" -mcpu=cortex-a9 -mfpu=vfpv3 -mfloat-abi=hard -I../../embeddedNN_bsp/ps7_cortexa9_0/include -I-Wl,--start-group,-lxilffs,-lxil,-lgcc,-lc,--end-group -MMD -MP -MF"src/NeuralNetwork/NeuralNetwork.d" -MT"src/NeuralNetwork/NeuralNetwork.o" -o "src/NeuralNetwork/NeuralNetwork.o" "../src/NeuralNetwork/NeuralNetwork.cpp"
../src/NeuralNetwork/NeuralNetwork.cpp: In constructor 'NeuralNetwork::NeuralNetwork()':
../src/NeuralNetwork/NeuralNetwork.cpp:15:33: error: 'Timer' was not declared in this scope
  XScuTimer *TimerInstancePtr = &Timer;
                                 ^~~~~
../src/NeuralNetwork/NeuralNetwork.cpp: In member function 'char NeuralNetwork::runNN(char*)':
../src/NeuralNetwork/NeuralNetwork.cpp:74:18: error: 'TimerInstancePtr' was not declared in this scope
  XScuTimer_Start(TimerInstancePtr);
                  ^~~~~~~~~~~~~~~~
../src/NeuralNetwork/NeuralNetwork.cpp:79:20: error: 'XPAR_LED_IP_S_AXI_BASEADDR' was not declared in this scope
   LED_IP_mWriteReg(XPAR_LED_IP_S_AXI_BASEADDR, 0, i);
                    ^~~~~~~~~~~~~~~~~~~~~~~~~~
../src/NeuralNetwork/NeuralNetwork.cpp:79:51: error: 'i' was not declared in this scope
   LED_IP_mWriteReg(XPAR_LED_IP_S_AXI_BASEADDR, 0, i);
                                                   ^
../src/NeuralNetwork/NeuralNetwork.cpp:79:52: error: 'LED_IP_mWriteReg' was not declared in this scope
   LED_IP_mWriteReg(XPAR_LED_IP_S_AXI_BASEADDR, 0, i);
                                                    ^
../src/NeuralNetwork/NeuralNetwork.cpp:83:2: warning: no return statement in function returning non-void [-Wreturn-type]
  }
  ^
../src/NeuralNetwork/NeuralNetwork.cpp: At global scope:
../src/NeuralNetwork/NeuralNetwork.cpp:86:16: error: expected constructor, destructor, or type conversion before '(' token
  XScuTimer_Stop(TimerInstancePtr);
                ^
../src/NeuralNetwork/NeuralNetwork.cpp:87:22: error: expected constructor, destructor, or type conversion before '(' token
  XNeuralnetwork_Start(&nn);
                      ^
../src/NeuralNetwork/NeuralNetwork.cpp:89:2: error: expected unqualified-id before 'while'
  while(!XNeuralnetwork_IsReady(&nn))
  ^~~~~
../src/NeuralNetwork/NeuralNetwork.cpp:92:2: error: expected unqualified-id before 'return'
  return XNeuralnetwork_Get_return(&nn);
  ^~~~~~
../src/NeuralNetwork/NeuralNetwork.cpp:93:1: error: expected declaration before '}' token
 }
 ^
make: *** [src/NeuralNetwork/NeuralNetwork.o] Fejl 1
08:34:31 **** Auto Build of configuration Debug for project embeddedNN ****
make pre-build main-build 
a9-linaro-pre-build-step
' '
'Building file: ../src/NeuralNetwork/NeuralNetwork.cpp'
'Invoking: ARM v7 g++ compiler'
arm-none-eabi-g++ -Wall -O0 -g3 -c -fmessage-length=0 -MT"src/NeuralNetwork/NeuralNetwork.o" -mcpu=cortex-a9 -mfpu=vfpv3 -mfloat-abi=hard -I../../embeddedNN_bsp/ps7_cortexa9_0/include -I-Wl,--start-group,-lxilffs,-lxil,-lgcc,-lc,--end-group -MMD -MP -MF"src/NeuralNetwork/NeuralNetwork.d" -MT"src/NeuralNetwork/NeuralNetwork.o" -o "src/NeuralNetwork/NeuralNetwork.o" "../src/NeuralNetwork/NeuralNetwork.cpp"
../src/NeuralNetwork/NeuralNetwork.cpp: In constructor 'NeuralNetwork::NeuralNetwork()':
../src/NeuralNetwork/NeuralNetwork.cpp:15:33: error: 'Timer' was not declared in this scope
  XScuTimer *TimerInstancePtr = &Timer;
                                 ^~~~~
In file included from ../../embeddedNN_bsp/ps7_cortexa9_0/include/xscutimer.h:117:0,
                 from ../src/NeuralNetwork/NeuralNetwork.h:3,
                 from ../src/NeuralNetwork/NeuralNetwork.cpp:1:
../src/NeuralNetwork/NeuralNetwork.cpp: In member function 'char NeuralNetwork::runNN(char*)':
../src/NeuralNetwork/NeuralNetwork.cpp:77:29: error: 'TimerInstancePtr' was not declared in this scope
  while(!XScuTimer_IsExpired(TimerInstancePtr)) {}
                             ^
../../embeddedNN_bsp/ps7_cortexa9_0/include/xscutimer_hw.h:258:12: note: in definition of macro 'XScuTimer_ReadReg'
  Xil_In32((BaseAddr) + (RegOffset))
            ^~~~~~~~
../src/NeuralNetwork/NeuralNetwork.cpp:77:9: note: in expansion of macro 'XScuTimer_IsExpired'
  while(!XScuTimer_IsExpired(TimerInstancePtr)) {}
         ^~~~~~~~~~~~~~~~~~~
../src/NeuralNetwork/NeuralNetwork.cpp:79:20: error: 'XPAR_LED_IP_S_AXI_BASEADDR' was not declared in this scope
   LED_IP_mWriteReg(XPAR_LED_IP_S_AXI_BASEADDR, 0, i);
                    ^~~~~~~~~~~~~~~~~~~~~~~~~~
../src/NeuralNetwork/NeuralNetwork.cpp:79:51: error: 'i' was not declared in this scope
   LED_IP_mWriteReg(XPAR_LED_IP_S_AXI_BASEADDR, 0, i);
                                                   ^
../src/NeuralNetwork/NeuralNetwork.cpp:79:52: error: 'LED_IP_mWriteReg' was not declared in this scope
   LED_IP_mWriteReg(XPAR_LED_IP_S_AXI_BASEADDR, 0, i);
                                                    ^
In file included from ../../embeddedNN_bsp/ps7_cortexa9_0/include/xscutimer.h:117:0,
                 from ../src/NeuralNetwork/NeuralNetwork.h:3,
                 from ../src/NeuralNetwork/NeuralNetwork.cpp:1:
../src/NeuralNetwork/NeuralNetwork.cpp:82:34: error: 'TimerInstancePtr' was not declared in this scope
   XScuTimer_ClearInterruptStatus(TimerInstancePtr);
                                  ^
../../embeddedNN_bsp/ps7_cortexa9_0/include/xscutimer_hw.h:276:13: note: in definition of macro 'XScuTimer_WriteReg'
  Xil_Out32((BaseAddr) + (RegOffset), (Data))
             ^~~~~~~~
../src/NeuralNetwork/NeuralNetwork.cpp:82:3: note: in expansion of macro 'XScuTimer_ClearInterruptStatus'
   XScuTimer_ClearInterruptStatus(TimerInstancePtr);
   ^~~~~~~~~~~~~~~~~~~~~~~~~~~~~~
../src/NeuralNetwork/NeuralNetwork.cpp:83:2: warning: no return statement in function returning non-void [-Wreturn-type]
  }
  ^
../src/NeuralNetwork/NeuralNetwork.cpp: At global scope:
../src/NeuralNetwork/NeuralNetwork.cpp:85:22: error: expected constructor, destructor, or type conversion before '(' token
  XNeuralnetwork_Start(&nn);
                      ^
../src/NeuralNetwork/NeuralNetwork.cpp:87:2: error: expected unqualified-id before 'while'
  while(!XNeuralnetwork_IsReady(&nn))
  ^~~~~
../src/NeuralNetwork/NeuralNetwork.cpp:90:40: error: 'nn' was not declared in this scope
  char res = XNeuralnetwork_Get_return(&nn);
                                        ^~
../src/NeuralNetwork/NeuralNetwork.cpp:93:16: error: expected constructor, destructor, or type conversion before '(' token
  XScuTimer_Stop(&timerInstance);
                ^
../src/NeuralNetwork/NeuralNetwork.cpp:94:1: error: expected declaration before '}' token
 }
 ^
make: *** [src/NeuralNetwork/NeuralNetwork.o] Fejl 1
08:34:39 **** Auto Build of configuration Debug for project embeddedNN ****
make pre-build main-build 
a9-linaro-pre-build-step
' '
'Building file: ../src/NeuralNetwork/NeuralNetwork.cpp'
'Invoking: ARM v7 g++ compiler'
arm-none-eabi-g++ -Wall -O0 -g3 -c -fmessage-length=0 -MT"src/NeuralNetwork/NeuralNetwork.o" -mcpu=cortex-a9 -mfpu=vfpv3 -mfloat-abi=hard -I../../embeddedNN_bsp/ps7_cortexa9_0/include -I-Wl,--start-group,-lxilffs,-lxil,-lgcc,-lc,--end-group -MMD -MP -MF"src/NeuralNetwork/NeuralNetwork.d" -MT"src/NeuralNetwork/NeuralNetwork.o" -o "src/NeuralNetwork/NeuralNetwork.o" "../src/NeuralNetwork/NeuralNetwork.cpp"
../src/NeuralNetwork/NeuralNetwork.cpp: In constructor 'NeuralNetwork::NeuralNetwork()':
../src/NeuralNetwork/NeuralNetwork.cpp:15:33: error: 'Timer' was not declared in this scope
  XScuTimer *TimerInstancePtr = &Timer;
                                 ^~~~~
In file included from ../../embeddedNN_bsp/ps7_cortexa9_0/include/xscutimer.h:117:0,
                 from ../src/NeuralNetwork/NeuralNetwork.h:3,
                 from ../src/NeuralNetwork/NeuralNetwork.cpp:1:
../src/NeuralNetwork/NeuralNetwork.cpp: In member function 'char NeuralNetwork::runNN(char*)':
../src/NeuralNetwork/NeuralNetwork.cpp:77:30: error: 'TimerInstancePtr' was not declared in this scope
  while(!XScuTimer_IsExpired(&TimerInstancePtr)) {}
                              ^
../../embeddedNN_bsp/ps7_cortexa9_0/include/xscutimer_hw.h:258:12: note: in definition of macro 'XScuTimer_ReadReg'
  Xil_In32((BaseAddr) + (RegOffset))
            ^~~~~~~~
../src/NeuralNetwork/NeuralNetwork.cpp:77:9: note: in expansion of macro 'XScuTimer_IsExpired'
  while(!XScuTimer_IsExpired(&TimerInstancePtr)) {}
         ^~~~~~~~~~~~~~~~~~~
../src/NeuralNetwork/NeuralNetwork.cpp:79:20: error: 'XPAR_LED_IP_S_AXI_BASEADDR' was not declared in this scope
   LED_IP_mWriteReg(XPAR_LED_IP_S_AXI_BASEADDR, 0, i);
                    ^~~~~~~~~~~~~~~~~~~~~~~~~~
../src/NeuralNetwork/NeuralNetwork.cpp:79:51: error: 'i' was not declared in this scope
   LED_IP_mWriteReg(XPAR_LED_IP_S_AXI_BASEADDR, 0, i);
                                                   ^
../src/NeuralNetwork/NeuralNetwork.cpp:79:52: error: 'LED_IP_mWriteReg' was not declared in this scope
   LED_IP_mWriteReg(XPAR_LED_IP_S_AXI_BASEADDR, 0, i);
                                                    ^
In file included from ../../embeddedNN_bsp/ps7_cortexa9_0/include/xscutimer.h:117:0,
                 from ../src/NeuralNetwork/NeuralNetwork.h:3,
                 from ../src/NeuralNetwork/NeuralNetwork.cpp:1:
../src/NeuralNetwork/NeuralNetwork.cpp:82:35: error: 'TimerInstancePtr' was not declared in this scope
   XScuTimer_ClearInterruptStatus(&TimerInstancePtr);
                                   ^
../../embeddedNN_bsp/ps7_cortexa9_0/include/xscutimer_hw.h:276:13: note: in definition of macro 'XScuTimer_WriteReg'
  Xil_Out32((BaseAddr) + (RegOffset), (Data))
             ^~~~~~~~
../src/NeuralNetwork/NeuralNetwork.cpp:82:3: note: in expansion of macro 'XScuTimer_ClearInterruptStatus'
   XScuTimer_ClearInterruptStatus(&TimerInstancePtr);
   ^~~~~~~~~~~~~~~~~~~~~~~~~~~~~~
../src/NeuralNetwork/NeuralNetwork.cpp:83:2: warning: no return statement in function returning non-void [-Wreturn-type]
  }
  ^
../src/NeuralNetwork/NeuralNetwork.cpp: At global scope:
../src/NeuralNetwork/NeuralNetwork.cpp:85:22: error: expected constructor, destructor, or type conversion before '(' token
  XNeuralnetwork_Start(&nn);
                      ^
../src/NeuralNetwork/NeuralNetwork.cpp:87:2: error: expected unqualified-id before 'while'
  while(!XNeuralnetwork_IsReady(&nn))
  ^~~~~
../src/NeuralNetwork/NeuralNetwork.cpp:90:40: error: 'nn' was not declared in this scope
  char res = XNeuralnetwork_Get_return(&nn);
                                        ^~
../src/NeuralNetwork/NeuralNetwork.cpp:93:16: error: expected constructor, destructor, or type conversion before '(' token
  XScuTimer_Stop(&timerInstance);
                ^
../src/NeuralNetwork/NeuralNetwork.cpp:94:1: error: expected declaration before '}' token
 }
 ^
make: *** [src/NeuralNetwork/NeuralNetwork.o] Fejl 1
08:34:56 **** Auto Build of configuration Debug for project embeddedNN ****
make pre-build main-build 
a9-linaro-pre-build-step
' '
'Building file: ../src/NeuralNetwork/NeuralNetwork.cpp'
'Invoking: ARM v7 g++ compiler'
arm-none-eabi-g++ -Wall -O0 -g3 -c -fmessage-length=0 -MT"src/NeuralNetwork/NeuralNetwork.o" -mcpu=cortex-a9 -mfpu=vfpv3 -mfloat-abi=hard -I../../embeddedNN_bsp/ps7_cortexa9_0/include -I-Wl,--start-group,-lxilffs,-lxil,-lgcc,-lc,--end-group -MMD -MP -MF"src/NeuralNetwork/NeuralNetwork.d" -MT"src/NeuralNetwork/NeuralNetwork.o" -o "src/NeuralNetwork/NeuralNetwork.o" "../src/NeuralNetwork/NeuralNetwork.cpp"
../src/NeuralNetwork/NeuralNetwork.cpp: In constructor 'NeuralNetwork::NeuralNetwork()':
../src/NeuralNetwork/NeuralNetwork.cpp:15:33: error: 'Timer' was not declared in this scope
  XScuTimer *TimerInstancePtr = &Timer;
                                 ^~~~~
../src/NeuralNetwork/NeuralNetwork.cpp: In member function 'char NeuralNetwork::runNN(char*)':
../src/NeuralNetwork/NeuralNetwork.cpp:81:7: warning: unused variable 'res' [-Wunused-variable]
  char res = XNeuralnetwork_Get_return(&nn);
       ^~~
../src/NeuralNetwork/NeuralNetwork.cpp:85:1: warning: no return statement in function returning non-void [-Wreturn-type]
 }
 ^
make: *** [src/NeuralNetwork/NeuralNetwork.o] Fejl 1
08:35:41 **** Auto Build of configuration Debug for project embeddedNN ****
make pre-build main-build 
a9-linaro-pre-build-step
' '
'Building file: ../src/NeuralNetwork/NeuralNetwork.cpp'
'Invoking: ARM v7 g++ compiler'
arm-none-eabi-g++ -Wall -O0 -g3 -c -fmessage-length=0 -MT"src/NeuralNetwork/NeuralNetwork.o" -mcpu=cortex-a9 -mfpu=vfpv3 -mfloat-abi=hard -I../../embeddedNN_bsp/ps7_cortexa9_0/include -I-Wl,--start-group,-lxilffs,-lxil,-lgcc,-lc,--end-group -MMD -MP -MF"src/NeuralNetwork/NeuralNetwork.d" -MT"src/NeuralNetwork/NeuralNetwork.o" -o "src/NeuralNetwork/NeuralNetwork.o" "../src/NeuralNetwork/NeuralNetwork.cpp"
'Finished building: ../src/NeuralNetwork/NeuralNetwork.cpp'
' '
'Building file: ../src/main.cc'
'Invoking: ARM v7 g++ compiler'
arm-none-eabi-g++ -Wall -O0 -g3 -c -fmessage-length=0 -MT"src/main.o" -mcpu=cortex-a9 -mfpu=vfpv3 -mfloat-abi=hard -I../../embeddedNN_bsp/ps7_cortexa9_0/include -I-Wl,--start-group,-lxilffs,-lxil,-lgcc,-lc,--end-group -MMD -MP -MF"src/main.d" -MT"src/main.o" -o "src/main.o" "../src/main.cc"
'Finished building: ../src/main.cc'
' '
'Building target: embeddedNN.elf'
'Invoking: ARM v7 g++ linker'
arm-none-eabi-g++ -mcpu=cortex-a9 -mfpu=vfpv3 -mfloat-abi=hard -Wl,-build-id=none -specs=Xilinx.spec -Wl,-T -Wl,../src/lscript.ld -L../../embeddedNN_bsp/ps7_cortexa9_0/lib -o "embeddedNN.elf"  ./src/StatePattern/States/State.o ./src/StatePattern/States/displayResults.o ./src/StatePattern/States/getImage.o ./src/StatePattern/States/getInput.o ./src/StatePattern/States/runNetwork.o  ./src/StatePattern/Context.o  ./src/SDCard/FileSDCard.o ./src/SDCard/SDReader.o ./src/SDCard/TestFileSDCard.o  ./src/NeuralNetwork/NeuralNetwork.o  ./src/GPIO/GPIOManager.o  ./src/main.o   -Wl,--start-group,-lxil,-lfreertos,-lgcc,-lc,-lstdc++,--end-group -Wl,--start-group,-lxilffs,-lxil,-lgcc,-lc,--end-group
'Finished building target: embeddedNN.elf'
' '
'Invoking: ARM v7 Print Size'
arm-none-eabi-size embeddedNN.elf  |tee "embeddedNN.elf.size"
   text	   data	    bss	    dec	    hex	filename
 201644	   4268	  93024	 298936	  48fb8	embeddedNN.elf
'Finished building: embeddedNN.elf.size'
' '
08:36:41 **** Auto Build of configuration Debug for project embeddedNN ****
make pre-build main-build 
a9-linaro-pre-build-step
' '
'Building file: ../src/NeuralNetwork/NeuralNetwork.cpp'
'Invoking: ARM v7 g++ compiler'
arm-none-eabi-g++ -Wall -O0 -g3 -c -fmessage-length=0 -MT"src/NeuralNetwork/NeuralNetwork.o" -mcpu=cortex-a9 -mfpu=vfpv3 -mfloat-abi=hard -I../../embeddedNN_bsp/ps7_cortexa9_0/include -I-Wl,--start-group,-lxilffs,-lxil,-lgcc,-lc,--end-group -MMD -MP -MF"src/NeuralNetwork/NeuralNetwork.d" -MT"src/NeuralNetwork/NeuralNetwork.o" -o "src/NeuralNetwork/NeuralNetwork.o" "../src/NeuralNetwork/NeuralNetwork.cpp"
../src/NeuralNetwork/NeuralNetwork.cpp: In member function 'char NeuralNetwork::runNN(char*)':
../src/NeuralNetwork/NeuralNetwork.cpp:76:20: error: 'XscuTimer_restart' was not declared in this scope
  XscuTimer_restart();
                    ^
../src/NeuralNetwork/NeuralNetwork.cpp:73:6: warning: unused variable 'startTime' [-Wunused-variable]
  int startTime = XScuTimer_GetCounterValue(&timerInstance);
      ^~~~~~~~~
make: *** [src/NeuralNetwork/NeuralNetwork.o] Fejl 1
08:38:09 **** Auto Build of configuration Debug for project embeddedNN ****
make pre-build main-build 
a9-linaro-pre-build-step
' '
'Building file: ../src/NeuralNetwork/NeuralNetwork.cpp'
'Invoking: ARM v7 g++ compiler'
arm-none-eabi-g++ -Wall -O0 -g3 -c -fmessage-length=0 -MT"src/NeuralNetwork/NeuralNetwork.o" -mcpu=cortex-a9 -mfpu=vfpv3 -mfloat-abi=hard -I../../embeddedNN_bsp/ps7_cortexa9_0/include -I-Wl,--start-group,-lxilffs,-lxil,-lgcc,-lc,--end-group -MMD -MP -MF"src/NeuralNetwork/NeuralNetwork.d" -MT"src/NeuralNetwork/NeuralNetwork.o" -o "src/NeuralNetwork/NeuralNetwork.o" "../src/NeuralNetwork/NeuralNetwork.cpp"
../src/NeuralNetwork/NeuralNetwork.cpp: In member function 'char NeuralNetwork::runNN(char*)':
../src/NeuralNetwork/NeuralNetwork.cpp:76:20: error: 'XscuTimer_restart' was not declared in this scope
  XscuTimer_restart();
                    ^
../src/NeuralNetwork/NeuralNetwork.cpp:89:103: error: 'xil_print' was not declared in this scope
  xil_print("Time spent running nn", (startTime - XScuTimer_GetCounterValue(&timerInstance))/ONE_SECOND)
                                                                                                       ^
../src/NeuralNetwork/NeuralNetwork.cpp:84:7: warning: unused variable 'res' [-Wunused-variable]
  char res = XNeuralnetwork_Get_return(&nn);
       ^~~
../src/NeuralNetwork/NeuralNetwork.cpp:92:1: warning: no return statement in function returning non-void [-Wreturn-type]
 }
 ^
make: *** [src/NeuralNetwork/NeuralNetwork.o] Fejl 1
08:38:38 **** Auto Build of configuration Debug for project embeddedNN ****
make pre-build main-build 
a9-linaro-pre-build-step
' '
'Building file: ../src/NeuralNetwork/NeuralNetwork.cpp'
'Invoking: ARM v7 g++ compiler'
[...]
C:\Users\jespe\Desktop\Uni_Civil_9_Semester\Embedded_course\ERTS_final_project\Vivado_project\project_1\project_1.sdk\embeddedNN\Debug/../src/GPIO/GPIOManager.cpp:32: undefined reference to `GPIOManager::ledsInst'
C:\Users\jespe\Desktop\Uni_Civil_9_Semester\Embedded_course\ERTS_final_project\Vivado_project\project_1\project_1.sdk\embeddedNN\Debug/../src/GPIO/GPIOManager.cpp:32: undefined reference to `GPIOManager::ledsInst'
./src/GPIO/GPIOManager.o: In function `GPIOManager::setLeds(unsigned long)':
C:\Users\jespe\Desktop\Uni_Civil_9_Semester\Embedded_course\ERTS_final_project\Vivado_project\project_1\project_1.sdk\embeddedNN\Debug/../src/GPIO/GPIOManager.cpp:83: undefined reference to `GPIOManager::ledsInst'
C:\Users\jespe\Desktop\Uni_Civil_9_Semester\Embedded_course\ERTS_final_project\Vivado_project\project_1\project_1.sdk\embeddedNN\Debug/../src/GPIO/GPIOManager.cpp:83: undefined reference to `GPIOManager::ledsInst'
C:\Users\jespe\Desktop\Uni_Civil_9_Semester\Embedded_course\ERTS_final_project\Vivado_project\project_1\project_1.sdk\embeddedNN\Debug/../src/GPIO/GPIOManager.cpp:84: undefined reference to `GPIOManager::ledsInst'
./src/GPIO/GPIOManager.o:C:\Users\jespe\Desktop\Uni_Civil_9_Semester\Embedded_course\ERTS_final_project\Vivado_project\project_1\project_1.sdk\embeddedNN\Debug/../src/GPIO/GPIOManager.cpp:84: more undefined references to `GPIOManager::ledsInst' follow
./src/GPIO/GPIOManager.o: In function `GPIOManager::getButtons()':
C:\Users\jespe\Desktop\Uni_Civil_9_Semester\Embedded_course\ERTS_final_project\Vivado_project\project_1\project_1.sdk\embeddedNN\Debug/../src/GPIO/GPIOManager.cpp:88: undefined reference to `GPIOManager::inputPeripheraInst'
C:\Users\jespe\Desktop\Uni_Civil_9_Semester\Embedded_course\ERTS_final_project\Vivado_project\project_1\project_1.sdk\embeddedNN\Debug/../src/GPIO/GPIOManager.cpp:88: undefined reference to `GPIOManager::inputPeripheraInst'
./src/GPIO/GPIOManager.o: In function `GPIOManager::getSwitches()':
C:\Users\jespe\Desktop\Uni_Civil_9_Semester\Embedded_course\ERTS_final_project\Vivado_project\project_1\project_1.sdk\embeddedNN\Debug/../src/GPIO/GPIOManager.cpp:92: undefined reference to `GPIOManager::inputPeripheraInst'
C:\Users\jespe\Desktop\Uni_Civil_9_Semester\Embedded_course\ERTS_final_project\Vivado_project\project_1\project_1.sdk\embeddedNN\Debug/../src/GPIO/GPIOManager.cpp:92: undefined reference to `GPIOManager::inputPeripheraInst'
collect2.exe: error: ld returned 1 exit status
make: *** [embeddedNN.elf] Fejl 1
11:20:48 **** Auto Build of configuration Debug for project embeddedNN ****
make pre-build main-build 
a9-linaro-pre-build-step
' '
'Building file: ../src/GPIO/GPIOManager.cpp'
'Invoking: ARM v7 g++ compiler'
arm-none-eabi-g++ -Wall -O0 -g3 -c -fmessage-length=0 -MT"src/GPIO/GPIOManager.o" -mcpu=cortex-a9 -mfpu=vfpv3 -mfloat-abi=hard -I../../embeddedNN_bsp/ps7_cortexa9_0/include -I-Wl,--start-group,-lxilffs,-lxil,-lgcc,-lc,--end-group -MMD -MP -MF"src/GPIO/GPIOManager.d" -MT"src/GPIO/GPIOManager.o" -o "src/GPIO/GPIOManager.o" "../src/GPIO/GPIOManager.cpp"
../src/GPIO/GPIOManager.cpp:21:39: error: expected initializer before 'XGpio'
 XGpio GPIOManager::inputPeripheraInst XGpio()
                                       ^~~~~
make: *** [src/GPIO/GPIOManager.o] Fejl 1
11:20:55 **** Auto Build of configuration Debug for project embeddedNN ****
make pre-build main-build 
a9-linaro-pre-build-step
' '
'Building file: ../src/GPIO/GPIOManager.cpp'
'Invoking: ARM v7 g++ compiler'
arm-none-eabi-g++ -Wall -O0 -g3 -c -fmessage-length=0 -MT"src/GPIO/GPIOManager.o" -mcpu=cortex-a9 -mfpu=vfpv3 -mfloat-abi=hard -I../../embeddedNN_bsp/ps7_cortexa9_0/include -I-Wl,--start-group,-lxilffs,-lxil,-lgcc,-lc,--end-group -MMD -MP -MF"src/GPIO/GPIOManager.d" -MT"src/GPIO/GPIOManager.o" -o "src/GPIO/GPIOManager.o" "../src/GPIO/GPIOManager.cpp"
../src/GPIO/GPIOManager.cpp:22:1: error: expected ',' or ';' before 'XGpio'
 XGpio GPIOManager::ledsInst = XGpio()
 ^~~~~
make: *** [src/GPIO/GPIOManager.o] Fejl 1
11:20:59 **** Auto Build of configuration Debug for project embeddedNN ****
make pre-build main-build 
a9-linaro-pre-build-step
' '
'Building file: ../src/GPIO/GPIOManager.cpp'
'Invoking: ARM v7 g++ compiler'
arm-none-eabi-g++ -Wall -O0 -g3 -c -fmessage-length=0 -MT"src/GPIO/GPIOManager.o" -mcpu=cortex-a9 -mfpu=vfpv3 -mfloat-abi=hard -I../../embeddedNN_bsp/ps7_cortexa9_0/include -I-Wl,--start-group,-lxilffs,-lxil,-lgcc,-lc,--end-group -MMD -MP -MF"src/GPIO/GPIOManager.d" -MT"src/GPIO/GPIOManager.o" -o "src/GPIO/GPIOManager.o" "../src/GPIO/GPIOManager.cpp"
../src/GPIO/GPIOManager.cpp:24:13: warning: 'void interruptHandler(void*)' declared 'static' but never defined [-Wunused-function]
 static void interruptHandler(void *InstancePtr);
             ^~~~~~~~~~~~~~~~
'Finished building: ../src/GPIO/GPIOManager.cpp'
' '
'Building target: embeddedNN.elf'
'Invoking: ARM v7 g++ linker'
arm-none-eabi-g++ -mcpu=cortex-a9 -mfpu=vfpv3 -mfloat-abi=hard -Wl,-build-id=none -specs=Xilinx.spec -Wl,-T -Wl,../src/lscript.ld -L../../embeddedNN_bsp/ps7_cortexa9_0/lib -o "embeddedNN.elf"  ./src/StatePattern/States/State.o ./src/StatePattern/States/displayResults.o ./src/StatePattern/States/getImage.o ./src/StatePattern/States/getInput.o ./src/StatePattern/States/runNetwork.o  ./src/StatePattern/Context.o  ./src/SDCard/FileSDCard.o ./src/SDCard/SDReader.o ./src/SDCard/TestFileSDCard.o  ./src/NeuralNetwork/NeuralNetwork.o  ./src/GPIO/GPIOManager.o  ./src/main.o   -Wl,--start-group,-lxil,-lfreertos,-lgcc,-lc,-lstdc++,--end-group -Wl,--start-group,-lxilffs,-lxil,-lgcc,-lc,--end-group
'Finished building target: embeddedNN.elf'
' '
'Invoking: ARM v7 Print Size'
arm-none-eabi-size embeddedNN.elf  |tee "embeddedNN.elf.size"
   text	   data	    bss	    dec	    hex	filename
 201940	   4264	  93056	 299260	  490fc	embeddedNN.elf
'Finished building: embeddedNN.elf.size'
' '
11:21:09 **** Incremental Build of configuration Debug for project embeddedNN ****
make pre-build main-build 
a9-linaro-pre-build-step
' '
make: Ingenting at gøre for 'main-build'.
11:21:43 **** Auto Build of configuration Debug for project embeddedNN ****
make pre-build main-build 
a9-linaro-pre-build-step
' '
'Building file: ../src/StatePattern/States/runNetwork.cpp'
'Invoking: ARM v7 g++ compiler'
arm-none-eabi-g++ -Wall -O0 -g3 -c -fmessage-length=0 -MT"src/StatePattern/States/runNetwork.o" -mcpu=cortex-a9 -mfpu=vfpv3 -mfloat-abi=hard -I../../embeddedNN_bsp/ps7_cortexa9_0/include -I-Wl,--start-group,-lxilffs,-lxil,-lgcc,-lc,--end-group -MMD -MP -MF"src/StatePattern/States/runNetwork.d" -MT"src/StatePattern/States/runNetwork.o" -o "src/StatePattern/States/runNetwork.o" "../src/StatePattern/States/runNetwork.cpp"
'Finished building: ../src/StatePattern/States/runNetwork.cpp'
' '
'Building file: ../src/SDCard/TestFileSDCard.cpp'
'Invoking: ARM v7 g++ compiler'
arm-none-eabi-g++ -Wall -O0 -g3 -c -fmessage-length=0 -MT"src/SDCard/TestFileSDCard.o" -mcpu=cortex-a9 -mfpu=vfpv3 -mfloat-abi=hard -I../../embeddedNN_bsp/ps7_cortexa9_0/include -I-Wl,--start-group,-lxilffs,-lxil,-lgcc,-lc,--end-group -MMD -MP -MF"src/SDCard/TestFileSDCard.d" -MT"src/SDCard/TestFileSDCard.o" -o "src/SDCard/TestFileSDCard.o" "../src/SDCard/TestFileSDCard.cpp"
../src/SDCard/TestFileSDCard.cpp: In function 'void TestFileSDCardOwn()':
../src/SDCard/TestFileSDCard.cpp:99:23: warning: suggest parentheses around assignment used as truth value [-Wparentheses]
   if(res =! lbl[index])
                       ^
'Finished building: ../src/SDCard/TestFileSDCard.cpp'
' '
'Building file: ../src/NeuralNetwork/NeuralNetwork.cpp'
'Invoking: ARM v7 g++ compiler'
arm-none-eabi-g++ -Wall -O0 -g3 -c -fmessage-length=0 -MT"src/NeuralNetwork/NeuralNetwork.o" -mcpu=cortex-a9 -mfpu=vfpv3 -mfloat-abi=hard -I../../embeddedNN_bsp/ps7_cortexa9_0/include -I-Wl,--start-group,-lxilffs,-lxil,-lgcc,-lc,--end-group -MMD -MP -MF"src/NeuralNetwork/NeuralNetwork.d" -MT"src/NeuralNetwork/NeuralNetwork.o" -o "src/NeuralNetwork/NeuralNetwork.o" "../src/NeuralNetwork/NeuralNetwork.cpp"
../src/NeuralNetwork/NeuralNetwork.cpp: In member function 'void NeuralNetwork::printTime(u32)':
../src/NeuralNetwork/NeuralNetwork.cpp:129:8: warning: unused variable 'h' [-Wunused-variable]
   char h = 2;
        ^
'Finished building: ../src/NeuralNetwork/NeuralNetwork.cpp'
' '
'Building file: ../src/main.cc'
'Invoking: ARM v7 g++ compiler'
arm-none-eabi-g++ -Wall -O0 -g3 -c -fmessage-length=0 -MT"src/main.o" -mcpu=cortex-a9 -mfpu=vfpv3 -mfloat-abi=hard -I../../embeddedNN_bsp/ps7_cortexa9_0/include -I-Wl,--start-group,-lxilffs,-lxil,-lgcc,-lc,--end-group -MMD -MP -MF"src/main.d" -MT"src/main.o" -o "src/main.o" "../src/main.cc"
'Finished building: ../src/main.cc'
' '
'Building target: embeddedNN.elf'
'Invoking: ARM v7 g++ linker'
arm-none-eabi-g++ -mcpu=cortex-a9 -mfpu=vfpv3 -mfloat-abi=hard -Wl,-build-id=none -specs=Xilinx.spec -Wl,-T -Wl,../src/lscript.ld -L../../embeddedNN_bsp/ps7_cortexa9_0/lib -o "embeddedNN.elf"  ./src/StatePattern/States/State.o ./src/StatePattern/States/displayResults.o ./src/StatePattern/States/getImage.o ./src/StatePattern/States/getInput.o ./src/StatePattern/States/runNetwork.o  ./src/StatePattern/Context.o  ./src/SDCard/FileSDCard.o ./src/SDCard/SDReader.o ./src/SDCard/TestFileSDCard.o  ./src/NeuralNetwork/NeuralNetwork.o  ./src/GPIO/GPIOManager.o  ./src/main.o   -Wl,--start-group,-lxil,-lfreertos,-lgcc,-lc,-lstdc++,--end-group -Wl,--start-group,-lxilffs,-lxil,-lgcc,-lc,--end-group
./src/NeuralNetwork/NeuralNetwork.o: In function `NeuralNetwork::printTime(unsigned long)':
C:\Users\jespe\Desktop\Uni_Civil_9_Semester\Embedded_course\ERTS_final_project\Vivado_project\project_1\project_1.sdk\embeddedNN\Debug/../src/NeuralNetwork/NeuralNetwork.cpp:117: undefined reference to `NeuralNetwork::totalTime'
C:\Users\jespe\Desktop\Uni_Civil_9_Semester\Embedded_course\ERTS_final_project\Vivado_project\project_1\project_1.sdk\embeddedNN\Debug/../src/NeuralNetwork/NeuralNetwork.cpp:117: undefined reference to `NeuralNetwork::totalTime'
C:\Users\jespe\Desktop\Uni_Civil_9_Semester\Embedded_course\ERTS_final_project\Vivado_project\project_1\project_1.sdk\embeddedNN\Debug/../src/NeuralNetwork/NeuralNetwork.cpp:117: undefined reference to `NeuralNetwork::totalTime'
C:\Users\jespe\Desktop\Uni_Civil_9_Semester\Embedded_course\ERTS_final_project\Vivado_project\project_1\project_1.sdk\embeddedNN\Debug/../src/NeuralNetwork/NeuralNetwork.cpp:117: undefined reference to `NeuralNetwork::totalTime'
C:\Users\jespe\Desktop\Uni_Civil_9_Semester\Embedded_course\ERTS_final_project\Vivado_project\project_1\project_1.sdk\embeddedNN\Debug/../src/NeuralNetwork/NeuralNetwork.cpp:124: undefined reference to `NeuralNetwork::totalTime'
./src/NeuralNetwork/NeuralNetwork.o:C:\Users\jespe\Desktop\Uni_Civil_9_Semester\Embedded_course\ERTS_final_project\Vivado_project\project_1\project_1.sdk\embeddedNN\Debug/../src/NeuralNetwork/NeuralNetwork.cpp:124: more undefined references to `NeuralNetwork::totalTime' follow
collect2.exe: error: ld returned 1 exit status
make: *** [embeddedNN.elf] Fejl 1
11:21:57 **** Auto Build of configuration Debug for project embeddedNN ****
make pre-build main-build 
a9-linaro-pre-build-step
' '
'Building file: ../src/NeuralNetwork/NeuralNetwork.cpp'
'Invoking: ARM v7 g++ compiler'
arm-none-eabi-g++ -Wall -O0 -g3 -c -fmessage-length=0 -MT"src/NeuralNetwork/NeuralNetwork.o" -mcpu=cortex-a9 -mfpu=vfpv3 -mfloat-abi=hard -I../../embeddedNN_bsp/ps7_cortexa9_0/include -I-Wl,--start-group,-lxilffs,-lxil,-lgcc,-lc,--end-group -MMD -MP -MF"src/NeuralNetwork/NeuralNetwork.d" -MT"src/NeuralNetwork/NeuralNetwork.o" -o "src/NeuralNetwork/NeuralNetwork.o" "../src/NeuralNetwork/NeuralNetwork.cpp"
../src/NeuralNetwork/NeuralNetwork.cpp: In member function 'void NeuralNetwork::printTime(u32)':
../src/NeuralNetwork/NeuralNetwork.cpp:129:8: warning: unused variable 'h' [-Wunused-variable]
   char h = 2;
        ^
'Finished building: ../src/NeuralNetwork/NeuralNetwork.cpp'
' '
'Building target: embeddedNN.elf'
'Invoking: ARM v7 g++ linker'
arm-none-eabi-g++ -mcpu=cortex-a9 -mfpu=vfpv3 -mfloat-abi=hard -Wl,-build-id=none -specs=Xilinx.spec -Wl,-T -Wl,../src/lscript.ld -L../../embeddedNN_bsp/ps7_cortexa9_0/lib -o "embeddedNN.elf"  ./src/StatePattern/States/State.o ./src/StatePattern/States/displayResults.o ./src/StatePattern/States/getImage.o ./src/StatePattern/States/getInput.o ./src/StatePattern/States/runNetwork.o  ./src/StatePattern/Context.o  ./src/SDCard/FileSDCard.o ./src/SDCard/SDReader.o ./src/SDCard/TestFileSDCard.o  ./src/NeuralNetwork/NeuralNetwork.o  ./src/GPIO/GPIOManager.o  ./src/main.o   -Wl,--start-group,-lxil,-lfreertos,-lgcc,-lc,-lstdc++,--end-group -Wl,--start-group,-lxilffs,-lxil,-lgcc,-lc,--end-group
'Finished building target: embeddedNN.elf'
' '
'Invoking: ARM v7 Print Size'
arm-none-eabi-size embeddedNN.elf  |tee "embeddedNN.elf.size"
   text	   data	    bss	    dec	    hex	filename
 201940	   4264	  93056	 299260	  490fc	embeddedNN.elf
'Finished building: embeddedNN.elf.size'
' '
11:22:00 **** Auto Build of configuration Debug for project embeddedNN ****
make pre-build main-build 
a9-linaro-pre-build-step
' '
'Building file: ../src/NeuralNetwork/NeuralNetwork.cpp'
'Invoking: ARM v7 g++ compiler'
arm-none-eabi-g++ -Wall -O0 -g3 -c -fmessage-length=0 -MT"src/NeuralNetwork/NeuralNetwork.o" -mcpu=cortex-a9 -mfpu=vfpv3 -mfloat-abi=hard -I../../embeddedNN_bsp/ps7_cortexa9_0/include -I-Wl,--start-group,-lxilffs,-lxil,-lgcc,-lc,--end-group -MMD -MP -MF"src/NeuralNetwork/NeuralNetwork.d" -MT"src/NeuralNetwork/NeuralNetwork.o" -o "src/NeuralNetwork/NeuralNetwork.o" "../src/NeuralNetwork/NeuralNetwork.cpp"
../src/NeuralNetwork/NeuralNetwork.cpp: In member function 'void NeuralNetwork::printTime(u32)':
../src/NeuralNetwork/NeuralNetwork.cpp:129:8: warning: unused variable 'h' [-Wunused-variable]
   char h = 2;
        ^
'Finished building: ../src/NeuralNetwork/NeuralNetwork.cpp'
' '
'Building target: embeddedNN.elf'
'Invoking: ARM v7 g++ linker'
arm-none-eabi-g++ -mcpu=cortex-a9 -mfpu=vfpv3 -mfloat-abi=hard -Wl,-build-id=none -specs=Xilinx.spec -Wl,-T -Wl,../src/lscript.ld -L../../embeddedNN_bsp/ps7_cortexa9_0/lib -o "embeddedNN.elf"  ./src/StatePattern/States/State.o ./src/StatePattern/States/displayResults.o ./src/StatePattern/States/getImage.o ./src/StatePattern/States/getInput.o ./src/StatePattern/States/runNetwork.o  ./src/StatePattern/Context.o  ./src/SDCard/FileSDCard.o ./src/SDCard/SDReader.o ./src/SDCard/TestFileSDCard.o  ./src/NeuralNetwork/NeuralNetwork.o  ./src/GPIO/GPIOManager.o  ./src/main.o   -Wl,--start-group,-lxil,-lfreertos,-lgcc,-lc,-lstdc++,--end-group -Wl,--start-group,-lxilffs,-lxil,-lgcc,-lc,--end-group
'Finished building target: embeddedNN.elf'
' '
'Invoking: ARM v7 Print Size'
arm-none-eabi-size embeddedNN.elf  |tee "embeddedNN.elf.size"
   text	   data	    bss	    dec	    hex	filename
 201940	   4264	  93056	 299260	  490fc	embeddedNN.elf
'Finished building: embeddedNN.elf.size'
' '
11:22:03 **** Incremental Build of configuration Debug for project embeddedNN ****
make pre-build main-build 
a9-linaro-pre-build-step
' '
make: Ingenting at gøre for 'main-build'.
11:41:16 **** Incremental Build of configuration Debug for project embeddedNN ****
make pre-build main-build 
a9-linaro-pre-build-step
' '
make: Ingenting at gøre for 'main-build'.
11:41:57 **** Incremental Build of configuration Debug for project embeddedNN ****
make pre-build main-build 
a9-linaro-pre-build-step
' '
make: Ingenting at gøre for 'main-build'.
11:43:53 **** Incremental Build of configuration Debug for project embeddedNN ****
make pre-build main-build 
a9-linaro-pre-build-step
' '
make: Ingenting at gøre for 'main-build'.
11:51:23 **** Incremental Build of configuration Debug for project embeddedNN ****
make pre-build main-build 
a9-linaro-pre-build-step
' '
make: Ingenting at gøre for 'main-build'.
11:52:09 **** Auto Build of configuration Debug for project embeddedNN ****
make pre-build main-build 
a9-linaro-pre-build-step
' '
'Building file: ../src/SDCard/TestFileSDCard.cpp'
'Invoking: ARM v7 g++ compiler'
arm-none-eabi-g++ -Wall -O0 -g3 -c -fmessage-length=0 -MT"src/SDCard/TestFileSDCard.o" -mcpu=cortex-a9 -mfpu=vfpv3 -mfloat-abi=hard -I../../embeddedNN_bsp/ps7_cortexa9_0/include -I-Wl,--start-group,-lxilffs,-lxil,-lgcc,-lc,--end-group -MMD -MP -MF"src/SDCard/TestFileSDCard.d" -MT"src/SDCard/TestFileSDCard.o" -o "src/SDCard/TestFileSDCard.o" "../src/SDCard/TestFileSDCard.cpp"
../src/SDCard/TestFileSDCard.cpp: In function 'void TestFileSDCardOwn()':
../src/SDCard/TestFileSDCard.cpp:100:23: warning: suggest parentheses around assignment used as truth value [-Wparentheses]
   if(res =! lbl[index])
                       ^
'Finished building: ../src/SDCard/TestFileSDCard.cpp'
' '
'Building target: embeddedNN.elf'
'Invoking: ARM v7 g++ linker'
arm-none-eabi-g++ -mcpu=cortex-a9 -mfpu=vfpv3 -mfloat-abi=hard -Wl,-build-id=none -specs=Xilinx.spec -Wl,-T -Wl,../src/lscript.ld -L../../embeddedNN_bsp/ps7_cortexa9_0/lib -o "embeddedNN.elf"  ./src/StatePattern/States/State.o ./src/StatePattern/States/displayResults.o ./src/StatePattern/States/getImage.o ./src/StatePattern/States/getInput.o ./src/StatePattern/States/runNetwork.o  ./src/StatePattern/Context.o  ./src/SDCard/FileSDCard.o ./src/SDCard/SDReader.o ./src/SDCard/TestFileSDCard.o  ./src/NeuralNetwork/NeuralNetwork.o  ./src/GPIO/GPIOManager.o  ./src/main.o   -Wl,--start-group,-lxil,-lfreertos,-lgcc,-lc,-lstdc++,--end-group -Wl,--start-group,-lxilffs,-lxil,-lgcc,-lc,--end-group
'Finished building target: embeddedNN.elf'
' '
'Invoking: ARM v7 Print Size'
arm-none-eabi-size embeddedNN.elf  |tee "embeddedNN.elf.size"
   text	   data	    bss	    dec	    hex	filename
 201956	   4264	  93056	 299276	  4910c	embeddedNN.elf
'Finished building: embeddedNN.elf.size'
' '
11:52:17 **** Incremental Build of configuration Debug for project embeddedNN ****
make pre-build main-build 
a9-linaro-pre-build-step
' '
make: Ingenting at gøre for 'main-build'.
12:06:37 **** Incremental Build of configuration Debug for project embeddedNN ****
make pre-build main-build 
a9-linaro-pre-build-step
' '
make: Ingenting at gøre for 'main-build'.
12:41:13 **** Auto Build of configuration Debug for project embeddedNN ****
make pre-build main-build 
a9-linaro-pre-build-step
' '
'Building file: ../src/main.cc'
'Invoking: ARM v7 g++ compiler'
arm-none-eabi-g++ -Wall -O0 -g3 -c -fmessage-length=0 -MT"src/main.o" -mcpu=cortex-a9 -mfpu=vfpv3 -mfloat-abi=hard -I../../embeddedNN_bsp/ps7_cortexa9_0/include -I-Wl,--start-group,-lxilffs,-lxil,-lgcc,-lc,--end-group -MMD -MP -MF"src/main.d" -MT"src/main.o" -o "src/main.o" "../src/main.cc"
'Finished building: ../src/main.cc'
' '
'Building target: embeddedNN.elf'
'Invoking: ARM v7 g++ linker'
arm-none-eabi-g++ -mcpu=cortex-a9 -mfpu=vfpv3 -mfloat-abi=hard -Wl,-build-id=none -specs=Xilinx.spec -Wl,-T -Wl,../src/lscript.ld -L../../embeddedNN_bsp/ps7_cortexa9_0/lib -o "embeddedNN.elf"  ./src/StatePattern/States/State.o ./src/StatePattern/States/displayResults.o ./src/StatePattern/States/getImage.o ./src/StatePattern/States/getInput.o ./src/StatePattern/States/runNetwork.o  ./src/StatePattern/Context.o  ./src/SDCard/FileSDCard.o ./src/SDCard/SDReader.o ./src/SDCard/TestFileSDCard.o  ./src/NeuralNetwork/NeuralNetwork.o  ./src/GPIO/GPIOManager.o  ./src/main.o   -Wl,--start-group,-lxil,-lfreertos,-lgcc,-lc,-lstdc++,--end-group -Wl,--start-group,-lxilffs,-lxil,-lgcc,-lc,--end-group
'Finished building target: embeddedNN.elf'
' '
'Invoking: ARM v7 Print Size'
arm-none-eabi-size embeddedNN.elf  |tee "embeddedNN.elf.size"
   text	   data	    bss	    dec	    hex	filename
 201956	   4264	  93056	 299276	  4910c	embeddedNN.elf
'Finished building: embeddedNN.elf.size'
' '
12:41:15 **** Incremental Build of configuration Debug for project embeddedNN ****
make pre-build main-build 
a9-linaro-pre-build-step
' '
make: Ingenting at gøre for 'main-build'.
