

================================================================
== Vivado HLS Report for 'run_classification'
================================================================
* Date:           Tue Nov 30 08:52:42 2021

* Version:        2017.2 (Build 1909853 on Thu Jun 15 18:55:24 MDT 2017)
* Project:        NeuralNetwork_HLS
* Solution:       solution1
* Product family: zynq
* Target device:  xc7z010clg400-1


================================================================
== Performance Estimates
================================================================
+ Timing (ns): 
    * Summary: 
    +--------+-------+----------+------------+
    |  Clock | Target| Estimated| Uncertainty|
    +--------+-------+----------+------------+
    |ap_clk  |   8.00|      9.63|        1.00|
    +--------+-------+----------+------------+

+ Latency (clock cycles): 
    * Summary: 
    +-------+-------+-------+-------+---------+
    |    Latency    |    Interval   | Pipeline|
    |  min  |  max  |  min  |  max  |   Type  |
    +-------+-------+-------+-------+---------+
    |  37222|  88102|  37222|  88102|   none  |
    +-------+-------+-------+-------+---------+

    + Detail: 
        * Instance: 
        N/A

        * Loop: 
        +-----------------------+-------+-------+----------+-----------+-----------+------+----------+
        |                       |    Latency    | Iteration|  Initiation Interval  | Trip |          |
        |       Loop Name       |  min  |  max  |  Latency |  achieved |   target  | Count| Pipelined|
        +-----------------------+-------+-------+----------+-----------+-----------+------+----------+
        |- memset_resArray1     |     69|     69|         1|          -|          -|    70|    no    |
        |- memset_resArray2     |     69|     69|         1|          -|          -|    70|    no    |
        |- runLayer_outerloop   |  28280|  28280|       404|          -|          -|    70|    no    |
        | + runLayer_innerloop  |    400|    400|         5|          -|          -|    80|    no    |
        |- softmax_lite_loop    |     27|     27|         3|          -|          -|     9|    no    |
        +-----------------------+-------+-------+----------+-----------+-----------+------+----------+

============================================================
+ Verbose Summary: Synthesis Manager
============================================================
InlineROM: 1
ExposeGlobal: 0
============================================================
+ Verbose Summary: CDFG Model
============================================================
IsTopModel: 0
ResetActiveHigh: 1
IsCombinational: 0
IsDatapathOnly: 0
HasWiredReturn: 1
HasMFsm: 0
HasVarLatency: 1
IsPipeline: 0
IsRtlPipelined: 0
IsInstanceOverlapped: 0
IsDontTouch: 0
HasImplIP: 0
IsGatedGlobalClock: 0


============================================================
+ Verbose Summary: Schedule
============================================================
* Number of FSM states: 23
* Pipeline: 0
* Dataflow Pipeline: 0

* FSM state transitions: 
1 --> 
	2  / true
2 --> 
	2  / (!tmp)
	3  / (tmp)
3 --> 
	3  / (!tmp_8)
	4  / (tmp_8)
4 --> 
	12  / (exitcond3)
	5  / (!exitcond3)
5 --> 
	6  / (!exitcond)
	10  / (exitcond)
6 --> 
	7  / true
7 --> 
	8  / true
8 --> 
	9  / true
9 --> 
	5  / true
10 --> 
	11  / true
11 --> 
	4  / true
12 --> 
	13  / true
13 --> 
	14  / true
14 --> 
	15  / true
15 --> 
	16  / true
16 --> 
	17  / true
17 --> 
	18  / true
18 --> 
	19  / true
19 --> 
	20  / true
20 --> 
	21  / true
21 --> 
	22  / (!exitcond_i)
22 --> 
	23  / true
23 --> 
	21  / true
* FSM state operations: 

 <State 1>: 1.59ns
ST_1: empty (4)  [1/1] 0.00ns
:0  %empty = call i32 (...)* @_ssdm_op_SpecMemCore([80 x i32]* %input_r, [1 x i8]* @p_str7, [7 x i8]* @RAM_1P_str, [1 x i8]* @p_str7, i32 -1, [1 x i8]* @p_str7, [1 x i8]* @p_str7, [1 x i8]* @p_str7, [1 x i8]* @p_str7, [1 x i8]* @p_str7)

ST_1: resArray1 (5)  [1/1] 0.00ns  loc: ../NN_Code/NN_Code/neuralnetwork_ccode.cpp:93
:1  %resArray1 = alloca [70 x i32], align 4

ST_1: resArray2 (6)  [1/1] 0.00ns  loc: ../NN_Code/NN_Code/neuralnetwork_ccode.cpp:94
:2  %resArray2 = alloca [70 x i32], align 4

ST_1: StgValue_27 (7)  [1/1] 1.59ns
:3  br label %meminst


 <State 2>: 3.25ns
ST_2: invdar (9)  [1/1] 0.00ns  loc: ../NN_Code/NN_Code/neuralnetwork_ccode.cpp:93
meminst:0  %invdar = phi i7 [ 0, %0 ], [ %indvarinc, %meminst ]

ST_2: invdar_cast (10)  [1/1] 0.00ns  loc: ../NN_Code/NN_Code/neuralnetwork_ccode.cpp:93
meminst:1  %invdar_cast = zext i7 %invdar to i32

ST_2: indvarinc (11)  [1/1] 2.32ns  loc: ../NN_Code/NN_Code/neuralnetwork_ccode.cpp:93
meminst:2  %indvarinc = add i7 %invdar, 1

ST_2: resArray1_addr (12)  [1/1] 0.00ns  loc: ../NN_Code/NN_Code/neuralnetwork_ccode.cpp:93
meminst:3  %resArray1_addr = getelementptr [70 x i32]* %resArray1, i32 0, i32 %invdar_cast

ST_2: StgValue_32 (13)  [1/1] 3.25ns  loc: ../NN_Code/NN_Code/neuralnetwork_ccode.cpp:93
meminst:4  store i32 0, i32* %resArray1_addr, align 4

ST_2: tmp (14)  [1/1] 2.91ns  loc: ../NN_Code/NN_Code/neuralnetwork_ccode.cpp:93
meminst:5  %tmp = icmp eq i7 %invdar, -59

ST_2: StgValue_34 (15)  [1/1] 0.00ns
meminst:6  call void (...)* @_ssdm_op_SpecLoopName([17 x i8]* @memset_resArray1_str)

ST_2: empty_3 (16)  [1/1] 0.00ns
meminst:7  %empty_3 = call i32 (...)* @_ssdm_op_SpecLoopTripCount(i64 70, i64 70, i64 70)

ST_2: StgValue_36 (17)  [1/1] 0.00ns  loc: ../NN_Code/NN_Code/neuralnetwork_ccode.cpp:93
meminst:8  br i1 %tmp, label %meminst1.preheader, label %meminst

ST_2: StgValue_37 (19)  [1/1] 1.59ns  loc: ../NN_Code/NN_Code/neuralnetwork_ccode.cpp:94
meminst1.preheader:0  br label %meminst1


 <State 3>: 3.25ns
ST_3: invdar2 (21)  [1/1] 0.00ns  loc: ../NN_Code/NN_Code/neuralnetwork_ccode.cpp:94
meminst1:0  %invdar2 = phi i7 [ %indvarinc3, %meminst1 ], [ 0, %meminst1.preheader ]

ST_3: invdar2_cast (22)  [1/1] 0.00ns  loc: ../NN_Code/NN_Code/neuralnetwork_ccode.cpp:94
meminst1:1  %invdar2_cast = zext i7 %invdar2 to i32

ST_3: indvarinc3 (23)  [1/1] 2.32ns  loc: ../NN_Code/NN_Code/neuralnetwork_ccode.cpp:94
meminst1:2  %indvarinc3 = add i7 %invdar2, 1

ST_3: resArray2_addr (24)  [1/1] 0.00ns  loc: ../NN_Code/NN_Code/neuralnetwork_ccode.cpp:94
meminst1:3  %resArray2_addr = getelementptr [70 x i32]* %resArray2, i32 0, i32 %invdar2_cast

ST_3: StgValue_42 (25)  [1/1] 3.25ns  loc: ../NN_Code/NN_Code/neuralnetwork_ccode.cpp:94
meminst1:4  store i32 0, i32* %resArray2_addr, align 4

ST_3: tmp_8 (26)  [1/1] 2.91ns  loc: ../NN_Code/NN_Code/neuralnetwork_ccode.cpp:94
meminst1:5  %tmp_8 = icmp eq i7 %invdar2, -59

ST_3: StgValue_44 (27)  [1/1] 0.00ns
meminst1:6  call void (...)* @_ssdm_op_SpecLoopName([17 x i8]* @memset_resArray2_str)

ST_3: empty_4 (28)  [1/1] 0.00ns
meminst1:7  %empty_4 = call i32 (...)* @_ssdm_op_SpecLoopTripCount(i64 70, i64 70, i64 70)

ST_3: StgValue_46 (29)  [1/1] 0.00ns  loc: ../NN_Code/NN_Code/neuralnetwork_ccode.cpp:94
meminst1:8  br i1 %tmp_8, label %.preheader.preheader, label %meminst1

ST_3: StgValue_47 (31)  [1/1] 1.59ns  loc: ../NN_Code/NN_Code/neuralnetwork_ccode.cpp:55->../NN_Code/NN_Code/neuralnetwork_ccode.cpp:96
.preheader.preheader:0  br label %.preheader


 <State 4>: 3.25ns
ST_4: outNeurons_i (33)  [1/1] 0.00ns
.preheader:0  %outNeurons_i = phi i7 [ %outNeurons, %4 ], [ 0, %.preheader.preheader ]

ST_4: tmp_1_i (34)  [1/1] 0.00ns  loc: ../NN_Code/NN_Code/neuralnetwork_ccode.cpp:55->../NN_Code/NN_Code/neuralnetwork_ccode.cpp:96
.preheader:1  %tmp_1_i = zext i7 %outNeurons_i to i32

ST_4: empty_5 (35)  [1/1] 0.00ns
.preheader:2  %empty_5 = call i32 (...)* @_ssdm_op_SpecLoopTripCount(i64 70, i64 70, i64 70)

ST_4: exitcond3 (36)  [1/1] 2.91ns  loc: ../NN_Code/NN_Code/neuralnetwork_ccode.cpp:55->../NN_Code/NN_Code/neuralnetwork_ccode.cpp:96
.preheader:3  %exitcond3 = icmp eq i7 %outNeurons_i, -58

ST_4: outNeurons (37)  [1/1] 2.32ns  loc: ../NN_Code/NN_Code/neuralnetwork_ccode.cpp:55->../NN_Code/NN_Code/neuralnetwork_ccode.cpp:96
.preheader:4  %outNeurons = add i7 %outNeurons_i, 1

ST_4: StgValue_53 (38)  [1/1] 0.00ns  loc: ../NN_Code/NN_Code/neuralnetwork_ccode.cpp:55->../NN_Code/NN_Code/neuralnetwork_ccode.cpp:96
.preheader:5  br i1 %exitcond3, label %runLayer.1.exit, label %1

ST_4: StgValue_54 (40)  [1/1] 0.00ns  loc: ../NN_Code/NN_Code/neuralnetwork_ccode.cpp:56->../NN_Code/NN_Code/neuralnetwork_ccode.cpp:96
:0  call void (...)* @_ssdm_op_SpecLoopName([19 x i8]* @p_str) nounwind

ST_4: tmp_i (41)  [1/1] 0.00ns  loc: ../NN_Code/NN_Code/neuralnetwork_ccode.cpp:56->../NN_Code/NN_Code/neuralnetwork_ccode.cpp:96
:1  %tmp_i = call i32 (...)* @_ssdm_op_SpecRegionBegin([19 x i8]* @p_str)

ST_4: resArray1_addr_2 (42)  [1/1] 0.00ns  loc: ../NN_Code/NN_Code/neuralnetwork_ccode.cpp:57->../NN_Code/NN_Code/neuralnetwork_ccode.cpp:96
:2  %resArray1_addr_2 = getelementptr [70 x i32]* %resArray1, i32 0, i32 %tmp_1_i

ST_4: StgValue_57 (43)  [1/1] 3.25ns  loc: ../NN_Code/NN_Code/neuralnetwork_ccode.cpp:57->../NN_Code/NN_Code/neuralnetwork_ccode.cpp:96
:3  store i32 0, i32* %resArray1_addr_2, align 4

ST_4: tmp_17_i_i_cast (44)  [1/1] 0.00ns  loc: ../NN_Code/NN_Code/neuralnetwork_ccode.cpp:59->../NN_Code/NN_Code/neuralnetwork_ccode.cpp:96
:4  %tmp_17_i_i_cast = zext i7 %outNeurons_i to i13

ST_4: StgValue_59 (45)  [1/1] 1.59ns  loc: ../NN_Code/NN_Code/neuralnetwork_ccode.cpp:59->../NN_Code/NN_Code/neuralnetwork_ccode.cpp:96
:5  br label %2

ST_4: StgValue_60 (79)  [2/2] 1.59ns  loc: ../NN_Code/NN_Code/neuralnetwork_ccode.cpp:97
runLayer.1.exit:0  call fastcc void @relu([70 x i32]* %resArray1)


 <State 5>: 5.59ns
ST_5: inNeurons_i (47)  [1/1] 0.00ns
:0  %inNeurons_i = phi i7 [ 0, %1 ], [ %inNeurons, %3 ]

ST_5: phi_mul (48)  [1/1] 0.00ns
:1  %phi_mul = phi i13 [ 0, %1 ], [ %next_mul, %3 ]

ST_5: tmp_4_i (49)  [1/1] 0.00ns  loc: ../NN_Code/NN_Code/neuralnetwork_ccode.cpp:59->../NN_Code/NN_Code/neuralnetwork_ccode.cpp:96
:2  %tmp_4_i = zext i7 %inNeurons_i to i32

ST_5: empty_6 (50)  [1/1] 0.00ns
:3  %empty_6 = call i32 (...)* @_ssdm_op_SpecLoopTripCount(i64 80, i64 80, i64 80)

ST_5: exitcond (51)  [1/1] 2.91ns  loc: ../NN_Code/NN_Code/neuralnetwork_ccode.cpp:59->../NN_Code/NN_Code/neuralnetwork_ccode.cpp:96
:4  %exitcond = icmp eq i7 %inNeurons_i, -48

ST_5: inNeurons (52)  [1/1] 2.32ns  loc: ../NN_Code/NN_Code/neuralnetwork_ccode.cpp:59->../NN_Code/NN_Code/neuralnetwork_ccode.cpp:96
:5  %inNeurons = add i7 %inNeurons_i, 1

ST_5: StgValue_67 (53)  [1/1] 0.00ns  loc: ../NN_Code/NN_Code/neuralnetwork_ccode.cpp:59->../NN_Code/NN_Code/neuralnetwork_ccode.cpp:96
:6  br i1 %exitcond, label %4, label %3

ST_5: next_mul (56)  [1/1] 2.34ns
:1  %next_mul = add i13 %phi_mul, 70

ST_5: tmp_19_i_i (57)  [1/1] 2.34ns  loc: ../NN_Code/NN_Code/neuralnetwork_ccode.cpp:51->../NN_Code/NN_Code/neuralnetwork_ccode.cpp:61->../NN_Code/NN_Code/neuralnetwork_ccode.cpp:96
:2  %tmp_19_i_i = add i13 %phi_mul, %tmp_17_i_i_cast

ST_5: tmp_19_i_i_cast (58)  [1/1] 0.00ns  loc: ../NN_Code/NN_Code/neuralnetwork_ccode.cpp:51->../NN_Code/NN_Code/neuralnetwork_ccode.cpp:61->../NN_Code/NN_Code/neuralnetwork_ccode.cpp:96
:3  %tmp_19_i_i_cast = zext i13 %tmp_19_i_i to i32

ST_5: weights_addr (59)  [1/1] 0.00ns  loc: ../NN_Code/NN_Code/neuralnetwork_ccode.cpp:51->../NN_Code/NN_Code/neuralnetwork_ccode.cpp:61->../NN_Code/NN_Code/neuralnetwork_ccode.cpp:96
:4  %weights_addr = getelementptr inbounds [11200 x i8]* @weights_s, i32 0, i32 %tmp_19_i_i_cast

ST_5: weights_load (60)  [2/2] 3.25ns  loc: ../NN_Code/NN_Code/neuralnetwork_ccode.cpp:51->../NN_Code/NN_Code/neuralnetwork_ccode.cpp:61->../NN_Code/NN_Code/neuralnetwork_ccode.cpp:96
:5  %weights_load = load i8* %weights_addr, align 1

ST_5: input_r_addr (62)  [1/1] 0.00ns  loc: ../NN_Code/NN_Code/neuralnetwork_ccode.cpp:61->../NN_Code/NN_Code/neuralnetwork_ccode.cpp:96
:7  %input_r_addr = getelementptr [80 x i32]* %input_r, i32 0, i32 %tmp_4_i

ST_5: input_r_load (63)  [2/2] 2.31ns  loc: ../NN_Code/NN_Code/neuralnetwork_ccode.cpp:61->../NN_Code/NN_Code/neuralnetwork_ccode.cpp:96
:8  %input_r_load = load i32* %input_r_addr, align 4

ST_5: bias_addr (70)  [1/1] 0.00ns  loc: ../NN_Code/NN_Code/neuralnetwork_ccode.cpp:29->../NN_Code/NN_Code/neuralnetwork_ccode.cpp:64->../NN_Code/NN_Code/neuralnetwork_ccode.cpp:96
:0  %bias_addr = getelementptr inbounds [150 x i8]* @bias_s, i32 0, i32 %tmp_1_i

ST_5: bias_load (71)  [2/2] 3.25ns  loc: ../NN_Code/NN_Code/neuralnetwork_ccode.cpp:29->../NN_Code/NN_Code/neuralnetwork_ccode.cpp:64->../NN_Code/NN_Code/neuralnetwork_ccode.cpp:96
:1  %bias_load = load i8* %bias_addr, align 1

ST_5: resArray1_load (73)  [2/2] 3.25ns  loc: ../NN_Code/NN_Code/neuralnetwork_ccode.cpp:64->../NN_Code/NN_Code/neuralnetwork_ccode.cpp:96
:3  %resArray1_load = load i32* %resArray1_addr_2, align 4


 <State 6>: 3.25ns
ST_6: weights_load (60)  [1/2] 3.25ns  loc: ../NN_Code/NN_Code/neuralnetwork_ccode.cpp:51->../NN_Code/NN_Code/neuralnetwork_ccode.cpp:61->../NN_Code/NN_Code/neuralnetwork_ccode.cpp:96
:5  %weights_load = load i8* %weights_addr, align 1

ST_6: input_r_load (63)  [1/2] 2.31ns  loc: ../NN_Code/NN_Code/neuralnetwork_ccode.cpp:61->../NN_Code/NN_Code/neuralnetwork_ccode.cpp:96
:8  %input_r_load = load i32* %input_r_addr, align 4


 <State 7>: 6.91ns
ST_7: tmp_8_i (61)  [1/1] 0.00ns  loc: ../NN_Code/NN_Code/neuralnetwork_ccode.cpp:61->../NN_Code/NN_Code/neuralnetwork_ccode.cpp:96
:6  %tmp_8_i = sext i8 %weights_load to i32

ST_7: tmp_9_i (64)  [2/2] 6.91ns  loc: ../NN_Code/NN_Code/neuralnetwork_ccode.cpp:61->../NN_Code/NN_Code/neuralnetwork_ccode.cpp:96
:9  %tmp_9_i = mul nsw i32 %input_r_load, %tmp_8_i

ST_7: resArray1_load_1 (65)  [2/2] 3.25ns  loc: ../NN_Code/NN_Code/neuralnetwork_ccode.cpp:61->../NN_Code/NN_Code/neuralnetwork_ccode.cpp:96
:10  %resArray1_load_1 = load i32* %resArray1_addr_2, align 4


 <State 8>: 6.91ns
ST_8: tmp_9_i (64)  [1/2] 6.91ns  loc: ../NN_Code/NN_Code/neuralnetwork_ccode.cpp:61->../NN_Code/NN_Code/neuralnetwork_ccode.cpp:96
:9  %tmp_9_i = mul nsw i32 %input_r_load, %tmp_8_i

ST_8: resArray1_load_1 (65)  [1/2] 3.25ns  loc: ../NN_Code/NN_Code/neuralnetwork_ccode.cpp:61->../NN_Code/NN_Code/neuralnetwork_ccode.cpp:96
:10  %resArray1_load_1 = load i32* %resArray1_addr_2, align 4


 <State 9>: 6.15ns
ST_9: StgValue_85 (55)  [1/1] 0.00ns  loc: ../NN_Code/NN_Code/neuralnetwork_ccode.cpp:60->../NN_Code/NN_Code/neuralnetwork_ccode.cpp:96
:0  call void (...)* @_ssdm_op_SpecLoopName([19 x i8]* @p_str1) nounwind

ST_9: tmp_i_7 (66)  [1/1] 2.90ns  loc: ../NN_Code/NN_Code/neuralnetwork_ccode.cpp:61->../NN_Code/NN_Code/neuralnetwork_ccode.cpp:96
:11  %tmp_i_7 = add nsw i32 %resArray1_load_1, %tmp_9_i

ST_9: StgValue_87 (67)  [1/1] 3.25ns  loc: ../NN_Code/NN_Code/neuralnetwork_ccode.cpp:61->../NN_Code/NN_Code/neuralnetwork_ccode.cpp:96
:12  store i32 %tmp_i_7, i32* %resArray1_addr_2, align 4

ST_9: StgValue_88 (68)  [1/1] 0.00ns  loc: ../NN_Code/NN_Code/neuralnetwork_ccode.cpp:59->../NN_Code/NN_Code/neuralnetwork_ccode.cpp:96
:13  br label %2


 <State 10>: 6.15ns
ST_10: bias_load (71)  [1/2] 3.25ns  loc: ../NN_Code/NN_Code/neuralnetwork_ccode.cpp:29->../NN_Code/NN_Code/neuralnetwork_ccode.cpp:64->../NN_Code/NN_Code/neuralnetwork_ccode.cpp:96
:1  %bias_load = load i8* %bias_addr, align 1

ST_10: tmp_11_i (72)  [1/1] 0.00ns  loc: ../NN_Code/NN_Code/neuralnetwork_ccode.cpp:64->../NN_Code/NN_Code/neuralnetwork_ccode.cpp:96
:2  %tmp_11_i = sext i8 %bias_load to i32

ST_10: resArray1_load (73)  [1/2] 3.25ns  loc: ../NN_Code/NN_Code/neuralnetwork_ccode.cpp:64->../NN_Code/NN_Code/neuralnetwork_ccode.cpp:96
:3  %resArray1_load = load i32* %resArray1_addr_2, align 4

ST_10: tmp_12_i (74)  [1/1] 2.90ns  loc: ../NN_Code/NN_Code/neuralnetwork_ccode.cpp:64->../NN_Code/NN_Code/neuralnetwork_ccode.cpp:96
:4  %tmp_12_i = add nsw i32 %resArray1_load, %tmp_11_i


 <State 11>: 3.25ns
ST_11: StgValue_93 (75)  [1/1] 3.25ns  loc: ../NN_Code/NN_Code/neuralnetwork_ccode.cpp:64->../NN_Code/NN_Code/neuralnetwork_ccode.cpp:96
:5  store i32 %tmp_12_i, i32* %resArray1_addr_2, align 4

ST_11: empty_8 (76)  [1/1] 0.00ns  loc: ../NN_Code/NN_Code/neuralnetwork_ccode.cpp:65->../NN_Code/NN_Code/neuralnetwork_ccode.cpp:96
:6  %empty_8 = call i32 (...)* @_ssdm_op_SpecRegionEnd([19 x i8]* @p_str, i32 %tmp_i)

ST_11: StgValue_95 (77)  [1/1] 0.00ns  loc: ../NN_Code/NN_Code/neuralnetwork_ccode.cpp:55->../NN_Code/NN_Code/neuralnetwork_ccode.cpp:96
:7  br label %.preheader


 <State 12>: 0.00ns
ST_12: StgValue_96 (79)  [1/2] 0.00ns  loc: ../NN_Code/NN_Code/neuralnetwork_ccode.cpp:97
runLayer.1.exit:0  call fastcc void @relu([70 x i32]* %resArray1)


 <State 13>: 7.00ns
ST_13: StgValue_97 (80)  [2/2] 7.00ns  loc: ../NN_Code/NN_Code/neuralnetwork_ccode.cpp:98
runLayer.1.exit:1  call fastcc void @runLayer(i4 zeroext 1, i8 zeroext 70, [70 x i32]* %resArray1, [70 x i32]* %resArray2)


 <State 14>: 0.00ns
ST_14: StgValue_98 (80)  [1/2] 0.00ns  loc: ../NN_Code/NN_Code/neuralnetwork_ccode.cpp:98
runLayer.1.exit:1  call fastcc void @runLayer(i4 zeroext 1, i8 zeroext 70, [70 x i32]* %resArray1, [70 x i32]* %resArray2)


 <State 15>: 1.59ns
ST_15: StgValue_99 (81)  [2/2] 1.59ns  loc: ../NN_Code/NN_Code/neuralnetwork_ccode.cpp:99
runLayer.1.exit:2  call fastcc void @relu([70 x i32]* %resArray2)


 <State 16>: 0.00ns
ST_16: StgValue_100 (81)  [1/2] 0.00ns  loc: ../NN_Code/NN_Code/neuralnetwork_ccode.cpp:99
runLayer.1.exit:2  call fastcc void @relu([70 x i32]* %resArray2)


 <State 17>: 7.00ns
ST_17: StgValue_101 (82)  [2/2] 7.00ns  loc: ../NN_Code/NN_Code/neuralnetwork_ccode.cpp:100
runLayer.1.exit:3  call fastcc void @runLayer(i4 zeroext 2, i8 zeroext 10, [70 x i32]* %resArray2, [70 x i32]* %resArray1)


 <State 18>: 0.00ns
ST_18: StgValue_102 (82)  [1/2] 0.00ns  loc: ../NN_Code/NN_Code/neuralnetwork_ccode.cpp:100
runLayer.1.exit:3  call fastcc void @runLayer(i4 zeroext 2, i8 zeroext 10, [70 x i32]* %resArray2, [70 x i32]* %resArray1)


 <State 19>: 3.25ns
ST_19: resArray1_addr_1 (83)  [1/1] 0.00ns
runLayer.1.exit:4  %resArray1_addr_1 = getelementptr [70 x i32]* %resArray1, i32 0, i32 0

ST_19: max (84)  [2/2] 3.25ns  loc: ../NN_Code/NN_Code/neuralnetwork_ccode.cpp:79->../NN_Code/NN_Code/neuralnetwork_ccode.cpp:102
runLayer.1.exit:5  %max = load i32* %resArray1_addr_1, align 4


 <State 20>: 4.84ns
ST_20: max (84)  [1/2] 3.25ns  loc: ../NN_Code/NN_Code/neuralnetwork_ccode.cpp:79->../NN_Code/NN_Code/neuralnetwork_ccode.cpp:102
runLayer.1.exit:5  %max = load i32* %resArray1_addr_1, align 4

ST_20: StgValue_106 (85)  [1/1] 1.59ns  loc: ../NN_Code/NN_Code/neuralnetwork_ccode.cpp:82->../NN_Code/NN_Code/neuralnetwork_ccode.cpp:102
runLayer.1.exit:6  br label %5


 <State 21>: 3.25ns
ST_21: max1_i (87)  [1/1] 0.00ns
:0  %max1_i = phi i32 [ %max, %runLayer.1.exit ], [ %max_2_i_max1_i, %._crit_edge.i ]

ST_21: max_index_i (88)  [1/1] 0.00ns  loc: ../NN_Code/NN_Code/neuralnetwork_ccode.cpp:83->../NN_Code/NN_Code/neuralnetwork_ccode.cpp:102
:1  %max_index_i = phi i8 [ 0, %runLayer.1.exit ], [ %max_index_2_i_max_in, %._crit_edge.i ]

ST_21: max_index (89)  [1/1] 0.00ns
:2  %max_index = phi i4 [ 1, %runLayer.1.exit ], [ %i, %._crit_edge.i ]

ST_21: max_index_cast1 (90)  [1/1] 0.00ns  loc: ../NN_Code/NN_Code/neuralnetwork_ccode.cpp:84->../NN_Code/NN_Code/neuralnetwork_ccode.cpp:102
:3  %max_index_cast1 = zext i4 %max_index to i8

ST_21: exitcond_i (91)  [1/1] 3.10ns  loc: ../NN_Code/NN_Code/neuralnetwork_ccode.cpp:82->../NN_Code/NN_Code/neuralnetwork_ccode.cpp:102
:4  %exitcond_i = icmp eq i4 %max_index, -6

ST_21: empty_9 (92)  [1/1] 0.00ns
:5  %empty_9 = call i32 (...)* @_ssdm_op_SpecLoopTripCount(i64 9, i64 9, i64 9)

ST_21: StgValue_113 (93)  [1/1] 0.00ns  loc: ../NN_Code/NN_Code/neuralnetwork_ccode.cpp:82->../NN_Code/NN_Code/neuralnetwork_ccode.cpp:102
:6  br i1 %exitcond_i, label %softmax_lite.exit, label %._crit_edge.i

ST_21: tmp_1_i1 (96)  [1/1] 0.00ns  loc: ../NN_Code/NN_Code/neuralnetwork_ccode.cpp:83->../NN_Code/NN_Code/neuralnetwork_ccode.cpp:102
._crit_edge.i:1  %tmp_1_i1 = zext i4 %max_index to i32

ST_21: resArray1_addr_3 (97)  [1/1] 0.00ns  loc: ../NN_Code/NN_Code/neuralnetwork_ccode.cpp:83->../NN_Code/NN_Code/neuralnetwork_ccode.cpp:102
._crit_edge.i:2  %resArray1_addr_3 = getelementptr [70 x i32]* %resArray1, i32 0, i32 %tmp_1_i1

ST_21: max_1 (98)  [2/2] 3.25ns  loc: ../NN_Code/NN_Code/neuralnetwork_ccode.cpp:83->../NN_Code/NN_Code/neuralnetwork_ccode.cpp:102
._crit_edge.i:3  %max_1 = load i32* %resArray1_addr_3, align 4

ST_21: i (102)  [1/1] 2.35ns  loc: ../NN_Code/NN_Code/neuralnetwork_ccode.cpp:82->../NN_Code/NN_Code/neuralnetwork_ccode.cpp:102
._crit_edge.i:7  %i = add i4 %max_index, 1

ST_21: StgValue_118 (105)  [1/1] 0.00ns  loc: ../NN_Code/NN_Code/neuralnetwork_ccode.cpp:102
softmax_lite.exit:0  ret i8 %max_index_i


 <State 22>: 3.25ns
ST_22: max_1 (98)  [1/2] 3.25ns  loc: ../NN_Code/NN_Code/neuralnetwork_ccode.cpp:83->../NN_Code/NN_Code/neuralnetwork_ccode.cpp:102
._crit_edge.i:3  %max_1 = load i32* %resArray1_addr_3, align 4


 <State 23>: 5.33ns
ST_23: StgValue_120 (95)  [1/1] 0.00ns  loc: ../NN_Code/NN_Code/neuralnetwork_ccode.cpp:82->../NN_Code/NN_Code/neuralnetwork_ccode.cpp:102
._crit_edge.i:0  call void (...)* @_ssdm_op_SpecLoopName([18 x i8]* @p_str3) nounwind

ST_23: tmp_2_i2 (99)  [1/1] 3.26ns  loc: ../NN_Code/NN_Code/neuralnetwork_ccode.cpp:83->../NN_Code/NN_Code/neuralnetwork_ccode.cpp:102
._crit_edge.i:4  %tmp_2_i2 = icmp sgt i32 %max_1, %max1_i

ST_23: max_2_i_max1_i (100)  [1/1] 2.07ns  loc: ../NN_Code/NN_Code/neuralnetwork_ccode.cpp:83->../NN_Code/NN_Code/neuralnetwork_ccode.cpp:102
._crit_edge.i:5  %max_2_i_max1_i = select i1 %tmp_2_i2, i32 %max_1, i32 %max1_i

ST_23: max_index_2_i_max_in (101)  [1/1] 2.07ns  loc: ../NN_Code/NN_Code/neuralnetwork_ccode.cpp:83->../NN_Code/NN_Code/neuralnetwork_ccode.cpp:102
._crit_edge.i:6  %max_index_2_i_max_in = select i1 %tmp_2_i2, i8 %max_index_cast1, i8 %max_index_i

ST_23: StgValue_124 (103)  [1/1] 0.00ns  loc: ../NN_Code/NN_Code/neuralnetwork_ccode.cpp:82->../NN_Code/NN_Code/neuralnetwork_ccode.cpp:102
._crit_edge.i:8  br label %5



============================================================
+ Verbose Summary: Timing violations
============================================================
Target clock period: 8ns, clock uncertainty: 1ns.

 <State 1>: 1.59ns
The critical path consists of the following:
	multiplexor before 'phi' operation ('invdar', ../NN_Code/NN_Code/neuralnetwork_ccode.cpp:93) with incoming values : ('indvarinc', ../NN_Code/NN_Code/neuralnetwork_ccode.cpp:93) [9]  (1.59 ns)

 <State 2>: 3.25ns
The critical path consists of the following:
	'phi' operation ('invdar', ../NN_Code/NN_Code/neuralnetwork_ccode.cpp:93) with incoming values : ('indvarinc', ../NN_Code/NN_Code/neuralnetwork_ccode.cpp:93) [9]  (0 ns)
	'getelementptr' operation ('resArray1_addr', ../NN_Code/NN_Code/neuralnetwork_ccode.cpp:93) [12]  (0 ns)
	'store' operation (../NN_Code/NN_Code/neuralnetwork_ccode.cpp:93) of constant 0 on array 'resArray1', ../NN_Code/NN_Code/neuralnetwork_ccode.cpp:93 [13]  (3.25 ns)

 <State 3>: 3.25ns
The critical path consists of the following:
	'phi' operation ('invdar2', ../NN_Code/NN_Code/neuralnetwork_ccode.cpp:94) with incoming values : ('indvarinc3', ../NN_Code/NN_Code/neuralnetwork_ccode.cpp:94) [21]  (0 ns)
	'getelementptr' operation ('resArray2_addr', ../NN_Code/NN_Code/neuralnetwork_ccode.cpp:94) [24]  (0 ns)
	'store' operation (../NN_Code/NN_Code/neuralnetwork_ccode.cpp:94) of constant 0 on array 'resArray2', ../NN_Code/NN_Code/neuralnetwork_ccode.cpp:94 [25]  (3.25 ns)

 <State 4>: 3.25ns
The critical path consists of the following:
	'phi' operation ('outNeurons') with incoming values : ('outNeurons', ../NN_Code/NN_Code/neuralnetwork_ccode.cpp:55->../NN_Code/NN_Code/neuralnetwork_ccode.cpp:96) [33]  (0 ns)
	'getelementptr' operation ('resArray1_addr_2', ../NN_Code/NN_Code/neuralnetwork_ccode.cpp:57->../NN_Code/NN_Code/neuralnetwork_ccode.cpp:96) [42]  (0 ns)
	'store' operation (../NN_Code/NN_Code/neuralnetwork_ccode.cpp:57->../NN_Code/NN_Code/neuralnetwork_ccode.cpp:96) of constant 0 on array 'resArray1', ../NN_Code/NN_Code/neuralnetwork_ccode.cpp:93 [43]  (3.25 ns)

 <State 5>: 5.59ns
The critical path consists of the following:
	'phi' operation ('phi_mul') with incoming values : ('next_mul') [48]  (0 ns)
	'add' operation ('tmp_19_i_i', ../NN_Code/NN_Code/neuralnetwork_ccode.cpp:51->../NN_Code/NN_Code/neuralnetwork_ccode.cpp:61->../NN_Code/NN_Code/neuralnetwork_ccode.cpp:96) [57]  (2.34 ns)
	'getelementptr' operation ('weights_addr', ../NN_Code/NN_Code/neuralnetwork_ccode.cpp:51->../NN_Code/NN_Code/neuralnetwork_ccode.cpp:61->../NN_Code/NN_Code/neuralnetwork_ccode.cpp:96) [59]  (0 ns)
	'load' operation ('weights_load', ../NN_Code/NN_Code/neuralnetwork_ccode.cpp:51->../NN_Code/NN_Code/neuralnetwork_ccode.cpp:61->../NN_Code/NN_Code/neuralnetwork_ccode.cpp:96) on array 'weights_s' [60]  (3.25 ns)

 <State 6>: 3.25ns
The critical path consists of the following:
	'load' operation ('weights_load', ../NN_Code/NN_Code/neuralnetwork_ccode.cpp:51->../NN_Code/NN_Code/neuralnetwork_ccode.cpp:61->../NN_Code/NN_Code/neuralnetwork_ccode.cpp:96) on array 'weights_s' [60]  (3.25 ns)

 <State 7>: 6.91ns
The critical path consists of the following:
	'mul' operation ('tmp_9_i', ../NN_Code/NN_Code/neuralnetwork_ccode.cpp:61->../NN_Code/NN_Code/neuralnetwork_ccode.cpp:96) [64]  (6.91 ns)

 <State 8>: 6.91ns
The critical path consists of the following:
	'mul' operation ('tmp_9_i', ../NN_Code/NN_Code/neuralnetwork_ccode.cpp:61->../NN_Code/NN_Code/neuralnetwork_ccode.cpp:96) [64]  (6.91 ns)

 <State 9>: 6.15ns
The critical path consists of the following:
	'add' operation ('tmp_i_7', ../NN_Code/NN_Code/neuralnetwork_ccode.cpp:61->../NN_Code/NN_Code/neuralnetwork_ccode.cpp:96) [66]  (2.9 ns)
	'store' operation (../NN_Code/NN_Code/neuralnetwork_ccode.cpp:61->../NN_Code/NN_Code/neuralnetwork_ccode.cpp:96) of variable 'tmp_i_7', ../NN_Code/NN_Code/neuralnetwork_ccode.cpp:61->../NN_Code/NN_Code/neuralnetwork_ccode.cpp:96 on array 'resArray1', ../NN_Code/NN_Code/neuralnetwork_ccode.cpp:93 [67]  (3.25 ns)

 <State 10>: 6.15ns
The critical path consists of the following:
	'load' operation ('bias_load', ../NN_Code/NN_Code/neuralnetwork_ccode.cpp:29->../NN_Code/NN_Code/neuralnetwork_ccode.cpp:64->../NN_Code/NN_Code/neuralnetwork_ccode.cpp:96) on array 'bias_s' [71]  (3.25 ns)
	'add' operation ('tmp_12_i', ../NN_Code/NN_Code/neuralnetwork_ccode.cpp:64->../NN_Code/NN_Code/neuralnetwork_ccode.cpp:96) [74]  (2.9 ns)

 <State 11>: 3.25ns
The critical path consists of the following:
	'store' operation (../NN_Code/NN_Code/neuralnetwork_ccode.cpp:64->../NN_Code/NN_Code/neuralnetwork_ccode.cpp:96) of variable 'tmp_12_i', ../NN_Code/NN_Code/neuralnetwork_ccode.cpp:64->../NN_Code/NN_Code/neuralnetwork_ccode.cpp:96 on array 'resArray1', ../NN_Code/NN_Code/neuralnetwork_ccode.cpp:93 [75]  (3.25 ns)

 <State 12>: 0ns
The critical path consists of the following:

 <State 13>: 7ns
The critical path consists of the following:
	'call' operation (../NN_Code/NN_Code/neuralnetwork_ccode.cpp:98) to 'runLayer' [80]  (7 ns)

 <State 14>: 0ns
The critical path consists of the following:

 <State 15>: 1.59ns
The critical path consists of the following:
	'call' operation (../NN_Code/NN_Code/neuralnetwork_ccode.cpp:99) to 'relu' [81]  (1.59 ns)

 <State 16>: 0ns
The critical path consists of the following:

 <State 17>: 7ns
The critical path consists of the following:
	'call' operation (../NN_Code/NN_Code/neuralnetwork_ccode.cpp:100) to 'runLayer' [82]  (7 ns)

 <State 18>: 0ns
The critical path consists of the following:

 <State 19>: 3.25ns
The critical path consists of the following:
	'getelementptr' operation ('resArray1_addr_1') [83]  (0 ns)
	'load' operation ('max', ../NN_Code/NN_Code/neuralnetwork_ccode.cpp:79->../NN_Code/NN_Code/neuralnetwork_ccode.cpp:102) on array 'resArray1', ../NN_Code/NN_Code/neuralnetwork_ccode.cpp:93 [84]  (3.25 ns)

 <State 20>: 4.84ns
The critical path consists of the following:
	'load' operation ('max', ../NN_Code/NN_Code/neuralnetwork_ccode.cpp:79->../NN_Code/NN_Code/neuralnetwork_ccode.cpp:102) on array 'resArray1', ../NN_Code/NN_Code/neuralnetwork_ccode.cpp:93 [84]  (3.25 ns)
	multiplexor before 'phi' operation ('max') with incoming values : ('max', ../NN_Code/NN_Code/neuralnetwork_ccode.cpp:79->../NN_Code/NN_Code/neuralnetwork_ccode.cpp:102) ('max_2_i_max1_i', ../NN_Code/NN_Code/neuralnetwork_ccode.cpp:83->../NN_Code/NN_Code/neuralnetwork_ccode.cpp:102) [87]  (1.59 ns)

 <State 21>: 3.25ns
The critical path consists of the following:
	'phi' operation ('i') with incoming values : ('i', ../NN_Code/NN_Code/neuralnetwork_ccode.cpp:82->../NN_Code/NN_Code/neuralnetwork_ccode.cpp:102) [89]  (0 ns)
	'getelementptr' operation ('resArray1_addr_3', ../NN_Code/NN_Code/neuralnetwork_ccode.cpp:83->../NN_Code/NN_Code/neuralnetwork_ccode.cpp:102) [97]  (0 ns)
	'load' operation ('max', ../NN_Code/NN_Code/neuralnetwork_ccode.cpp:83->../NN_Code/NN_Code/neuralnetwork_ccode.cpp:102) on array 'resArray1', ../NN_Code/NN_Code/neuralnetwork_ccode.cpp:93 [98]  (3.25 ns)

 <State 22>: 3.25ns
The critical path consists of the following:
	'load' operation ('max', ../NN_Code/NN_Code/neuralnetwork_ccode.cpp:83->../NN_Code/NN_Code/neuralnetwork_ccode.cpp:102) on array 'resArray1', ../NN_Code/NN_Code/neuralnetwork_ccode.cpp:93 [98]  (3.25 ns)

 <State 23>: 5.33ns
The critical path consists of the following:
	'icmp' operation ('tmp_2_i2', ../NN_Code/NN_Code/neuralnetwork_ccode.cpp:83->../NN_Code/NN_Code/neuralnetwork_ccode.cpp:102) [99]  (3.26 ns)
	'select' operation ('max_index_2_i_max_in', ../NN_Code/NN_Code/neuralnetwork_ccode.cpp:83->../NN_Code/NN_Code/neuralnetwork_ccode.cpp:102) [101]  (2.07 ns)


============================================================
+ Verbose Summary: Binding
============================================================
N/A
* FSMD analyzer results:
  - Output states:
 - Input state : 
  - Chain level:
	State 1
	State 2
	State 3
	State 4
	State 5
	State 6
	State 7
	State 8
	State 9
	State 10
	State 11
	State 12
	State 13
	State 14
	State 15
	State 16
	State 17
	State 18
	State 19
	State 20
	State 21
	State 22
	State 23


============================================================
+ Verbose Summary: Datapath Resource usage 
============================================================
N/A
