Copyright 1986-2017 Xilinx, Inc. All Rights Reserved.
---------------------------------------------------------------------------------------------
| Tool Version : Vivado v.2017.2 (win64) Build 1909853 Thu Jun 15 18:39:09 MDT 2017
| Date         : Wed Nov 17 23:22:48 2021
| Host         : DESKTOP-IFL7HB3 running 64-bit major release  (build 9200)
| Command      : report_control_sets -verbose -file design_1_wrapper_control_sets_placed.rpt
| Design       : design_1_wrapper
| Device       : xc7z010
---------------------------------------------------------------------------------------------

Control Set Information

Table of Contents
-----------------
1. Summary
2. Flip-Flop Distribution
3. Detailed Control Set Information

1. Summary
----------

+----------------------------------------------------------+-------+
|                          Status                          | Count |
+----------------------------------------------------------+-------+
| Number of unique control sets                            |    95 |
| Unused register locations in slices containing registers |   208 |
+----------------------------------------------------------+-------+


2. Flip-Flop Distribution
-------------------------

+--------------+-----------------------+------------------------+-----------------+--------------+
| Clock Enable | Synchronous Set/Reset | Asynchronous Set/Reset | Total Registers | Total Slices |
+--------------+-----------------------+------------------------+-----------------+--------------+
| No           | No                    | No                     |             167 |           51 |
| No           | No                    | Yes                    |               0 |            0 |
| No           | Yes                   | No                     |             132 |           60 |
| Yes          | No                    | No                     |            1118 |          287 |
| Yes          | No                    | Yes                    |               0 |            0 |
| Yes          | Yes                   | No                     |             143 |           39 |
+--------------+-----------------------+------------------------+-----------------+--------------+


3. Detailed Control Set Information
-----------------------------------

+-------------------------------------------------+---------------------------------------------------------------------------------------------------------------------------------------------------------------+------------------------------------------------------------------------------------------------------------------------------------------+------------------+----------------+
|                   Clock Signal                  |                                                                         Enable Signal                                                                         |                                                             Set/Reset Signal                                                             | Slice Load Count | Bel Load Count |
+-------------------------------------------------+---------------------------------------------------------------------------------------------------------------------------------------------------------------+------------------------------------------------------------------------------------------------------------------------------------------+------------------+----------------+
|  design_1_i/processing_system7_0/inst/FCLK_CLK0 | design_1_i/ps7_0_axi_periph/s00_couplers/auto_pc/inst/gen_axilite.gen_b2s_conv.axilite_b2s/WR.b_channel_0/bid_fifo_0/bresp_push                               |                                                                                                                                          |                1 |              2 |
|  design_1_i/processing_system7_0/inst/FCLK_CLK0 | design_1_i/NeuralNetwork_0/U0/grp_run_classification_fu_178/ap_NS_fsm110_out                                                                                  |                                                                                                                                          |                1 |              4 |
|  design_1_i/processing_system7_0/inst/FCLK_CLK0 | design_1_i/ps7_0_axi_periph/s00_couplers/auto_pc/inst/gen_axilite.gen_b2s_conv.axilite_b2s/RD.ar_channel_0/ar_cmd_fsm_0/axlen_cnt_reg[4][0]                   | design_1_i/ps7_0_axi_periph/s00_couplers/auto_pc/inst/gen_axilite.gen_b2s_conv.axilite_b2s/RD.ar_channel_0/ar_cmd_fsm_0/axlen_cnt_reg[7] |                1 |              4 |
|  design_1_i/processing_system7_0/inst/FCLK_CLK0 |                                                                                                                                                               | design_1_i/ps7_0_axi_periph/s00_couplers/auto_pc/inst/gen_axilite.gen_b2s_conv.axilite_b2s/SI_REG/ar_pipe/m_valid_i_reg_0                |                3 |              4 |
|  design_1_i/processing_system7_0/inst/FCLK_CLK0 |                                                                                                                                                               | design_1_i/rst_ps7_0_100M/U0/EXT_LPF/lpf_int                                                                                             |                2 |              4 |
|  design_1_i/processing_system7_0/inst/FCLK_CLK0 |                                                                                                                                                               | design_1_i/ps7_0_axi_periph/s00_couplers/auto_pc/inst/gen_axilite.gen_b2s_conv.axilite_b2s/SI_REG/aw_pipe/s_ready_i_reg_0                |                3 |              4 |
|  design_1_i/processing_system7_0/inst/FCLK_CLK0 | design_1_i/NeuralNetwork_0/U0/grp_run_classification_fu_178/max_index_phi_fu_434_p41                                                                          | design_1_i/NeuralNetwork_0/U0/grp_run_classification_fu_178/max_index_reg_430                                                            |                1 |              4 |
|  design_1_i/processing_system7_0/inst/FCLK_CLK0 | design_1_i/NeuralNetwork_0/U0/grp_run_classification_fu_178/max_index_i_reg_418                                                                               | design_1_i/NeuralNetwork_0/U0/grp_run_classification_fu_178/max_index_i_reg_418[3]_i_1_n_4                                               |                1 |              4 |
|  design_1_i/processing_system7_0/inst/FCLK_CLK0 | design_1_i/NeuralNetwork_0/U0/grp_run_classification_fu_178/ap_CS_fsm_state37                                                                                 | design_1_i/NeuralNetwork_0/U0/grp_run_classification_fu_178/ap_CS_fsm_state28                                                            |                1 |              4 |
|  design_1_i/processing_system7_0/inst/FCLK_CLK0 | design_1_i/NeuralNetwork_0/U0/grp_run_classification_fu_178/ap_CS_fsm_state29                                                                                 |                                                                                                                                          |                1 |              4 |
|  design_1_i/processing_system7_0/inst/FCLK_CLK0 | design_1_i/NeuralNetwork_0/U0/grp_run_classification_fu_178/invdar5_reg_3090                                                                                  | design_1_i/NeuralNetwork_0/U0/grp_run_classification_fu_178/ap_NS_fsm118_out                                                             |                1 |              4 |
|  design_1_i/processing_system7_0/inst/FCLK_CLK0 | design_1_i/NeuralNetwork_0/U0/grp_run_classification_fu_178/i_2_reg_12500                                                                                     |                                                                                                                                          |                2 |              4 |
|  design_1_i/processing_system7_0/inst/FCLK_CLK0 | design_1_i/ps7_0_axi_periph/s00_couplers/auto_pc/inst/gen_axilite.gen_b2s_conv.axilite_b2s/WR.aw_channel_0/aw_cmd_fsm_0/axaddr_wrap_reg[0]                    | design_1_i/ps7_0_axi_periph/s00_couplers/auto_pc/inst/gen_axilite.gen_b2s_conv.axilite_b2s/WR.aw_channel_0/aw_cmd_fsm_0/axlen_cnt_reg[7] |                2 |              4 |
|  design_1_i/processing_system7_0/inst/FCLK_CLK0 | design_1_i/NeuralNetwork_0/U0/grp_run_classification_fu_178/ap_CS_fsm_state17                                                                                 |                                                                                                                                          |                2 |              5 |
|  design_1_i/processing_system7_0/inst/FCLK_CLK0 | design_1_i/NeuralNetwork_0/U0/grp_run_classification_fu_178/ap_CS_fsm_state25                                                                                 | design_1_i/NeuralNetwork_0/U0/grp_run_classification_fu_178/ap_CS_fsm_state16                                                            |                1 |              5 |
|  design_1_i/processing_system7_0/inst/FCLK_CLK0 | design_1_i/NeuralNetwork_0/U0/grp_run_classification_fu_178/ap_CS_fsm_state23                                                                                 | design_1_i/NeuralNetwork_0/U0/grp_run_classification_fu_178/number_0_i9_reg_364                                                          |                1 |              5 |
|  design_1_i/processing_system7_0/inst/FCLK_CLK0 | design_1_i/NeuralNetwork_0/U0/grp_run_classification_fu_178/ap_CS_fsm_state13                                                                                 | design_1_i/NeuralNetwork_0/U0/grp_run_classification_fu_178/neuron_0_i1_reg_320[4]_i_1_n_4                                               |                1 |              5 |
|  design_1_i/processing_system7_0/inst/FCLK_CLK0 | design_1_i/NeuralNetwork_0/U0/grp_run_classification_fu_178/result_input_layer1_4_reg_10660                                                                   |                                                                                                                                          |                1 |              5 |
|  design_1_i/processing_system7_0/inst/FCLK_CLK0 | design_1_i/NeuralNetwork_0/U0/grp_run_classification_fu_178/result_layer1_layer2_5_reg_11560                                                                  |                                                                                                                                          |                2 |              5 |
|  design_1_i/processing_system7_0/inst/FCLK_CLK0 | design_1_i/NeuralNetwork_0/U0/grp_run_classification_fu_178/ap_CS_fsm_state35                                                                                 | design_1_i/NeuralNetwork_0/U0/grp_run_classification_fu_178/number_0_i_reg_397                                                           |                1 |              5 |
|  design_1_i/processing_system7_0/inst/FCLK_CLK0 | design_1_i/NeuralNetwork_0/U0/grp_run_classification_fu_178/i_0_i1_reg_3420                                                                                   | design_1_i/NeuralNetwork_0/U0/grp_run_classification_fu_178/ap_NS_fsm116_out                                                             |                2 |              5 |
|  design_1_i/processing_system7_0/inst/FCLK_CLK0 | design_1_i/NeuralNetwork_0/U0/grp_run_classification_fu_178/i_0_i_reg_3750                                                                                    | design_1_i/NeuralNetwork_0/U0/grp_run_classification_fu_178/ap_NS_fsm113_out                                                             |                1 |              5 |
|  design_1_i/processing_system7_0/inst/FCLK_CLK0 | design_1_i/NeuralNetwork_0/U0/grp_run_classification_fu_178/invdar2_reg_2980                                                                                  | design_1_i/NeuralNetwork_0/U0/grp_run_classification_fu_178/ap_NS_fsm119_out                                                             |                2 |              5 |
|  design_1_i/processing_system7_0/inst/FCLK_CLK0 | design_1_i/NeuralNetwork_0/U0/grp_run_classification_fu_178/invdar_reg_2870                                                                                   | design_1_i/NeuralNetwork_0/U0/grp_run_classification_fu_178/invdar_reg_287                                                               |                2 |              5 |
|  design_1_i/processing_system7_0/inst/FCLK_CLK0 | design_1_i/NeuralNetwork_0/U0/grp_run_classification_fu_178/number_0_i1_reg_3310                                                                              |                                                                                                                                          |                1 |              5 |
|  design_1_i/processing_system7_0/inst/FCLK_CLK0 | design_1_i/NeuralNetwork_0/U0/grp_run_classification_fu_178/number_0_i9_reg_3640                                                                              |                                                                                                                                          |                1 |              5 |
|  design_1_i/processing_system7_0/inst/FCLK_CLK0 | design_1_i/NeuralNetwork_0/U0/ap_NS_fsm[6]                                                                                                                    |                                                                                                                                          |                2 |              6 |
|  design_1_i/processing_system7_0/inst/FCLK_CLK0 | design_1_i/rst_ps7_0_100M/U0/SEQ/seq_cnt_en                                                                                                                   | design_1_i/rst_ps7_0_100M/U0/SEQ/SEQ_COUNTER/clear                                                                                       |                1 |              6 |
|  design_1_i/processing_system7_0/inst/FCLK_CLK0 | design_1_i/NeuralNetwork_0/U0/NeuralNetwork_biahbi_ram_U/p_0_in                                                                                               | design_1_i/NeuralNetwork_0/U0/NeuralNetwork_NNIO_s_axi_U/i_i_reg_167_reg[0][0]                                                           |                1 |              6 |
|  design_1_i/processing_system7_0/inst/FCLK_CLK0 | design_1_i/NeuralNetwork_0/U0/ap_CS_fsm_state6                                                                                                                |                                                                                                                                          |                1 |              6 |
|  design_1_i/processing_system7_0/inst/FCLK_CLK0 | design_1_i/NeuralNetwork_0/U0/grp_run_classification_fu_178/ap_CS_fsm_pp2_stage0                                                                              |                                                                                                                                          |                2 |              6 |
|  design_1_i/processing_system7_0/inst/FCLK_CLK0 | design_1_i/NeuralNetwork_0/U0/grp_run_classification_fu_178/ap_CS_fsm_state11                                                                                 | design_1_i/NeuralNetwork_0/U0/grp_run_classification_fu_178/number_0_i1_reg_331                                                          |                1 |              7 |
|  design_1_i/processing_system7_0/inst/FCLK_CLK0 | design_1_i/ps7_0_axi_periph/s00_couplers/auto_pc/inst/gen_axilite.gen_b2s_conv.axilite_b2s/WR.b_channel_0/mhandshake_r                                        | design_1_i/ps7_0_axi_periph/s00_couplers/auto_pc/inst/gen_axilite.gen_b2s_conv.axilite_b2s/WR.b_channel_0/bid_fifo_0/SR[0]               |                3 |              8 |
|  design_1_i/processing_system7_0/inst/FCLK_CLK0 | design_1_i/NeuralNetwork_0/U0/NeuralNetwork_NNIO_s_axi_U/p_0_in19_out                                                                                         |                                                                                                                                          |                3 |              8 |
|  design_1_i/processing_system7_0/inst/FCLK_CLK0 | design_1_i/NeuralNetwork_0/U0/NeuralNetwork_NNIO_s_axi_U/p_0_in21_out                                                                                         |                                                                                                                                          |                3 |              8 |
|  design_1_i/processing_system7_0/inst/FCLK_CLK0 | design_1_i/NeuralNetwork_0/U0/grp_run_classification_fu_178/res_3_reg_136_reg[0]_0[0]                                                                         | design_1_i/NeuralNetwork_0/U0/res_3_reg_1360                                                                                             |                3 |              8 |
|  design_1_i/processing_system7_0/inst/FCLK_CLK0 | design_1_i/NeuralNetwork_0/U0/ap_CS_fsm_reg_n_4_[2]                                                                                                           | design_1_i/NeuralNetwork_0/U0/grp_run_classification_fu_178/SR[0]                                                                        |                2 |              8 |
|  design_1_i/processing_system7_0/inst/FCLK_CLK0 | design_1_i/NeuralNetwork_0/U0/grp_run_classification_fu_178/q0_reg[0]_3                                                                                       |                                                                                                                                          |                2 |              8 |
|  design_1_i/processing_system7_0/inst/FCLK_CLK0 | design_1_i/NeuralNetwork_0/U0/grp_run_classification_fu_178/q0_reg[7]                                                                                         |                                                                                                                                          |                2 |              8 |
|  design_1_i/processing_system7_0/inst/FCLK_CLK0 | design_1_i/NeuralNetwork_0/U0/NeuralNetwork_NNIO_s_axi_U/rdata_data[31]_i_2_n_4                                                                               |                                                                                                                                          |                3 |              8 |
|  design_1_i/processing_system7_0/inst/FCLK_CLK0 | design_1_i/NeuralNetwork_0/U0/grp_run_classification_fu_178/reg_4420                                                                                          |                                                                                                                                          |                2 |              8 |
|  design_1_i/processing_system7_0/inst/FCLK_CLK0 | design_1_i/NeuralNetwork_0/U0/grp_run_classification_fu_178/q0_reg[7]_2                                                                                       |                                                                                                                                          |                2 |              8 |
|  design_1_i/processing_system7_0/inst/FCLK_CLK0 | design_1_i/NeuralNetwork_0/U0/grp_run_classification_fu_178/E[0]                                                                                              |                                                                                                                                          |                3 |              8 |
|  design_1_i/processing_system7_0/inst/FCLK_CLK0 | design_1_i/NeuralNetwork_0/U0/NeuralNetwork_NNIO_s_axi_U/p_0_in17_out                                                                                         |                                                                                                                                          |                3 |              8 |
|  design_1_i/processing_system7_0/inst/FCLK_CLK0 | design_1_i/NeuralNetwork_0/U0/NeuralNetwork_NNIO_s_axi_U/E[0]                                                                                                 |                                                                                                                                          |                3 |              9 |
|  design_1_i/processing_system7_0/inst/FCLK_CLK0 | design_1_i/NeuralNetwork_0/U0/grp_run_classification_fu_178/ap_NS_fsm[17]                                                                                     |                                                                                                                                          |                4 |             10 |
|  design_1_i/processing_system7_0/inst/FCLK_CLK0 | design_1_i/NeuralNetwork_0/U0/grp_run_classification_fu_178/ap_CS_fsm_state18                                                                                 |                                                                                                                                          |                2 |             10 |
|  design_1_i/processing_system7_0/inst/FCLK_CLK0 | design_1_i/NeuralNetwork_0/U0/grp_run_classification_fu_178/ap_CS_fsm_state5                                                                                  |                                                                                                                                          |                2 |             10 |
|  design_1_i/processing_system7_0/inst/FCLK_CLK0 | design_1_i/NeuralNetwork_0/U0/grp_run_classification_fu_178/ap_CS_fsm_state30                                                                                 |                                                                                                                                          |                3 |             10 |
|  design_1_i/processing_system7_0/inst/FCLK_CLK0 | design_1_i/NeuralNetwork_0/U0/grp_run_classification_fu_178/ap_NS_fsm[6]                                                                                      |                                                                                                                                          |                4 |             11 |
|  design_1_i/processing_system7_0/inst/FCLK_CLK0 | design_1_i/NeuralNetwork_0/U0/grp_run_classification_fu_178/ap_NS_fsm[28]                                                                                     |                                                                                                                                          |                3 |             11 |
|  design_1_i/processing_system7_0/inst/FCLK_CLK0 | design_1_i/NeuralNetwork_0/U0/we0                                                                                                                             | design_1_i/NeuralNetwork_0/U0/NeuralNetwork_NNIO_s_axi_U/i_i2_reg_156_reg[0][0]                                                          |                3 |             12 |
|  design_1_i/processing_system7_0/inst/FCLK_CLK0 | design_1_i/ps7_0_axi_periph/s00_couplers/auto_pc/inst/gen_axilite.gen_b2s_conv.axilite_b2s/WR.aw_channel_0/cmd_translator_0/incr_cmd_0/axaddr_incr[0]_i_1_n_0 |                                                                                                                                          |                3 |             12 |
|  design_1_i/processing_system7_0/inst/FCLK_CLK0 | design_1_i/ps7_0_axi_periph/s00_couplers/auto_pc/inst/gen_axilite.gen_b2s_conv.axilite_b2s/WR.aw_channel_0/aw_cmd_fsm_0/E[0]                                  |                                                                                                                                          |                3 |             12 |
|  design_1_i/processing_system7_0/inst/FCLK_CLK0 | design_1_i/NeuralNetwork_0/U0/ap_CS_fsm_state4                                                                                                                |                                                                                                                                          |                4 |             12 |
|  design_1_i/processing_system7_0/inst/FCLK_CLK0 | design_1_i/ps7_0_axi_periph/s00_couplers/auto_pc/inst/gen_axilite.gen_b2s_conv.axilite_b2s/RD.ar_channel_0/ar_cmd_fsm_0/E[0]                                  |                                                                                                                                          |                5 |             12 |
|  design_1_i/processing_system7_0/inst/FCLK_CLK0 | design_1_i/ps7_0_axi_periph/s00_couplers/auto_pc/inst/gen_axilite.gen_b2s_conv.axilite_b2s/RD.ar_channel_0/ar_cmd_fsm_0/axaddr_incr_reg[11]                   |                                                                                                                                          |                3 |             12 |
|  design_1_i/processing_system7_0/inst/FCLK_CLK0 | design_1_i/NeuralNetwork_0/U0/ap_NS_fsm[4]                                                                                                                    |                                                                                                                                          |                4 |             12 |
|  design_1_i/processing_system7_0/inst/FCLK_CLK0 | design_1_i/ps7_0_axi_periph/s00_couplers/auto_pc/inst/gen_axilite.gen_b2s_conv.axilite_b2s/RD.r_channel_0/r_push_r                                            |                                                                                                                                          |                4 |             13 |
|  design_1_i/processing_system7_0/inst/FCLK_CLK0 | design_1_i/NeuralNetwork_0/U0/grp_run_classification_fu_178/ap_CS_fsm_state6                                                                                  |                                                                                                                                          |                3 |             14 |
|  design_1_i/processing_system7_0/inst/FCLK_CLK0 | design_1_i/ps7_0_axi_periph/s00_couplers/auto_pc/inst/gen_axilite.gen_b2s_conv.axilite_b2s/SI_REG/b_pipe/skid_buffer_reg[0]_0                                 |                                                                                                                                          |                2 |             14 |
|  design_1_i/processing_system7_0/inst/FCLK_CLK0 | design_1_i/ps7_0_axi_periph/s00_couplers/auto_pc/inst/gen_axilite.gen_b2s_conv.axilite_b2s/SI_REG/b_pipe/p_1_in                                               |                                                                                                                                          |                3 |             14 |
|  design_1_i/processing_system7_0/inst/FCLK_CLK0 | design_1_i/NeuralNetwork_0/U0/NeuralNetwork_NNIO_s_axi_U/aw_hs                                                                                                |                                                                                                                                          |                4 |             14 |
|  design_1_i/processing_system7_0/inst/FCLK_CLK0 | design_1_i/ps7_0_axi_periph/s00_couplers/auto_pc/inst/gen_axilite.gen_b2s_conv.axilite_b2s/WR.aw_channel_0/aw_cmd_fsm_0/b_push                                |                                                                                                                                          |                3 |             16 |
|  design_1_i/processing_system7_0/inst/FCLK_CLK0 | design_1_i/ps7_0_axi_periph/s00_couplers/auto_pc/inst/gen_axilite.gen_b2s_conv.axilite_b2s/WR.aw_channel_0/aw_cmd_fsm_0/axaddr_wrap_reg[0]                    |                                                                                                                                          |                8 |             21 |
|  design_1_i/processing_system7_0/inst/FCLK_CLK0 | design_1_i/ps7_0_axi_periph/s00_couplers/auto_pc/inst/gen_axilite.gen_b2s_conv.axilite_b2s/RD.ar_channel_0/ar_cmd_fsm_0/axlen_cnt_reg[4][0]                   |                                                                                                                                          |                8 |             21 |
|  design_1_i/processing_system7_0/inst/FCLK_CLK0 | design_1_i/NeuralNetwork_0/U0/NeuralNetwork_NNIO_s_axi_U/rdata_data[31]_i_2_n_4                                                                               | design_1_i/NeuralNetwork_0/U0/NeuralNetwork_NNIO_s_axi_U/rdata_data[31]_i_1_n_4                                                          |                7 |             24 |
|  design_1_i/processing_system7_0/inst/FCLK_CLK0 | design_1_i/NeuralNetwork_0/U0/grp_run_classification_fu_178/reg_451[31]_i_1_n_4                                                                               |                                                                                                                                          |                5 |             32 |
|  design_1_i/processing_system7_0/inst/FCLK_CLK0 | design_1_i/NeuralNetwork_0/U0/grp_run_classification_fu_178/reg_446[31]_i_1_n_4                                                                               |                                                                                                                                          |                7 |             32 |
|  design_1_i/processing_system7_0/inst/FCLK_CLK0 | design_1_i/NeuralNetwork_0/U0/grp_run_classification_fu_178/ap_CS_fsm_state24                                                                                 |                                                                                                                                          |                8 |             32 |
|  design_1_i/processing_system7_0/inst/FCLK_CLK0 | design_1_i/NeuralNetwork_0/U0/grp_run_classification_fu_178/ap_CS_fsm_state22                                                                                 |                                                                                                                                          |                9 |             32 |
|  design_1_i/processing_system7_0/inst/FCLK_CLK0 | design_1_i/NeuralNetwork_0/U0/grp_run_classification_fu_178/ap_CS_fsm_state12                                                                                 |                                                                                                                                          |                8 |             32 |
|  design_1_i/processing_system7_0/inst/FCLK_CLK0 | design_1_i/NeuralNetwork_0/U0/grp_run_classification_fu_178/ap_CS_fsm_state8                                                                                  |                                                                                                                                          |                4 |             32 |
|  design_1_i/processing_system7_0/inst/FCLK_CLK0 | design_1_i/NeuralNetwork_0/U0/grp_run_classification_fu_178/max1_i_reg_408[31]_i_1_n_4                                                                        |                                                                                                                                          |               10 |             32 |
|  design_1_i/processing_system7_0/inst/FCLK_CLK0 | design_1_i/NeuralNetwork_0/U0/grp_run_classification_fu_178/result_layer2_output_U/run_classificatiodEe_ram_U/ce05_out                                        |                                                                                                                                          |               16 |             32 |
|  design_1_i/processing_system7_0/inst/FCLK_CLK0 | design_1_i/NeuralNetwork_0/U0/grp_run_classification_fu_178/result_layer2_output_U/run_classificatiodEe_ram_U/p_0_in                                          |                                                                                                                                          |                8 |             32 |
|  design_1_i/processing_system7_0/inst/FCLK_CLK0 | design_1_i/NeuralNetwork_0/U0/ram_reg_i_51_n_4                                                                                                                |                                                                                                                                          |                8 |             32 |
|  design_1_i/processing_system7_0/inst/FCLK_CLK0 | design_1_i/NeuralNetwork_0/U0/grp_run_classification_fu_178/ap_CS_fsm_state36                                                                                 |                                                                                                                                          |                8 |             32 |
|  design_1_i/processing_system7_0/inst/FCLK_CLK0 | design_1_i/NeuralNetwork_0/U0/grp_run_classification_fu_178/ap_CS_fsm_state10                                                                                 |                                                                                                                                          |                7 |             32 |
|  design_1_i/processing_system7_0/inst/FCLK_CLK0 | design_1_i/NeuralNetwork_0/U0/input_r_load_reg_1037_reg[31]_i_2_n_4                                                                                           |                                                                                                                                          |                4 |             32 |
|  design_1_i/processing_system7_0/inst/FCLK_CLK0 | design_1_i/NeuralNetwork_0/U0/grp_run_classification_fu_178/reg_4560                                                                                          |                                                                                                                                          |                6 |             32 |
|  design_1_i/processing_system7_0/inst/FCLK_CLK0 | design_1_i/NeuralNetwork_0/U0/grp_run_classification_fu_178/max_index_phi_fu_434_p41                                                                          |                                                                                                                                          |                7 |             32 |
|  design_1_i/processing_system7_0/inst/FCLK_CLK0 | design_1_i/NeuralNetwork_0/U0/rdata_data_reg[31]_i_4_n_4                                                                                                      |                                                                                                                                          |                6 |             32 |
|  design_1_i/processing_system7_0/inst/FCLK_CLK0 | design_1_i/NeuralNetwork_0/U0/rdata_data_reg[31]_i_8_n_4                                                                                                      |                                                                                                                                          |                8 |             32 |
|  design_1_i/processing_system7_0/inst/FCLK_CLK0 | design_1_i/NeuralNetwork_0/U0/grp_run_classification_fu_178/ap_CS_fsm_state34                                                                                 |                                                                                                                                          |               10 |             32 |
|  design_1_i/processing_system7_0/inst/FCLK_CLK0 | design_1_i/ps7_0_axi_periph/s00_couplers/auto_pc/inst/gen_axilite.gen_b2s_conv.axilite_b2s/RD.ar_channel_0/ar_cmd_fsm_0/m_payload_i_reg[0]_1[0]               |                                                                                                                                          |                8 |             34 |
|  design_1_i/processing_system7_0/inst/FCLK_CLK0 | design_1_i/ps7_0_axi_periph/s00_couplers/auto_pc/inst/gen_axilite.gen_b2s_conv.axilite_b2s/SI_REG/ar_pipe/s_axi_arready                                       |                                                                                                                                          |                7 |             34 |
|  design_1_i/processing_system7_0/inst/FCLK_CLK0 | design_1_i/ps7_0_axi_periph/s00_couplers/auto_pc/inst/gen_axilite.gen_b2s_conv.axilite_b2s/SI_REG/aw_pipe/s_axi_awready                                       |                                                                                                                                          |                8 |             34 |
|  design_1_i/processing_system7_0/inst/FCLK_CLK0 | design_1_i/ps7_0_axi_periph/s00_couplers/auto_pc/inst/gen_axilite.gen_b2s_conv.axilite_b2s/RD.r_channel_0/rd_data_fifo_0/wr_en0                               |                                                                                                                                          |                9 |             34 |
|  design_1_i/processing_system7_0/inst/FCLK_CLK0 | design_1_i/ps7_0_axi_periph/s00_couplers/auto_pc/inst/gen_axilite.gen_b2s_conv.axilite_b2s/WR.aw_channel_0/aw_cmd_fsm_0/m_payload_i_reg[0][0]                 |                                                                                                                                          |                9 |             34 |
|  design_1_i/processing_system7_0/inst/FCLK_CLK0 | design_1_i/ps7_0_axi_periph/s00_couplers/auto_pc/inst/gen_axilite.gen_b2s_conv.axilite_b2s/SI_REG/r_pipe/p_1_in                                               |                                                                                                                                          |               10 |             47 |
|  design_1_i/processing_system7_0/inst/FCLK_CLK0 | design_1_i/ps7_0_axi_periph/s00_couplers/auto_pc/inst/gen_axilite.gen_b2s_conv.axilite_b2s/SI_REG/r_pipe/skid_buffer_reg[0]_0                                 |                                                                                                                                          |               10 |             47 |
|  design_1_i/processing_system7_0/inst/FCLK_CLK0 |                                                                                                                                                               | design_1_i/ps7_0_axi_periph/s00_couplers/auto_pc/inst/gen_axilite.gen_b2s_conv.axilite_b2s/areset_d1                                     |               14 |             56 |
|  design_1_i/processing_system7_0/inst/FCLK_CLK0 |                                                                                                                                                               | design_1_i/NeuralNetwork_0/U0/grp_run_classification_fu_178/SR[0]                                                                        |               38 |             64 |
|  design_1_i/processing_system7_0/inst/FCLK_CLK0 |                                                                                                                                                               |                                                                                                                                          |               52 |            168 |
+-------------------------------------------------+---------------------------------------------------------------------------------------------------------------------------------------------------------------+------------------------------------------------------------------------------------------------------------------------------------------+------------------+----------------+


+--------+-----------------------+
| Fanout | Number of ControlSets |
+--------+-----------------------+
| 2      |                     1 |
| 4      |                    12 |
| 5      |                    13 |
| 6      |                     5 |
| 7      |                     1 |
| 8      |                    12 |
| 9      |                     1 |
| 10     |                     4 |
| 11     |                     2 |
| 12     |                     7 |
| 13     |                     1 |
| 14     |                     4 |
| 16+    |                    32 |
+--------+-----------------------+


